../Drivers/CMSIS/Include/core_cm4.h:1688:22:__NVIC_EnableIRQ	16	static
../Drivers/CMSIS/Include/core_cm4.h:1724:22:__NVIC_DisableIRQ	16	static,ignoring_inline_asm
../Drivers/CMSIS/Include/core_cm4.h:1777:22:__NVIC_ClearPendingIRQ	16	static
../Drivers/CMSIS/Include/core_cm4.h:1816:22:__NVIC_SetPriority	16	static
../Core/Src/main.c:501:5:main	4032	static
../Core/Src/main.c:1005:6:TIM8_UP_TIM13_IRQHandler	8	static
../Core/Src/main.c:1142:6:calculate_interpolation7	56	static
../Core/Src/main.c:1171:6:calculate_interpolation1	56	static
../Core/Src/main.c:1194:6:RCC_Configuration	4	static
../Core/Src/main.c:1274:6:SystemClock_Config	4	static
../Core/Src/main.c:1284:6:DWT_Init	4	static
../Core/Src/main.c:1295:6:DWT_us_Delay	24	static
../Core/Src/main.c:1301:6:DWT_ms_Delay	24	static
../Core/Src/main.c:1309:6:UsbPutString	24	static
../Core/Src/main.c:1326:6:Timer5_PWM_dir_Init	4	static
../Core/Src/main.c:1456:6:Timer2_Encoder_Init	4	static
../Core/Src/main.c:1593:6:Timer3_Encoder_Init	4	static
../Core/Src/main.c:1653:6:Timer4_Encoder_Init	4	static
../Core/Src/main.c:1703:6:Timer8_Interrupt_Init	8	static
../Core/Src/main.c:1744:6:Timer1_MT_Interrupt_Init	8	static
../Core/Src/main.c:1786:6:TIM1_CC_IRQHandler	16	static
../Core/Src/main.c:1826:6:Timer5_UPCounter_Init	4	static
../Core/Src/main.c:1835:6:Timer7_UPCounter_Init	4	static
../Core/Src/main.c:1849:6:Timer9_Interrupt_Init	8	static
../Core/Src/main.c:1879:6:TIM1_BRK_TIM9_IRQHandler	4	static
../Core/Src/main.c:1907:6:Timer6_InterruptTest	8	static
../Core/Src/main.c:1944:6:TIM6_DAC_IRQHandler	4	static
../Core/Src/main.c:1967:6:LED_SW_Init	4	static
../Core/Src/main.c:1986:6:con_PI1_Init	4	static
../Core/Src/main.c:2004:6:con_PI_calc	16	static
../Core/Src/main.c:2019:7:modulo	16	static
../Core/Src/main.c:2029:6:SPI1_Init	4	static
../Core/Src/main.c:2061:9:SPI1_Transfer	16	static
../Core/Src/main.c:2067:6:SD_Init	40	static
../Core/Src/main.c:2220:6:SD_command	24	static
../Core/Src/main.c:2244:6:SD_read_sector	32	static
../Core/Src/main.c:2270:6:FAT32_Init	40	static
../Core/Src/main.c:2342:9:fatGetDirEntry	40	static
../Core/Src/main.c:2402:10:fatDir	24	static
../Core/Src/main.c:2422:10:fatNextCluster	552	static
../Core/Src/main.c:2454:10:fatClustToSect	16	static
../Core/Src/main.c:2466:9:Get_long_filename	40	static
../Core/Src/main.c:2531:6:Save_short_filename	16	static
../Core/Src/main.c:2568:6:Save_long_filename	544	static
../Core/Src/main.c:2610:6:Filename_arrange	16	static
../Core/Src/main.c:2644:6:UTF16CharToUTF8	16	static
../Core/Src/main.c:2682:6:USART3_Init	8	static
../Core/Src/main.c:2737:6:TX3_Char	16	static
../Core/Src/main.c:2743:6:TX3_PutString	16	static
../Core/Src/main.c:2751:6:Get_EPnK_param	536	static
../Core/Src/main.c:2770:6:Get_Transition_param	616	dynamic
../Core/Src/main.c:2865:6:Error_Handler	4	static
