../Drivers/CMSIS/Include/core_cm4.h:1688:22:__NVIC_EnableIRQ	16	static
../Drivers/CMSIS/Include/core_cm4.h:1724:22:__NVIC_DisableIRQ	16	static,ignoring_inline_asm
../Drivers/CMSIS/Include/core_cm4.h:1777:22:__NVIC_ClearPendingIRQ	16	static
../Drivers/CMSIS/Include/core_cm4.h:1816:22:__NVIC_SetPriority	16	static
../Core/Src/main.c:516:5:main	4112	static
../Core/Src/main.c:1018:6:TIM6_DAC_IRQHandler	24	static
../Core/Src/main.c:1157:6:calculate_interpolation7	56	static
../Core/Src/main.c:1186:6:calculate_interpolation1	56	static
../Core/Src/main.c:1209:6:RCC_Configuration	4	static
../Core/Src/main.c:1289:6:SystemClock_Config	4	static
../Core/Src/main.c:1299:6:DWT_Init	4	static
../Core/Src/main.c:1310:6:DWT_us_Delay	24	static
../Core/Src/main.c:1316:6:DWT_ms_Delay	24	static
../Core/Src/main.c:1324:6:UsbPutString	24	static
../Core/Src/main.c:1342:6:Timer8_PWM_dir_Init	4	static
../Core/Src/main.c:1490:6:Timer2_Encoder_Init	4	static
../Core/Src/main.c:1627:6:Timer3_Encoder_Init	4	static
../Core/Src/main.c:1687:6:Timer4_Encoder_Init	4	static
../Core/Src/main.c:1732:6:Timer6_Interrupt_Init	8	static
../Core/Src/main.c:1776:6:Timer1_MT_Interrupt_Init	8	static
../Core/Src/main.c:1810:6:TIM1_CC_IRQHandler	16	static
../Core/Src/main.c:1852:6:Timer12_MT_Interrupt_Init	8	static
../Core/Src/main.c:1887:6:TIM8_BRK_TIM12_IRQHandler	16	static
../Core/Src/main.c:1925:6:Timer5_UPCounter_Init	4	static
../Core/Src/main.c:1939:6:Timer9_Interrupt_Init	8	static
../Core/Src/main.c:1961:6:TIM1_BRK_TIM9_IRQHandler	4	static
../Core/Src/main.c:1987:6:Timer11_Interrupt_Init	8	static
../Core/Src/main.c:2008:6:TIM1_TRG_COM_TIM11_IRQHandler	4	static
../Core/Src/main.c:2031:6:PIO_Configure_Init	4	static
../Core/Src/main.c:2050:6:LED_SW_Init	4	static
../Core/Src/main.c:2069:6:con_PI1_Init	4	static
../Core/Src/main.c:2087:6:con_PI_calc	16	static
../Core/Src/main.c:2102:7:modulo	16	static
../Core/Src/main.c:2112:6:SPI1_Init	4	static
../Core/Src/main.c:2144:9:SPI1_Transfer	16	static
../Core/Src/main.c:2150:6:SD_Init	40	static
../Core/Src/main.c:2303:6:SD_command	24	static
../Core/Src/main.c:2327:6:SD_read_sector	32	static
../Core/Src/main.c:2353:6:FAT32_Init	40	static
../Core/Src/main.c:2425:9:fatGetDirEntry	40	static
../Core/Src/main.c:2485:10:fatDir	24	static
../Core/Src/main.c:2505:10:fatNextCluster	552	static
../Core/Src/main.c:2537:10:fatClustToSect	16	static
../Core/Src/main.c:2549:9:Get_long_filename	40	static
../Core/Src/main.c:2614:6:Save_short_filename	16	static
../Core/Src/main.c:2651:6:Save_long_filename	544	static
../Core/Src/main.c:2693:6:Filename_arrange	16	static
../Core/Src/main.c:2727:6:UTF16CharToUTF8	16	static
../Core/Src/main.c:2765:6:USART3_Init	8	static
../Core/Src/main.c:2820:6:TX3_Char	16	static
../Core/Src/main.c:2826:6:TX3_PutString	16	static
../Core/Src/main.c:2834:6:Get_EPnK_param	536	static
../Core/Src/main.c:2853:6:Get_Transition_param	616	dynamic
../Core/Src/main.c:2948:6:Error_Handler	4	static
