../Drivers/CMSIS/Include/core_cm4.h:1688:22:__NVIC_EnableIRQ	16	static
../Drivers/CMSIS/Include/core_cm4.h:1724:22:__NVIC_DisableIRQ	16	static,ignoring_inline_asm
../Drivers/CMSIS/Include/core_cm4.h:1777:22:__NVIC_ClearPendingIRQ	16	static
../Drivers/CMSIS/Include/core_cm4.h:1816:22:__NVIC_SetPriority	16	static
../Core/Src/main.c:504:5:main	4120	static
../Core/Src/main.c:999:6:TIM6_DAC_IRQHandler	24	static
../Core/Src/main.c:1137:6:calculate_interpolation7	56	static
../Core/Src/main.c:1166:6:calculate_interpolation1	56	static
../Core/Src/main.c:1189:6:RCC_Configuration	4	static
../Core/Src/main.c:1269:6:SystemClock_Config	4	static
../Core/Src/main.c:1279:6:DWT_Init	4	static
../Core/Src/main.c:1290:6:DWT_us_Delay	24	static
../Core/Src/main.c:1296:6:DWT_ms_Delay	24	static
../Core/Src/main.c:1304:6:UsbPutString	24	static
../Core/Src/main.c:1322:6:Timer8_PWM_dir_Init	4	static
../Core/Src/main.c:1470:6:Timer2_Encoder_Init	4	static
../Core/Src/main.c:1607:6:Timer3_Encoder_Init	4	static
../Core/Src/main.c:1667:6:Timer4_Encoder_Init	4	static
../Core/Src/main.c:1712:6:Timer6_Interrupt_Init	8	static
../Core/Src/main.c:1756:6:Timer1_MT_Interrupt_Init	8	static
../Core/Src/main.c:1791:6:TIM1_CC_IRQHandler	16	static
../Core/Src/main.c:1829:6:Timer5_UPCounter_Init	4	static
../Core/Src/main.c:1852:6:Timer9_Interrupt_Init	8	static
../Core/Src/main.c:1874:6:TIM1_BRK_TIM9_IRQHandler	4	static
../Core/Src/main.c:1897:6:PIO_Configure_Init	4	static
../Core/Src/main.c:1916:6:LED_SW_Init	4	static
../Core/Src/main.c:1935:6:con_PI1_Init	4	static
../Core/Src/main.c:1953:6:con_PI_calc	16	static
../Core/Src/main.c:1968:7:modulo	16	static
../Core/Src/main.c:1978:6:SPI1_Init	4	static
../Core/Src/main.c:2010:9:SPI1_Transfer	16	static
../Core/Src/main.c:2016:6:SD_Init	40	static
../Core/Src/main.c:2169:6:SD_command	24	static
../Core/Src/main.c:2193:6:SD_read_sector	32	static
../Core/Src/main.c:2219:6:FAT32_Init	40	static
../Core/Src/main.c:2291:9:fatGetDirEntry	40	static
../Core/Src/main.c:2351:10:fatDir	24	static
../Core/Src/main.c:2371:10:fatNextCluster	552	static
../Core/Src/main.c:2403:10:fatClustToSect	16	static
../Core/Src/main.c:2415:9:Get_long_filename	40	static
../Core/Src/main.c:2480:6:Save_short_filename	16	static
../Core/Src/main.c:2517:6:Save_long_filename	544	static
../Core/Src/main.c:2559:6:Filename_arrange	16	static
../Core/Src/main.c:2593:6:UTF16CharToUTF8	16	static
../Core/Src/main.c:2631:6:USART3_Init	8	static
../Core/Src/main.c:2686:6:TX3_Char	16	static
../Core/Src/main.c:2692:6:TX3_PutString	16	static
../Core/Src/main.c:2700:6:Get_EPnK_param	536	static
../Core/Src/main.c:2719:6:Get_Transition_param	616	dynamic
../Core/Src/main.c:2814:6:Error_Handler	4	static
