../Drivers/CMSIS/Include/core_cm4.h:1688:22:__NVIC_EnableIRQ	16	static
../Drivers/CMSIS/Include/core_cm4.h:1724:22:__NVIC_DisableIRQ	16	static,ignoring_inline_asm
../Drivers/CMSIS/Include/core_cm4.h:1777:22:__NVIC_ClearPendingIRQ	16	static
../Drivers/CMSIS/Include/core_cm4.h:1816:22:__NVIC_SetPriority	16	static
../Core/Src/main.c:503:5:main	4032	static
../Core/Src/main.c:1002:6:TIM6_DAC_IRQHandler	8	static
../Core/Src/main.c:1139:6:calculate_interpolation7	56	static
../Core/Src/main.c:1168:6:calculate_interpolation1	56	static
../Core/Src/main.c:1191:6:RCC_Configuration	4	static
../Core/Src/main.c:1271:6:SystemClock_Config	4	static
../Core/Src/main.c:1281:6:DWT_Init	4	static
../Core/Src/main.c:1292:6:DWT_us_Delay	24	static
../Core/Src/main.c:1298:6:DWT_ms_Delay	24	static
../Core/Src/main.c:1306:6:UsbPutString	24	static
../Core/Src/main.c:1324:6:Timer8_PWM_dir_Init	4	static
../Core/Src/main.c:1469:6:Timer2_Encoder_Init	4	static
../Core/Src/main.c:1606:6:Timer3_Encoder_Init	4	static
../Core/Src/main.c:1666:6:Timer4_Encoder_Init	4	static
../Core/Src/main.c:1711:6:Timer6_Interrupt_Init	8	static
../Core/Src/main.c:1755:6:Timer1_MT_Interrupt_Init	8	static
../Core/Src/main.c:1790:6:TIM1_CC_IRQHandler	16	static
../Core/Src/main.c:1828:6:Timer5_UPCounter_Init	4	static
../Core/Src/main.c:1851:6:Timer9_Interrupt_Init	8	static
../Core/Src/main.c:1873:6:TIM1_BRK_TIM9_IRQHandler	4	static
../Core/Src/main.c:1896:6:PIO_Configure_Init	4	static
../Core/Src/main.c:1915:6:LED_SW_Init	4	static
../Core/Src/main.c:1934:6:con_PI1_Init	4	static
../Core/Src/main.c:1952:6:con_PI_calc	16	static
../Core/Src/main.c:1967:7:modulo	16	static
../Core/Src/main.c:1977:6:SPI1_Init	4	static
../Core/Src/main.c:2009:9:SPI1_Transfer	16	static
../Core/Src/main.c:2015:6:SD_Init	40	static
../Core/Src/main.c:2168:6:SD_command	24	static
../Core/Src/main.c:2192:6:SD_read_sector	32	static
../Core/Src/main.c:2218:6:FAT32_Init	40	static
../Core/Src/main.c:2290:9:fatGetDirEntry	40	static
../Core/Src/main.c:2350:10:fatDir	24	static
../Core/Src/main.c:2370:10:fatNextCluster	552	static
../Core/Src/main.c:2402:10:fatClustToSect	16	static
../Core/Src/main.c:2414:9:Get_long_filename	40	static
../Core/Src/main.c:2479:6:Save_short_filename	16	static
../Core/Src/main.c:2516:6:Save_long_filename	544	static
../Core/Src/main.c:2558:6:Filename_arrange	16	static
../Core/Src/main.c:2592:6:UTF16CharToUTF8	16	static
../Core/Src/main.c:2630:6:USART3_Init	8	static
../Core/Src/main.c:2685:6:TX3_Char	16	static
../Core/Src/main.c:2691:6:TX3_PutString	16	static
../Core/Src/main.c:2699:6:Get_EPnK_param	536	static
../Core/Src/main.c:2718:6:Get_Transition_param	616	dynamic
../Core/Src/main.c:2813:6:Error_Handler	4	static
