../Drivers/CMSIS/Include/core_cm4.h:1688:22:__NVIC_EnableIRQ	16	static
../Drivers/CMSIS/Include/core_cm4.h:1724:22:__NVIC_DisableIRQ	16	static,ignoring_inline_asm
../Drivers/CMSIS/Include/core_cm4.h:1777:22:__NVIC_ClearPendingIRQ	16	static
../Drivers/CMSIS/Include/core_cm4.h:1816:22:__NVIC_SetPriority	16	static
../Core/Src/main.c:502:5:main	4032	static
../Core/Src/main.c:1009:6:TIM6_DAC_IRQHandler	8	static
../Core/Src/main.c:1158:6:calculate_interpolation7	56	static
../Core/Src/main.c:1187:6:calculate_interpolation1	56	static
../Core/Src/main.c:1210:6:RCC_Configuration	4	static
../Core/Src/main.c:1290:6:SystemClock_Config	4	static
../Core/Src/main.c:1300:6:DWT_Init	4	static
../Core/Src/main.c:1311:6:DWT_us_Delay	24	static
../Core/Src/main.c:1317:6:DWT_ms_Delay	24	static
../Core/Src/main.c:1325:6:UsbPutString	24	static
../Core/Src/main.c:1343:6:Timer8_PWM_dir_Init	4	static
../Core/Src/main.c:1488:6:Timer2_Encoder_Init	4	static
../Core/Src/main.c:1625:6:Timer3_Encoder_Init	4	static
../Core/Src/main.c:1685:6:Timer4_Encoder_Init	4	static
../Core/Src/main.c:1735:6:Timer6_Interrupt_Init	8	static
../Core/Src/main.c:1769:6:Timer8_Interrupt_Init	8	static
../Core/Src/main.c:1810:6:Timer1_MT_Interrupt_Init	8	static
../Core/Src/main.c:1852:6:TIM1_CC_IRQHandler	16	static
../Core/Src/main.c:1895:6:Timer5_UPCounter_Init	4	static
../Core/Src/main.c:1904:6:Timer7_UPCounter_Init	4	static
../Core/Src/main.c:1918:6:Timer9_Interrupt_Init	8	static
../Core/Src/main.c:1948:6:TIM1_BRK_TIM9_IRQHandler	4	static
../Core/Src/main.c:1973:6:LED_SW_Init	4	static
../Core/Src/main.c:1992:6:con_PI1_Init	4	static
../Core/Src/main.c:2010:6:con_PI_calc	16	static
../Core/Src/main.c:2025:7:modulo	16	static
../Core/Src/main.c:2035:6:SPI1_Init	4	static
../Core/Src/main.c:2067:9:SPI1_Transfer	16	static
../Core/Src/main.c:2073:6:SD_Init	40	static
../Core/Src/main.c:2226:6:SD_command	24	static
../Core/Src/main.c:2250:6:SD_read_sector	32	static
../Core/Src/main.c:2276:6:FAT32_Init	40	static
../Core/Src/main.c:2348:9:fatGetDirEntry	40	static
../Core/Src/main.c:2408:10:fatDir	24	static
../Core/Src/main.c:2428:10:fatNextCluster	552	static
../Core/Src/main.c:2460:10:fatClustToSect	16	static
../Core/Src/main.c:2472:9:Get_long_filename	40	static
../Core/Src/main.c:2537:6:Save_short_filename	16	static
../Core/Src/main.c:2574:6:Save_long_filename	544	static
../Core/Src/main.c:2616:6:Filename_arrange	16	static
../Core/Src/main.c:2650:6:UTF16CharToUTF8	16	static
../Core/Src/main.c:2688:6:USART3_Init	8	static
../Core/Src/main.c:2743:6:TX3_Char	16	static
../Core/Src/main.c:2749:6:TX3_PutString	16	static
../Core/Src/main.c:2757:6:Get_EPnK_param	536	static
../Core/Src/main.c:2776:6:Get_Transition_param	616	dynamic
../Core/Src/main.c:2871:6:Error_Handler	4	static
