../Drivers/CMSIS/Include/core_cm4.h:1688:22:__NVIC_EnableIRQ	16	static
../Drivers/CMSIS/Include/core_cm4.h:1724:22:__NVIC_DisableIRQ	16	static,ignoring_inline_asm
../Drivers/CMSIS/Include/core_cm4.h:1777:22:__NVIC_ClearPendingIRQ	16	static
../Drivers/CMSIS/Include/core_cm4.h:1816:22:__NVIC_SetPriority	16	static
../Core/Src/main.c:519:5:main	4120	static
../Core/Src/main.c:1023:6:TIM6_DAC_IRQHandler	24	static
../Core/Src/main.c:1166:6:calculate_interpolation7	56	static
../Core/Src/main.c:1195:6:calculate_interpolation1	56	static
../Core/Src/main.c:1218:6:RCC_Configuration	4	static
../Core/Src/main.c:1298:6:SystemClock_Config	4	static
../Core/Src/main.c:1308:6:DWT_Init	4	static
../Core/Src/main.c:1319:6:DWT_us_Delay	24	static
../Core/Src/main.c:1325:6:DWT_ms_Delay	24	static
../Core/Src/main.c:1333:6:UsbPutString	24	static
../Core/Src/main.c:1351:6:Timer8_PWM_dir_Init	4	static
../Core/Src/main.c:1499:6:Timer2_Encoder_Init	4	static
../Core/Src/main.c:1636:6:Timer3_Encoder_Init	4	static
../Core/Src/main.c:1696:6:Timer4_Encoder_Init	4	static
../Core/Src/main.c:1741:6:Timer6_Interrupt_Init	8	static
../Core/Src/main.c:1785:6:Timer1_MT_Interrupt_Init	8	static
../Core/Src/main.c:1819:6:TIM1_CC_IRQHandler	16	static
../Core/Src/main.c:1861:6:Timer12_MT_Interrupt_Init	8	static
../Core/Src/main.c:1896:6:TIM8_BRK_TIM12_IRQHandler	16	static
../Core/Src/main.c:1934:6:Timer5_UPCounter_Init	4	static
../Core/Src/main.c:1948:6:Timer9_Interrupt_Init	8	static
../Core/Src/main.c:1970:6:TIM1_BRK_TIM9_IRQHandler	4	static
../Core/Src/main.c:1996:6:Timer11_Interrupt_Init	8	static
../Core/Src/main.c:2017:6:TIM1_TRG_COM_TIM11_IRQHandler	4	static
../Core/Src/main.c:2040:6:PIO_Configure_Init	4	static
../Core/Src/main.c:2059:6:LED_SW_Init	4	static
../Core/Src/main.c:2078:6:con_PI1_Init	4	static
../Core/Src/main.c:2096:6:con_PI_calc	16	static
../Core/Src/main.c:2111:7:modulo	16	static
../Core/Src/main.c:2121:6:SPI1_Init	4	static
../Core/Src/main.c:2153:9:SPI1_Transfer	16	static
../Core/Src/main.c:2159:6:SD_Init	40	static
../Core/Src/main.c:2312:6:SD_command	24	static
../Core/Src/main.c:2336:6:SD_read_sector	32	static
../Core/Src/main.c:2362:6:FAT32_Init	40	static
../Core/Src/main.c:2434:9:fatGetDirEntry	40	static
../Core/Src/main.c:2494:10:fatDir	24	static
../Core/Src/main.c:2514:10:fatNextCluster	552	static
../Core/Src/main.c:2546:10:fatClustToSect	16	static
../Core/Src/main.c:2558:9:Get_long_filename	40	static
../Core/Src/main.c:2623:6:Save_short_filename	16	static
../Core/Src/main.c:2660:6:Save_long_filename	544	static
../Core/Src/main.c:2702:6:Filename_arrange	16	static
../Core/Src/main.c:2736:6:UTF16CharToUTF8	16	static
../Core/Src/main.c:2774:6:USART3_Init	8	static
../Core/Src/main.c:2829:6:TX3_Char	16	static
../Core/Src/main.c:2835:6:TX3_PutString	16	static
../Core/Src/main.c:2843:6:Get_EPnK_param	536	static
../Core/Src/main.c:2862:6:Get_Transition_param	616	dynamic
../Core/Src/main.c:2957:6:Error_Handler	4	static
