Archive member included to satisfy reference by file (symbol)

C:/ST/STM32CubeIDE_1.12.1/STM32CubeIDE/plugins/com.st.stm32cube.ide.mcu.externaltools.gnu-tools-for-stm32.11.3.rel1.win32_1.1.100.202309141235/tools/bin/../lib/gcc/arm-none-eabi/11.3.1/../../../../arm-none-eabi/lib/thumb/v7e-m+fp/hard\libc_nano.a(libc_a-exit.o)
                              C:/ST/STM32CubeIDE_1.12.1/STM32CubeIDE/plugins/com.st.stm32cube.ide.mcu.externaltools.gnu-tools-for-stm32.11.3.rel1.win32_1.1.100.202309141235/tools/bin/../lib/gcc/arm-none-eabi/11.3.1/../../../../arm-none-eabi/lib/thumb/v7e-m+fp/hard/crt0.o (exit)
C:/ST/STM32CubeIDE_1.12.1/STM32CubeIDE/plugins/com.st.stm32cube.ide.mcu.externaltools.gnu-tools-for-stm32.11.3.rel1.win32_1.1.100.202309141235/tools/bin/../lib/gcc/arm-none-eabi/11.3.1/../../../../arm-none-eabi/lib/thumb/v7e-m+fp/hard\libc_nano.a(libc_a-malloc.o)
                              ./Core/Src/usbd_cdc.o (malloc)
C:/ST/STM32CubeIDE_1.12.1/STM32CubeIDE/plugins/com.st.stm32cube.ide.mcu.externaltools.gnu-tools-for-stm32.11.3.rel1.win32_1.1.100.202309141235/tools/bin/../lib/gcc/arm-none-eabi/11.3.1/../../../../arm-none-eabi/lib/thumb/v7e-m+fp/hard\libc_nano.a(libc_a-mallocr.o)
                              C:/ST/STM32CubeIDE_1.12.1/STM32CubeIDE/plugins/com.st.stm32cube.ide.mcu.externaltools.gnu-tools-for-stm32.11.3.rel1.win32_1.1.100.202309141235/tools/bin/../lib/gcc/arm-none-eabi/11.3.1/../../../../arm-none-eabi/lib/thumb/v7e-m+fp/hard\libc_nano.a(libc_a-malloc.o) (_malloc_r)
C:/ST/STM32CubeIDE_1.12.1/STM32CubeIDE/plugins/com.st.stm32cube.ide.mcu.externaltools.gnu-tools-for-stm32.11.3.rel1.win32_1.1.100.202309141235/tools/bin/../lib/gcc/arm-none-eabi/11.3.1/../../../../arm-none-eabi/lib/thumb/v7e-m+fp/hard\libc_nano.a(libc_a-mlock.o)
                              C:/ST/STM32CubeIDE_1.12.1/STM32CubeIDE/plugins/com.st.stm32cube.ide.mcu.externaltools.gnu-tools-for-stm32.11.3.rel1.win32_1.1.100.202309141235/tools/bin/../lib/gcc/arm-none-eabi/11.3.1/../../../../arm-none-eabi/lib/thumb/v7e-m+fp/hard\libc_nano.a(libc_a-mallocr.o) (__malloc_lock)
C:/ST/STM32CubeIDE_1.12.1/STM32CubeIDE/plugins/com.st.stm32cube.ide.mcu.externaltools.gnu-tools-for-stm32.11.3.rel1.win32_1.1.100.202309141235/tools/bin/../lib/gcc/arm-none-eabi/11.3.1/../../../../arm-none-eabi/lib/thumb/v7e-m+fp/hard\libc_nano.a(libc_a-nano-vfprintf_float.o)
                              (_printf_float)
C:/ST/STM32CubeIDE_1.12.1/STM32CubeIDE/plugins/com.st.stm32cube.ide.mcu.externaltools.gnu-tools-for-stm32.11.3.rel1.win32_1.1.100.202309141235/tools/bin/../lib/gcc/arm-none-eabi/11.3.1/../../../../arm-none-eabi/lib/thumb/v7e-m+fp/hard\libc_nano.a(libc_a-nano-vfprintf_i.o)
                              C:/ST/STM32CubeIDE_1.12.1/STM32CubeIDE/plugins/com.st.stm32cube.ide.mcu.externaltools.gnu-tools-for-stm32.11.3.rel1.win32_1.1.100.202309141235/tools/bin/../lib/gcc/arm-none-eabi/11.3.1/../../../../arm-none-eabi/lib/thumb/v7e-m+fp/hard\libc_nano.a(libc_a-nano-vfprintf_float.o) (_printf_common)
C:/ST/STM32CubeIDE_1.12.1/STM32CubeIDE/plugins/com.st.stm32cube.ide.mcu.externaltools.gnu-tools-for-stm32.11.3.rel1.win32_1.1.100.202309141235/tools/bin/../lib/gcc/arm-none-eabi/11.3.1/../../../../arm-none-eabi/lib/thumb/v7e-m+fp/hard\libc_nano.a(libc_a-findfp.o)
                              C:/ST/STM32CubeIDE_1.12.1/STM32CubeIDE/plugins/com.st.stm32cube.ide.mcu.externaltools.gnu-tools-for-stm32.11.3.rel1.win32_1.1.100.202309141235/tools/bin/../lib/gcc/arm-none-eabi/11.3.1/../../../../arm-none-eabi/lib/thumb/v7e-m+fp/hard\libc_nano.a(libc_a-exit.o) (__stdio_exit_handler)
C:/ST/STM32CubeIDE_1.12.1/STM32CubeIDE/plugins/com.st.stm32cube.ide.mcu.externaltools.gnu-tools-for-stm32.11.3.rel1.win32_1.1.100.202309141235/tools/bin/../lib/gcc/arm-none-eabi/11.3.1/../../../../arm-none-eabi/lib/thumb/v7e-m+fp/hard\libc_nano.a(libc_a-fwalk.o)
                              C:/ST/STM32CubeIDE_1.12.1/STM32CubeIDE/plugins/com.st.stm32cube.ide.mcu.externaltools.gnu-tools-for-stm32.11.3.rel1.win32_1.1.100.202309141235/tools/bin/../lib/gcc/arm-none-eabi/11.3.1/../../../../arm-none-eabi/lib/thumb/v7e-m+fp/hard\libc_nano.a(libc_a-findfp.o) (_fwalk_sglue)
C:/ST/STM32CubeIDE_1.12.1/STM32CubeIDE/plugins/com.st.stm32cube.ide.mcu.externaltools.gnu-tools-for-stm32.11.3.rel1.win32_1.1.100.202309141235/tools/bin/../lib/gcc/arm-none-eabi/11.3.1/../../../../arm-none-eabi/lib/thumb/v7e-m+fp/hard\libc_nano.a(libc_a-stdio.o)
                              C:/ST/STM32CubeIDE_1.12.1/STM32CubeIDE/plugins/com.st.stm32cube.ide.mcu.externaltools.gnu-tools-for-stm32.11.3.rel1.win32_1.1.100.202309141235/tools/bin/../lib/gcc/arm-none-eabi/11.3.1/../../../../arm-none-eabi/lib/thumb/v7e-m+fp/hard\libc_nano.a(libc_a-findfp.o) (__sread)
C:/ST/STM32CubeIDE_1.12.1/STM32CubeIDE/plugins/com.st.stm32cube.ide.mcu.externaltools.gnu-tools-for-stm32.11.3.rel1.win32_1.1.100.202309141235/tools/bin/../lib/gcc/arm-none-eabi/11.3.1/../../../../arm-none-eabi/lib/thumb/v7e-m+fp/hard\libc_nano.a(libc_a-memset.o)
[...]
Memory Configuration

Name             Origin             Length             Attributes
CCMRAM           0x0000000010000000 0x0000000000010000 xrw
RAM              0x0000000020000000 0x0000000000020000 xrw
FLASH            0x0000000008000000 0x0000000000080000 xr
*default*        0x0000000000000000 0xffffffffffffffff

Linker script and memory map

LOAD C:/ST/STM32CubeIDE_1.12.1/STM32CubeIDE/plugins/com.st.stm32cube.ide.mcu.externaltools.gnu-tools-for-stm32.11.3.rel1.win32_1.1.100.202309141235/tools/bin/../lib/gcc/arm-none-eabi/11.3.1/thumb/v7e-m+fp/hard/crti.o
LOAD C:/ST/STM32CubeIDE_1.12.1/STM32CubeIDE/plugins/com.st.stm32cube.ide.mcu.externaltools.gnu-tools-for-stm32.11.3.rel1.win32_1.1.100.202309141235/tools/bin/../lib/gcc/arm-none-eabi/11.3.1/thumb/v7e-m+fp/hard/crtbegin.o
LOAD C:/ST/STM32CubeIDE_1.12.1/STM32CubeIDE/plugins/com.st.stm32cube.ide.mcu.externaltools.gnu-tools-for-stm32.11.3.rel1.win32_1.1.100.202309141235/tools/bin/../lib/gcc/arm-none-eabi/11.3.1/../../../../arm-none-eabi/lib/thumb/v7e-m+fp/hard/crt0.o
LOAD ./Core/Src/main.o
LOAD ./Core/Src/monitor.o
LOAD ./Core/Src/stm32f4xx_hal_pcd.o
LOAD ./Core/Src/stm32f4xx_hal_pcd_ex.o
LOAD ./Core/Src/stm32f4xx_it.o
LOAD ./Core/Src/stm32f4xx_ll_usb.o
LOAD ./Core/Src/syscalls.o
LOAD ./Core/Src/sysmem.o
LOAD ./Core/Src/system_stm32f4xx.o
LOAD ./Core/Src/usb_device.o
LOAD ./Core/Src/usbd_cdc.o
LOAD ./Core/Src/usbd_cdc_if.o
LOAD ./Core/Src/usbd_conf.o
LOAD ./Core/Src/usbd_core.o
LOAD ./Core/Src/usbd_ctlreq.o
LOAD ./Core/Src/usbd_desc.o
LOAD ./Core/Src/usbd_ioreq.o
LOAD ./Core/Startup/startup_stm32f407vetx.o
LOAD C:\Users\ECL06\git\ECL\DIP\Drivers\CMSIS\Lib\GCC\libarm_cortexM4lf_math.a
START GROUP
LOAD C:/ST/STM32CubeIDE_1.12.1/STM32CubeIDE/plugins/com.st.stm32cube.ide.mcu.externaltools.gnu-tools-for-stm32.11.3.rel1.win32_1.1.100.202309141235/tools/bin/../lib/gcc/arm-none-eabi/11.3.1/../../../../arm-none-eabi/lib/thumb/v7e-m+fp/hard\libc_nano.a
LOAD C:/ST/STM32CubeIDE_1.12.1/STM32CubeIDE/plugins/com.st.stm32cube.ide.mcu.externaltools.gnu-tools-for-stm32.11.3.rel1.win32_1.1.100.202309141235/tools/bin/../lib/gcc/arm-none-eabi/11.3.1/../../../../arm-none-eabi/lib/thumb/v7e-m+fp/hard\libm.a
END GROUP
START GROUP
LOAD C:/ST/STM32CubeIDE_1.12.1/STM32CubeIDE/plugins/com.st.stm32cube.ide.mcu.externaltools.gnu-tools-for-stm32.11.3.rel1.win32_1.1.100.202309141235/tools/bin/../lib/gcc/arm-none-eabi/11.3.1/thumb/v7e-m+fp/hard\libgcc.a
LOAD C:/ST/STM32CubeIDE_1.12.1/STM32CubeIDE/plugins/com.st.stm32cube.ide.mcu.externaltools.gnu-tools-for-stm32.11.3.rel1.win32_1.1.100.202309141235/tools/bin/../lib/gcc/arm-none-eabi/11.3.1/../../../../arm-none-eabi/lib/thumb/v7e-m+fp/hard\libc_nano.a
END GROUP
START GROUP
LOAD C:/ST/STM32CubeIDE_1.12.1/STM32CubeIDE/plugins/com.st.stm32cube.ide.mcu.externaltools.gnu-tools-for-stm32.11.3.rel1.win32_1.1.100.202309141235/tools/bin/../lib/gcc/arm-none-eabi/11.3.1/thumb/v7e-m+fp/hard\libgcc.a
LOAD C:/ST/STM32CubeIDE_1.12.1/STM32CubeIDE/plugins/com.st.stm32cube.ide.mcu.externaltools.gnu-tools-for-stm32.11.3.rel1.win32_1.1.100.202309141235/tools/bin/../lib/gcc/arm-none-eabi/11.3.1/../../../../arm-none-eabi/lib/thumb/v7e-m+fp/hard\libc_nano.a
LOAD C:/ST/STM32CubeIDE_1.12.1/STM32CubeIDE/plugins/com.st.stm32cube.ide.mcu.externaltools.gnu-tools-for-stm32.11.3.rel1.win32_1.1.100.202309141235/tools/bin/../lib/gcc/arm-none-eabi/11.3.1/../../../../arm-none-eabi/lib/thumb/v7e-m+fp/hard\libnosys.a
END GROUP
START GROUP
LOAD C:/ST/STM32CubeIDE_1.12.1/STM32CubeIDE/plugins/com.st.stm32cube.ide.mcu.externaltools.gnu-tools-for-stm32.11.3.rel1.win32_1.1.100.202309141235/tools/bin/../lib/gcc/arm-none-eabi/11.3.1/thumb/v7e-m+fp/hard\libgcc.a
LOAD C:/ST/STM32CubeIDE_1.12.1/STM32CubeIDE/plugins/com.st.stm32cube.ide.mcu.externaltools.gnu-tools-for-stm32.11.3.rel1.win32_1.1.100.202309141235/tools/bin/../lib/gcc/arm-none-eabi/11.3.1/../../../../arm-none-eabi/lib/thumb/v7e-m+fp/hard\libc_nano.a
LOAD C:/ST/STM32CubeIDE_1.12.1/STM32CubeIDE/plugins/com.st.stm32cube.ide.mcu.externaltools.gnu-tools-for-stm32.11.3.rel1.win32_1.1.100.202309141235/tools/bin/../lib/gcc/arm-none-eabi/11.3.1/../../../../arm-none-eabi/lib/thumb/v7e-m+fp/hard\libnosys.a
END GROUP
LOAD C:/ST/STM32CubeIDE_1.12.1/STM32CubeIDE/plugins/com.st.stm32cube.ide.mcu.externaltools.gnu-tools-for-stm32.11.3.rel1.win32_1.1.100.202309141235/tools/bin/../lib/gcc/arm-none-eabi/11.3.1/thumb/v7e-m+fp/hard/crtend.o
LOAD C:/ST/STM32CubeIDE_1.12.1/STM32CubeIDE/plugins/com.st.stm32cube.ide.mcu.externaltools.gnu-tools-for-stm32.11.3.rel1.win32_1.1.100.202309141235/tools/bin/../lib/gcc/arm-none-eabi/11.3.1/thumb/v7e-m+fp/hard/crtn.o
                0x0000000020020000                _estack = (ORIGIN (RAM) + LENGTH (RAM))
                0x0000000000000200                _Min_Heap_Size = 0x200
                0x0000000000000400                _Min_Stack_Size = 0x400

.isr_vector     0x0000000008000000      0x188
                0x0000000008000000                . = ALIGN (0x4)
 *(.isr_vector)
 .isr_vector    0x0000000008000000      0x188 ./Core/Startup/startup_stm32f407vetx.o
                0x0000000008000000                g_pfnVectors
                0x0000000008000188                . = ALIGN (0x4)

.text           0x0000000008000190     0xb524
                0x0000000008000190                . = ALIGN (0x4)
 *(.text)
 .text          0x0000000008000190       0x40 C:/ST/STM32CubeIDE_1.12.1/STM32CubeIDE/plugins/com.st.stm32cube.ide.mcu.externaltools.gnu-tools-for-stm32.11.3.rel1.win32_1.1.100.202309141235/tools/bin/../lib/gcc/arm-none-eabi/11.3.1/thumb/v7e-m+fp/hard/crtbegin.o
 .text          0x00000000080001d0       0x14 C:/ST/STM32CubeIDE_1.12.1/STM32CubeIDE/plugins/com.st.stm32cube.ide.mcu.externaltools.gnu-tools-for-stm32.11.3.rel1.win32_1.1.100.202309141235/tools/bin/../lib/gcc/arm-none-eabi/11.3.1/../../../../arm-none-eabi/lib/thumb/v7e-m+fp/hard\libc_nano.a(libc_a-strcmp.o)
                0x00000000080001d0                strcmp
 *fill*         0x00000000080001e4        0xc 
 .text          0x00000000080001f0       0xa0 C:/ST/STM32CubeIDE_1.12.1/STM32CubeIDE/plugins/com.st.stm32cube.ide.mcu.externaltools.gnu-tools-for-stm32.11.3.rel1.win32_1.1.100.202309141235/tools/bin/../lib/gcc/arm-none-eabi/11.3.1/../../../../arm-none-eabi/lib/thumb/v7e-m+fp/hard\libc_nano.a(libc_a-memchr.o)
                0x00000000080001f0                memchr
 .text          0x0000000008000290       0x10 C:/ST/STM32CubeIDE_1.12.1/STM32CubeIDE/plugins/com.st.stm32cube.ide.mcu.externaltools.gnu-tools-for-stm32.11.3.rel1.win32_1.1.100.202309141235/tools/bin/../lib/gcc/arm-none-eabi/11.3.1/../../../../arm-none-eabi/lib/thumb/v7e-m+fp/hard\libc_nano.a(libc_a-strlen.o)
                0x0000000008000290                strlen
 .text          0x00000000080002a0      0x378 C:/ST/STM32CubeIDE_1.12.1/STM32CubeIDE/plugins/com.st.stm32cube.ide.mcu.externaltools.gnu-tools-for-stm32.11.3.rel1.win32_1.1.100.202309141235/tools/bin/../lib/gcc/arm-none-eabi/11.3.1/thumb/v7e-m+fp/hard\libgcc.a(_arm_addsubdf3.o)
                0x00000000080002a0                __aeabi_drsub
                0x00000000080002a8                __aeabi_dsub
                0x00000000080002a8                __subdf3
                0x00000000080002ac                __aeabi_dadd
                0x00000000080002ac                __adddf3
                0x0000000008000524                __floatunsidf
                0x0000000008000524                __aeabi_ui2d
                0x0000000008000544                __floatsidf
                0x0000000008000544                __aeabi_i2d
                0x0000000008000568                __aeabi_f2d
                0x0000000008000568                __extendsfdf2
                0x00000000080005ac                __floatundidf
                0x00000000080005ac                __aeabi_ul2d
                0x00000000080005bc                __floatdidf
                0x00000000080005bc                __aeabi_l2d
 .text          0x0000000008000618      0x424 C:/ST/STM32CubeIDE_1.12.1/STM32CubeIDE/plugins/com.st.stm32cube.ide.mcu.externaltools.gnu-tools-for-stm32.11.3.rel1.win32_1.1.100.202309141235/tools/bin/../lib/gcc/arm-none-eabi/11.3.1/thumb/v7e-m+fp/hard\libgcc.a(_arm_muldivdf3.o)
                0x0000000008000618                __aeabi_dmul
                0x0000000008000618                __muldf3
                0x000000000800086c                __divdf3
                0x000000000800086c                __aeabi_ddiv
 .text          0x0000000008000a3c      0x110 C:/ST/STM32CubeIDE_1.12.1/STM32CubeIDE/plugins/com.st.stm32cube.ide.mcu.externaltools.gnu-tools-for-stm32.11.3.rel1.win32_1.1.100.202309141235/tools/bin/../lib/gcc/arm-none-eabi/11.3.1/thumb/v7e-m+fp/hard\libgcc.a(_arm_cmpdf2.o)
                0x0000000008000a3c                __gtdf2
                0x0000000008000a3c                __gedf2
                0x0000000008000a44                __ltdf2
                0x0000000008000a44                __ledf2
                0x0000000008000a4c                __nedf2
                0x0000000008000a4c                __eqdf2
                0x0000000008000a4c                __cmpdf2
                0x0000000008000ac8                __aeabi_cdrcmple
                0x0000000008000ad8                __aeabi_cdcmpeq
                0x0000000008000ad8                __aeabi_cdcmple
                0x0000000008000ae8                __aeabi_dcmpeq
                0x0000000008000afc                __aeabi_dcmplt
                0x0000000008000b10                __aeabi_dcmple
                0x0000000008000b24                __aeabi_dcmpge
                0x0000000008000b38                __aeabi_dcmpgt
 .text          0x0000000008000b4c       0x2c C:/ST/STM32CubeIDE_1.12.1/STM32CubeIDE/plugins/com.st.stm32cube.ide.mcu.externaltools.gnu-tools-for-stm32.11.3.rel1.win32_1.1.100.202309141235/tools/bin/../lib/gcc/arm-none-eabi/11.3.1/thumb/v7e-m+fp/hard\libgcc.a(_arm_unorddf2.o)
                0x0000000008000b4c                __unorddf2
                0x0000000008000b4c                __aeabi_dcmpun
 .text          0x0000000008000b78       0x50 C:/ST/STM32CubeIDE_1.12.1/STM32CubeIDE/plugins/com.st.stm32cube.ide.mcu.externaltools.gnu-tools-for-stm32.11.3.rel1.win32_1.1.100.202309141235/tools/bin/../lib/gcc/arm-none-eabi/11.3.1/thumb/v7e-m+fp/hard\libgcc.a(_arm_fixdfsi.o)
                0x0000000008000b78                __aeabi_d2iz
                0x0000000008000b78                __fixdfsi
 .text          0x0000000008000bc8       0x40 C:/ST/STM32CubeIDE_1.12.1/STM32CubeIDE/plugins/com.st.stm32cube.ide.mcu.externaltools.gnu-tools-for-stm32.11.3.rel1.win32_1.1.100.202309141235/tools/bin/../lib/gcc/arm-none-eabi/11.3.1/thumb/v7e-m+fp/hard\libgcc.a(_arm_fixunsdfsi.o)
                0x0000000008000bc8                __aeabi_d2uiz
                0x0000000008000bc8                __fixunsdfsi
 .text          0x0000000008000c08       0xa0 C:/ST/STM32CubeIDE_1.12.1/STM32CubeIDE/plugins/com.st.stm32cube.ide.mcu.externaltools.gnu-tools-for-stm32.11.3.rel1.win32_1.1.100.202309141235/tools/bin/../lib/gcc/arm-none-eabi/11.3.1/thumb/v7e-m+fp/hard\libgcc.a(_arm_truncdfsf2.o)
                0x0000000008000c08                __truncdfsf2
                0x0000000008000c08                __aeabi_d2f
 *(.text*)
 .text.__NVIC_EnableIRQ
                0x0000000008000ca8       0x3c ./Core/Src/main.o
 .text.__NVIC_DisableIRQ
                0x0000000008000ce4       0x48 ./Core/Src/main.o
 .text.main     0x0000000008000d2c      0xd9c ./Core/Src/main.o
                0x0000000008000d2c                main
 .text.TIM8_UP_TIM13_IRQHandler
                0x0000000008001ac8      0x87c ./Core/Src/main.o
                0x0000000008001ac8                TIM8_UP_TIM13_IRQHandler
 .text.calculate_interpolation7
                0x0000000008002344       0xfc ./Core/Src/main.o
                0x0000000008002344                calculate_interpolation7
 .text.calculate_interpolation1
                0x0000000008002440       0xce ./Core/Src/main.o
                0x0000000008002440                calculate_interpolation1
 *fill*         0x000000000800250e        0x2 
 .text.RCC_Configuration
                0x0000000008002510      0x1ac ./Core/Src/main.o
                0x0000000008002510                RCC_Configuration
 .text.DWT_Init
                0x00000000080026bc       0x40 ./Core/Src/main.o
                0x00000000080026bc                DWT_Init
 .text.DWT_us_Delay
                0x00000000080026fc       0x4c ./Core/Src/main.o
                0x00000000080026fc                DWT_us_Delay
 .text.DWT_ms_Delay
                0x0000000008002748       0x54 ./Core/Src/main.o
                0x0000000008002748                DWT_ms_Delay
 .text.Timer1_PWM_dir_Init
                0x000000000800279c      0x180 ./Core/Src/main.o
                0x000000000800279c                Timer1_PWM_dir_Init
 .text.Timer2_Encoder_Init
                0x000000000800291c      0x178 ./Core/Src/main.o
                0x000000000800291c                Timer2_Encoder_Init
 .text.Timer3_Encoder_Init
                0x0000000008002a94      0x104 ./Core/Src/main.o
                0x0000000008002a94                Timer3_Encoder_Init
 .text.Timer4_Encoder_Init
                0x0000000008002b98      0x104 ./Core/Src/main.o
                0x0000000008002b98                Timer4_Encoder_Init
 .text.Timer8_Interrupt_Init
                0x0000000008002c9c       0xb0 ./Core/Src/main.o
                0x0000000008002c9c                Timer8_Interrupt_Init
 .text.LED_SW_Init
                0x0000000008002d4c       0x60 ./Core/Src/main.o
                0x0000000008002d4c                LED_SW_Init
 .text.con_PI1_Init
                0x0000000008002dac       0x90 ./Core/Src/main.o
                0x0000000008002dac                con_PI1_Init
 .text.con_PI_calc
                0x0000000008002e3c      0x140 ./Core/Src/main.o
                0x0000000008002e3c                con_PI_calc
 *fill*         0x0000000008002f7c        0x4 
 .text.modulo   0x0000000008002f80       0xc8 ./Core/Src/main.o
                0x0000000008002f80                modulo
 .text.SPI1_Init
                0x0000000008003048       0xdc ./Core/Src/main.o
                0x0000000008003048                SPI1_Init
 .text.SPI1_Transfer
                0x0000000008003124       0x34 ./Core/Src/main.o
                0x0000000008003124                SPI1_Transfer
 .text.SD_Init  0x0000000008003158      0x250 ./Core/Src/main.o
                0x0000000008003158                SD_Init
 .text.SD_command
                0x00000000080033a8       0x74 ./Core/Src/main.o
                0x00000000080033a8                SD_command
 .text.SD_read_sector
                0x000000000800341c       0x88 ./Core/Src/main.o
                0x000000000800341c                SD_read_sector
 .text.FAT32_Init
                0x00000000080034a4      0x168 ./Core/Src/main.o
                0x00000000080034a4                FAT32_Init
 .text.fatGetDirEntry
                0x000000000800360c      0x13c ./Core/Src/main.o
                0x000000000800360c                fatGetDirEntry
 .text.fatDir   0x0000000008003748       0x7c ./Core/Src/main.o
                0x0000000008003748                fatDir
 .text.fatNextCluster
                0x00000000080037c4       0xb8 ./Core/Src/main.o
                0x00000000080037c4                fatNextCluster
 .text.fatClustToSect
                0x000000000800387c       0x38 ./Core/Src/main.o
                0x000000000800387c                fatClustToSect
 .text.Get_long_filename
                0x00000000080038b4      0x1e8 ./Core/Src/main.o
                0x00000000080038b4                Get_long_filename
 .text.Save_short_filename
                0x0000000008003a9c       0xc0 ./Core/Src/main.o
                0x0000000008003a9c                Save_short_filename
 .text.Save_long_filename
                0x0000000008003b5c      0x150 ./Core/Src/main.o
                0x0000000008003b5c                Save_long_filename
 .text.Filename_arrange
                0x0000000008003cac      0x218 ./Core/Src/main.o
                0x0000000008003cac                Filename_arrange
 .text.UTF16CharToUTF8
                0x0000000008003ec4       0xca ./Core/Src/main.o
                0x0000000008003ec4                UTF16CharToUTF8
 *fill*         0x0000000008003f8e        0x2 
 .text.Get_EPnK_param
                0x0000000008003f90       0x5c ./Core/Src/main.o
                0x0000000008003f90                Get_EPnK_param
 .text.Get_Transition_param
                0x0000000008003fec      0x41c ./Core/Src/main.o
                0x0000000008003fec                Get_Transition_param
 .text.Error_Handler
                0x0000000008004408        0x6 ./Core/Src/main.o
                0x0000000008004408                Error_Handler
 .text.HAL_PCD_Init
                0x000000000800440e      0x20e ./Core/Src/stm32f4xx_hal_pcd.o
                0x000000000800440e                HAL_PCD_Init
 .text.HAL_PCD_Start
                0x000000000800461c       0x44 ./Core/Src/stm32f4xx_hal_pcd.o
                0x000000000800461c                HAL_PCD_Start
 .text.HAL_PCD_IRQHandler
                0x0000000008004660      0x918 ./Core/Src/stm32f4xx_hal_pcd.o
                0x0000000008004660                HAL_PCD_IRQHandler
 .text.HAL_PCD_SetAddress
                0x0000000008004f78       0x42 ./Core/Src/stm32f4xx_hal_pcd.o
                0x0000000008004f78                HAL_PCD_SetAddress
 .text.HAL_PCD_EP_Open
                0x0000000008004fba       0xd0 ./Core/Src/stm32f4xx_hal_pcd.o
                0x0000000008004fba                HAL_PCD_EP_Open
 .text.HAL_PCD_EP_Close
                0x000000000800508a       0x94 ./Core/Src/stm32f4xx_hal_pcd.o
                0x000000000800508a                HAL_PCD_EP_Close
 .text.HAL_PCD_EP_Receive
                0x000000000800511e       0xb2 ./Core/Src/stm32f4xx_hal_pcd.o
                0x000000000800511e                HAL_PCD_EP_Receive
 .text.HAL_PCD_EP_GetRxCount
                0x00000000080051d0       0x32 ./Core/Src/stm32f4xx_hal_pcd.o
                0x00000000080051d0                HAL_PCD_EP_GetRxCount
 .text.HAL_PCD_EP_Transmit
                0x0000000008005202       0xb0 ./Core/Src/stm32f4xx_hal_pcd.o
                0x0000000008005202                HAL_PCD_EP_Transmit
 .text.HAL_PCD_EP_SetStall
                0x00000000080052b2       0xb6 ./Core/Src/stm32f4xx_hal_pcd.o
                0x00000000080052b2                HAL_PCD_EP_SetStall
 .text.HAL_PCD_EP_ClrStall
                0x0000000008005368       0x96 ./Core/Src/stm32f4xx_hal_pcd.o
                0x0000000008005368                HAL_PCD_EP_ClrStall
 .text.PCD_WriteEmptyTxFifo
                0x00000000080053fe      0x102 ./Core/Src/stm32f4xx_hal_pcd.o
 .text.HAL_PCDEx_SetTxFiFo
                0x0000000008005500       0x96 ./Core/Src/stm32f4xx_hal_pcd_ex.o
                0x0000000008005500                HAL_PCDEx_SetTxFiFo
 .text.HAL_PCDEx_SetRxFiFo
                0x0000000008005596       0x22 ./Core/Src/stm32f4xx_hal_pcd_ex.o
                0x0000000008005596                HAL_PCDEx_SetRxFiFo
 .text.NMI_Handler
                0x00000000080055b8        0xe ./Core/Src/stm32f4xx_it.o
                0x00000000080055b8                NMI_Handler
 .text.HardFault_Handler
                0x00000000080055c6        0x6 ./Core/Src/stm32f4xx_it.o
                0x00000000080055c6                HardFault_Handler
 .text.MemManage_Handler
                0x00000000080055cc        0x6 ./Core/Src/stm32f4xx_it.o
                0x00000000080055cc                MemManage_Handler
 .text.BusFault_Handler
                0x00000000080055d2        0x6 ./Core/Src/stm32f4xx_it.o
                0x00000000080055d2                BusFault_Handler
 .text.UsageFault_Handler
                0x00000000080055d8        0x6 ./Core/Src/stm32f4xx_it.o
                0x00000000080055d8                UsageFault_Handler
 .text.SVC_Handler
                0x00000000080055de        0xe ./Core/Src/stm32f4xx_it.o
                0x00000000080055de                SVC_Handler
 .text.DebugMon_Handler
                0x00000000080055ec        0xe ./Core/Src/stm32f4xx_it.o
                0x00000000080055ec                DebugMon_Handler
 .text.PendSV_Handler
                0x00000000080055fa        0xe ./Core/Src/stm32f4xx_it.o
                0x00000000080055fa                PendSV_Handler
 .text.OTG_FS_IRQHandler
                0x0000000008005608       0x14 ./Core/Src/stm32f4xx_it.o
                0x0000000008005608                OTG_FS_IRQHandler
 .text.USB_CoreInit
                0x000000000800561c       0x96 ./Core/Src/stm32f4xx_ll_usb.o
                0x000000000800561c                USB_CoreInit
 .text.USB_EnableGlobalInt
                0x00000000080056b2       0x22 ./Core/Src/stm32f4xx_ll_usb.o
                0x00000000080056b2                USB_EnableGlobalInt
 .text.USB_DisableGlobalInt
                0x00000000080056d4       0x22 ./Core/Src/stm32f4xx_ll_usb.o
                0x00000000080056d4                USB_DisableGlobalInt
 .text.USB_SetCurrentMode
                0x00000000080056f6       0x4e ./Core/Src/stm32f4xx_ll_usb.o
                0x00000000080056f6                USB_SetCurrentMode
 .text.USB_DevInit
                0x0000000008005744      0x260 ./Core/Src/stm32f4xx_ll_usb.o
                0x0000000008005744                USB_DevInit
 .text.USB_FlushTxFifo
                0x00000000080059a4       0x4c ./Core/Src/stm32f4xx_ll_usb.o
                0x00000000080059a4                USB_FlushTxFifo
 .text.USB_FlushRxFifo
                0x00000000080059f0       0x44 ./Core/Src/stm32f4xx_ll_usb.o
                0x00000000080059f0                USB_FlushRxFifo
 .text.USB_SetDevSpeed
                0x0000000008005a34       0x2e ./Core/Src/stm32f4xx_ll_usb.o
                0x0000000008005a34                USB_SetDevSpeed
 .text.USB_GetDevSpeed
                0x0000000008005a62       0x6a ./Core/Src/stm32f4xx_ll_usb.o
                0x0000000008005a62                USB_GetDevSpeed
 .text.USB_ActivateEndpoint
                0x0000000008005acc      0x10a ./Core/Src/stm32f4xx_ll_usb.o
                0x0000000008005acc                USB_ActivateEndpoint
 .text.USB_DeactivateEndpoint
                0x0000000008005bd6       0xea ./Core/Src/stm32f4xx_ll_usb.o
                0x0000000008005bd6                USB_DeactivateEndpoint
 .text.USB_EPStartXfer
                0x0000000008005cc0      0x45c ./Core/Src/stm32f4xx_ll_usb.o
                0x0000000008005cc0                USB_EPStartXfer
 .text.USB_EP0StartXfer
                0x000000000800611c      0x2a0 ./Core/Src/stm32f4xx_ll_usb.o
                0x000000000800611c                USB_EP0StartXfer
 .text.USB_WritePacket
                0x00000000080063bc       0x6a ./Core/Src/stm32f4xx_ll_usb.o
                0x00000000080063bc                USB_WritePacket
 .text.USB_ReadPacket
                0x0000000008006426       0x4e ./Core/Src/stm32f4xx_ll_usb.o
                0x0000000008006426                USB_ReadPacket
 .text.USB_EPSetStall
                0x0000000008006474       0xda ./Core/Src/stm32f4xx_ll_usb.o
                0x0000000008006474                USB_EPSetStall
 .text.USB_EPClearStall
                0x000000000800654e       0xd2 ./Core/Src/stm32f4xx_ll_usb.o
                0x000000000800654e                USB_EPClearStall
 .text.USB_SetDevAddress
                0x0000000008006620       0x48 ./Core/Src/stm32f4xx_ll_usb.o
                0x0000000008006620                USB_SetDevAddress
 .text.USB_DevConnect
                0x0000000008006668       0x2c ./Core/Src/stm32f4xx_ll_usb.o
                0x0000000008006668                USB_DevConnect
 .text.USB_DevDisconnect
                0x0000000008006694       0x2c ./Core/Src/stm32f4xx_ll_usb.o
                0x0000000008006694                USB_DevDisconnect
 .text.USB_ReadInterrupts
                0x00000000080066c0       0x2a ./Core/Src/stm32f4xx_ll_usb.o
                0x00000000080066c0                USB_ReadInterrupts
 .text.USB_ReadDevAllOutEpInterrupt
                0x00000000080066ea       0x30 ./Core/Src/stm32f4xx_ll_usb.o
                0x00000000080066ea                USB_ReadDevAllOutEpInterrupt
 .text.USB_ReadDevAllInEpInterrupt
                0x000000000800671a       0x30 ./Core/Src/stm32f4xx_ll_usb.o
                0x000000000800671a                USB_ReadDevAllInEpInterrupt
 .text.USB_ReadDevOutEPInterrupt
                0x000000000800674a       0x38 ./Core/Src/stm32f4xx_ll_usb.o
                0x000000000800674a                USB_ReadDevOutEPInterrupt
 .text.USB_ReadDevInEPInterrupt
                0x0000000008006782       0x54 ./Core/Src/stm32f4xx_ll_usb.o
                0x0000000008006782                USB_ReadDevInEPInterrupt
 .text.USB_GetMode
                0x00000000080067d6       0x1c ./Core/Src/stm32f4xx_ll_usb.o
                0x00000000080067d6                USB_GetMode
 .text.USB_ActivateSetup
                0x00000000080067f2       0x66 ./Core/Src/stm32f4xx_ll_usb.o
                0x00000000080067f2                USB_ActivateSetup
 .text.USB_EP0_OutStart
                0x0000000008006858       0x84 ./Core/Src/stm32f4xx_ll_usb.o
                0x0000000008006858                USB_EP0_OutStart
 .text.USB_CoreReset
                0x00000000080068dc       0x68 ./Core/Src/stm32f4xx_ll_usb.o
 .text._getpid  0x0000000008006944       0x10 ./Core/Src/syscalls.o
                0x0000000008006944                _getpid
 .text._kill    0x0000000008006954       0x20 ./Core/Src/syscalls.o
                0x0000000008006954                _kill
 .text._exit    0x0000000008006974       0x14 ./Core/Src/syscalls.o
                0x0000000008006974                _exit
 .text._read    0x0000000008006988       0x3a ./Core/Src/syscalls.o
                0x0000000008006988                _read
 .text._write   0x00000000080069c2       0x38 ./Core/Src/syscalls.o
                0x00000000080069c2                _write
 .text._close   0x00000000080069fa       0x18 ./Core/Src/syscalls.o
                0x00000000080069fa                _close
 .text._fstat   0x0000000008006a12       0x20 ./Core/Src/syscalls.o
                0x0000000008006a12                _fstat
 .text._isatty  0x0000000008006a32       0x16 ./Core/Src/syscalls.o
                0x0000000008006a32                _isatty
 .text._lseek   0x0000000008006a48       0x1a ./Core/Src/syscalls.o
                0x0000000008006a48                _lseek
 *fill*         0x0000000008006a62        0x2 
 .text._sbrk    0x0000000008006a64       0x6c ./Core/Src/sysmem.o
                0x0000000008006a64                _sbrk
 .text.SystemInit
                0x0000000008006ad0       0x24 ./Core/Src/system_stm32f4xx.o
                0x0000000008006ad0                SystemInit
 .text.SystemCoreClockUpdate
                0x0000000008006af4      0x100 ./Core/Src/system_stm32f4xx.o
                0x0000000008006af4                SystemCoreClockUpdate
 .text.MX_USB_DEVICE_Init
                0x0000000008006bf4       0x38 ./Core/Src/usb_device.o
                0x0000000008006bf4                MX_USB_DEVICE_Init
 .text.USBD_CDC_Init
                0x0000000008006c2c       0xd4 ./Core/Src/usbd_cdc.o
 .text.USBD_CDC_DeInit
                0x0000000008006d00       0x5a ./Core/Src/usbd_cdc.o
 *fill*         0x0000000008006d5a        0x2 
 .text.USBD_CDC_Setup
                0x0000000008006d5c       0xc0 ./Core/Src/usbd_cdc.o
 .text.USBD_CDC_DataIn
                0x0000000008006e1c       0x38 ./Core/Src/usbd_cdc.o
 .text.USBD_CDC_DataOut
                0x0000000008006e54       0x56 ./Core/Src/usbd_cdc.o
 .text.USBD_CDC_EP0_RxReady
                0x0000000008006eaa       0x50 ./Core/Src/usbd_cdc.o
 *fill*         0x0000000008006efa        0x2 
 .text.USBD_CDC_GetFSCfgDesc
                0x0000000008006efc       0x20 ./Core/Src/usbd_cdc.o
 .text.USBD_CDC_GetHSCfgDesc
                0x0000000008006f1c       0x20 ./Core/Src/usbd_cdc.o
 .text.USBD_CDC_GetOtherSpeedCfgDesc
                0x0000000008006f3c       0x20 ./Core/Src/usbd_cdc.o
 .text.USBD_CDC_GetDeviceQualifierDescriptor
                0x0000000008006f5c       0x20 ./Core/Src/usbd_cdc.o
                0x0000000008006f5c                USBD_CDC_GetDeviceQualifierDescriptor
 .text.USBD_CDC_RegisterInterface
                0x0000000008006f7c       0x2e ./Core/Src/usbd_cdc.o
                0x0000000008006f7c                USBD_CDC_RegisterInterface
 .text.USBD_CDC_SetTxBuffer
                0x0000000008006faa       0x34 ./Core/Src/usbd_cdc.o
                0x0000000008006faa                USBD_CDC_SetTxBuffer
 .text.USBD_CDC_SetRxBuffer
                0x0000000008006fde       0x28 ./Core/Src/usbd_cdc.o
                0x0000000008006fde                USBD_CDC_SetRxBuffer
 *fill*         0x0000000008007006        0x2 
 .text.CDC_Init_FS
                0x0000000008007008       0x28 ./Core/Src/usbd_cdc_if.o
 .text.CDC_DeInit_FS
                0x0000000008007030       0x10 ./Core/Src/usbd_cdc_if.o
 .text.CDC_Control_FS
                0x0000000008007040       0xbc ./Core/Src/usbd_cdc_if.o
 .text.CDC_Receive_FS
                0x00000000080070fc       0x3c ./Core/Src/usbd_cdc_if.o
 .text.__NVIC_GetPriorityGrouping
                0x0000000008007138       0x1c ./Core/Src/usbd_conf.o
 .text.__NVIC_EnableIRQ
                0x0000000008007154       0x3c ./Core/Src/usbd_conf.o
 .text.__NVIC_SetPriority
                0x0000000008007190       0x54 ./Core/Src/usbd_conf.o
 .text.NVIC_EncodePriority
                0x00000000080071e4       0x66 ./Core/Src/usbd_conf.o
 *fill*         0x000000000800724a        0x2 
 .text.HAL_PCD_MspInit
                0x000000000800724c      0x14c ./Core/Src/usbd_conf.o
                0x000000000800724c                HAL_PCD_MspInit
 .text.HAL_PCD_SetupStageCallback
                0x0000000008007398       0x24 ./Core/Src/usbd_conf.o
                0x0000000008007398                HAL_PCD_SetupStageCallback
 .text.HAL_PCD_DataOutStageCallback
                0x00000000080073bc       0x36 ./Core/Src/usbd_conf.o
                0x00000000080073bc                HAL_PCD_DataOutStageCallback
 .text.HAL_PCD_DataInStageCallback
                0x00000000080073f2       0x34 ./Core/Src/usbd_conf.o
                0x00000000080073f2                HAL_PCD_DataInStageCallback
 .text.HAL_PCD_SOFCallback
                0x0000000008007426       0x1c ./Core/Src/usbd_conf.o
                0x0000000008007426                HAL_PCD_SOFCallback
 .text.HAL_PCD_ResetCallback
                0x0000000008007442       0x50 ./Core/Src/usbd_conf.o
                0x0000000008007442                HAL_PCD_ResetCallback
 *fill*         0x0000000008007492        0x2 
 .text.HAL_PCD_SuspendCallback
                0x0000000008007494       0x4c ./Core/Src/usbd_conf.o
                0x0000000008007494                HAL_PCD_SuspendCallback
 .text.HAL_PCD_ResumeCallback
                0x00000000080074e0       0x1c ./Core/Src/usbd_conf.o
                0x00000000080074e0                HAL_PCD_ResumeCallback
 .text.HAL_PCD_ISOOUTIncompleteCallback
                0x00000000080074fc       0x24 ./Core/Src/usbd_conf.o
                0x00000000080074fc                HAL_PCD_ISOOUTIncompleteCallback
 .text.HAL_PCD_ISOINIncompleteCallback
                0x0000000008007520       0x24 ./Core/Src/usbd_conf.o
                0x0000000008007520                HAL_PCD_ISOINIncompleteCallback
 .text.HAL_PCD_ConnectCallback
                0x0000000008007544       0x1c ./Core/Src/usbd_conf.o
                0x0000000008007544                HAL_PCD_ConnectCallback
 .text.HAL_PCD_DisconnectCallback
                0x0000000008007560       0x1c ./Core/Src/usbd_conf.o
                0x0000000008007560                HAL_PCD_DisconnectCallback
 .text.USBD_LL_Init
                0x000000000800757c       0xa0 ./Core/Src/usbd_conf.o
                0x000000000800757c                USBD_LL_Init
 .text.USBD_LL_Start
                0x000000000800761c       0x64 ./Core/Src/usbd_conf.o
                0x000000000800761c                USBD_LL_Start
 .text.USBD_LL_OpenEP
                0x0000000008007680       0x7c ./Core/Src/usbd_conf.o
                0x0000000008007680                USBD_LL_OpenEP
 .text.USBD_LL_CloseEP
                0x00000000080076fc       0x6c ./Core/Src/usbd_conf.o
                0x00000000080076fc                USBD_LL_CloseEP
 .text.USBD_LL_StallEP
                0x0000000008007768       0x6c ./Core/Src/usbd_conf.o
                0x0000000008007768                USBD_LL_StallEP
 .text.USBD_LL_ClearStallEP
                0x00000000080077d4       0x6c ./Core/Src/usbd_conf.o
                0x00000000080077d4                USBD_LL_ClearStallEP
 .text.USBD_LL_IsStallEP
                0x0000000008007840       0x58 ./Core/Src/usbd_conf.o
                0x0000000008007840                USBD_LL_IsStallEP
 .text.USBD_LL_SetUSBAddress
                0x0000000008007898       0x6c ./Core/Src/usbd_conf.o
                0x0000000008007898                USBD_LL_SetUSBAddress
 .text.USBD_LL_Transmit
                0x0000000008007904       0x74 ./Core/Src/usbd_conf.o
                0x0000000008007904                USBD_LL_Transmit
 .text.USBD_LL_PrepareReceive
                0x0000000008007978       0x74 ./Core/Src/usbd_conf.o
                0x0000000008007978                USBD_LL_PrepareReceive
 .text.USBD_LL_GetRxDataSize
                0x00000000080079ec       0x26 ./Core/Src/usbd_conf.o
                0x00000000080079ec                USBD_LL_GetRxDataSize
 .text.USBD_Init
                0x0000000008007a12       0x56 ./Core/Src/usbd_core.o
                0x0000000008007a12                USBD_Init
 .text.USBD_RegisterClass
                0x0000000008007a68       0x34 ./Core/Src/usbd_core.o
                0x0000000008007a68                USBD_RegisterClass
 .text.USBD_Start
                0x0000000008007a9c       0x18 ./Core/Src/usbd_core.o
                0x0000000008007a9c                USBD_Start
 .text.USBD_RunTestMode
                0x0000000008007ab4       0x16 ./Core/Src/usbd_core.o
                0x0000000008007ab4                USBD_RunTestMode
 .text.USBD_SetClassConfig
                0x0000000008007aca       0x3e ./Core/Src/usbd_core.o
                0x0000000008007aca                USBD_SetClassConfig
 .text.USBD_ClrClassConfig
                0x0000000008007b08       0x26 ./Core/Src/usbd_core.o
                0x0000000008007b08                USBD_ClrClassConfig
 .text.USBD_LL_SetupStage
                0x0000000008007b2e       0x9a ./Core/Src/usbd_core.o
                0x0000000008007b2e                USBD_LL_SetupStage
 .text.USBD_LL_DataOutStage
                0x0000000008007bc8       0xb6 ./Core/Src/usbd_core.o
                0x0000000008007bc8                USBD_LL_DataOutStage
 .text.USBD_LL_DataInStage
                0x0000000008007c7e      0x11e ./Core/Src/usbd_core.o
                0x0000000008007c7e                USBD_LL_DataInStage
 .text.USBD_LL_Reset
                0x0000000008007d9c       0x5e ./Core/Src/usbd_core.o
                0x0000000008007d9c                USBD_LL_Reset
 .text.USBD_LL_SetSpeed
                0x0000000008007dfa       0x20 ./Core/Src/usbd_core.o
                0x0000000008007dfa                USBD_LL_SetSpeed
 .text.USBD_LL_Suspend
                0x0000000008007e1a       0x2a ./Core/Src/usbd_core.o
                0x0000000008007e1a                USBD_LL_Suspend
 .text.USBD_LL_Resume
                0x0000000008007e44       0x22 ./Core/Src/usbd_core.o
                0x0000000008007e44                USBD_LL_Resume
 .text.USBD_LL_SOF
                0x0000000008007e66       0x34 ./Core/Src/usbd_core.o
                0x0000000008007e66                USBD_LL_SOF
 .text.USBD_LL_IsoINIncomplete
                0x0000000008007e9a       0x1a ./Core/Src/usbd_core.o
                0x0000000008007e9a                USBD_LL_IsoINIncomplete
 .text.USBD_LL_IsoOUTIncomplete
                0x0000000008007eb4       0x1a ./Core/Src/usbd_core.o
                0x0000000008007eb4                USBD_LL_IsoOUTIncomplete
 .text.USBD_LL_DevConnected
                0x0000000008007ece       0x16 ./Core/Src/usbd_core.o
                0x0000000008007ece                USBD_LL_DevConnected
 .text.USBD_LL_DevDisconnected
                0x0000000008007ee4       0x2e ./Core/Src/usbd_core.o
                0x0000000008007ee4                USBD_LL_DevDisconnected
 *fill*         0x0000000008007f12        0x2 
 .text.USBD_StdDevReq
                0x0000000008007f14       0xa0 ./Core/Src/usbd_ctlreq.o
                0x0000000008007f14                USBD_StdDevReq
 .text.USBD_StdItfReq
                0x0000000008007fb4       0x66 ./Core/Src/usbd_ctlreq.o
                0x0000000008007fb4                USBD_StdItfReq
 .text.USBD_StdEPReq
                0x000000000800801a      0x1b8 ./Core/Src/usbd_ctlreq.o
                0x000000000800801a                USBD_StdEPReq
 *fill*         0x00000000080081d2        0x2 
 .text.USBD_GetDescriptor
                0x00000000080081d4      0x1e8 ./Core/Src/usbd_ctlreq.o
 .text.USBD_SetAddress
                0x00000000080083bc       0x7e ./Core/Src/usbd_ctlreq.o
 *fill*         0x000000000800843a        0x2 
 .text.USBD_SetConfig
                0x000000000800843c      0x110 ./Core/Src/usbd_ctlreq.o
 .text.USBD_GetConfig
                0x000000000800854c       0x64 ./Core/Src/usbd_ctlreq.o
 .text.USBD_GetStatus
                0x00000000080085b0       0x54 ./Core/Src/usbd_ctlreq.o
 .text.USBD_SetFeature
                0x0000000008008604       0x36 ./Core/Src/usbd_ctlreq.o
 .text.USBD_ClrFeature
                0x000000000800863a       0x50 ./Core/Src/usbd_ctlreq.o
 .text.USBD_ParseSetupRequest
                0x000000000800868a       0x7a ./Core/Src/usbd_ctlreq.o
                0x000000000800868a                USBD_ParseSetupRequest
 .text.USBD_CtlError
                0x0000000008008704       0x22 ./Core/Src/usbd_ctlreq.o
                0x0000000008008704                USBD_CtlError
 .text.USBD_GetString
                0x0000000008008726       0x86 ./Core/Src/usbd_ctlreq.o
                0x0000000008008726                USBD_GetString
 .text.USBD_GetLen
                0x00000000080087ac       0x30 ./Core/Src/usbd_ctlreq.o
 .text.USBD_FS_DeviceDescriptor
                0x00000000080087dc       0x24 ./Core/Src/usbd_desc.o
                0x00000000080087dc                USBD_FS_DeviceDescriptor
 .text.USBD_FS_LangIDStrDescriptor
                0x0000000008008800       0x24 ./Core/Src/usbd_desc.o
                0x0000000008008800                USBD_FS_LangIDStrDescriptor
 .text.USBD_FS_ProductStrDescriptor
                0x0000000008008824       0x3c ./Core/Src/usbd_desc.o
                0x0000000008008824                USBD_FS_ProductStrDescriptor
 .text.USBD_FS_ManufacturerStrDescriptor
                0x0000000008008860       0x28 ./Core/Src/usbd_desc.o
                0x0000000008008860                USBD_FS_ManufacturerStrDescriptor
 .text.USBD_FS_SerialStrDescriptor
                0x0000000008008888       0x3c ./Core/Src/usbd_desc.o
                0x0000000008008888                USBD_FS_SerialStrDescriptor
 .text.USBD_FS_ConfigStrDescriptor
                0x00000000080088c4       0x3c ./Core/Src/usbd_desc.o
                0x00000000080088c4                USBD_FS_ConfigStrDescriptor
 .text.USBD_FS_InterfaceStrDescriptor
                0x0000000008008900       0x3c ./Core/Src/usbd_desc.o
                0x0000000008008900                USBD_FS_InterfaceStrDescriptor
 .text.USBD_CtlSendData
                0x000000000800893c       0x38 ./Core/Src/usbd_ioreq.o
                0x000000000800893c                USBD_CtlSendData
 .text.USBD_CtlContinueSendData
                0x0000000008008974       0x24 ./Core/Src/usbd_ioreq.o
                0x0000000008008974                USBD_CtlContinueSendData
 .text.USBD_CtlPrepareRx
                0x0000000008008998       0x3c ./Core/Src/usbd_ioreq.o
                0x0000000008008998                USBD_CtlPrepareRx
 .text.USBD_CtlContinueRx
                0x00000000080089d4       0x24 ./Core/Src/usbd_ioreq.o
                0x00000000080089d4                USBD_CtlContinueRx
 .text.USBD_CtlSendStatus
                0x00000000080089f8       0x26 ./Core/Src/usbd_ioreq.o
                0x00000000080089f8                USBD_CtlSendStatus
 .text.USBD_CtlReceiveStatus
                0x0000000008008a1e       0x26 ./Core/Src/usbd_ioreq.o
                0x0000000008008a1e                USBD_CtlReceiveStatus
 .text.Reset_Handler
                0x0000000008008a44       0x50 ./Core/Startup/startup_stm32f407vetx.o
                0x0000000008008a44                Reset_Handler
 .text.Default_Handler
                0x0000000008008a94        0x2 ./Core/Startup/startup_stm32f407vetx.o
                0x0000000008008a94                RTC_Alarm_IRQHandler
                0x0000000008008a94                HASH_RNG_IRQHandler
                0x0000000008008a94                EXTI2_IRQHandler
                0x0000000008008a94                TIM8_CC_IRQHandler
                0x0000000008008a94                TIM1_CC_IRQHandler
                0x0000000008008a94                DMA2_Stream5_IRQHandler
                0x0000000008008a94                DMA1_Stream5_IRQHandler
                0x0000000008008a94                SysTick_Handler
                0x0000000008008a94                PVD_IRQHandler
                0x0000000008008a94                SDIO_IRQHandler
                0x0000000008008a94                TAMP_STAMP_IRQHandler
                0x0000000008008a94                CAN2_RX1_IRQHandler
                0x0000000008008a94                EXTI3_IRQHandler
                0x0000000008008a94                TIM8_TRG_COM_TIM14_IRQHandler
                0x0000000008008a94                TIM1_UP_TIM10_IRQHandler
                0x0000000008008a94                I2C3_ER_IRQHandler
                0x0000000008008a94                EXTI0_IRQHandler
                0x0000000008008a94                I2C2_EV_IRQHandler
                0x0000000008008a94                DMA1_Stream2_IRQHandler
                0x0000000008008a94                CAN1_RX0_IRQHandler
                0x0000000008008a94                FPU_IRQHandler
                0x0000000008008a94                OTG_HS_WKUP_IRQHandler
                0x0000000008008a94                CAN2_SCE_IRQHandler
                0x0000000008008a94                DMA2_Stream2_IRQHandler
                0x0000000008008a94                SPI1_IRQHandler
                0x0000000008008a94                TIM6_DAC_IRQHandler
                0x0000000008008a94                TIM1_BRK_TIM9_IRQHandler
                0x0000000008008a94                DCMI_IRQHandler
                0x0000000008008a94                CAN2_RX0_IRQHandler
                0x0000000008008a94                DMA2_Stream3_IRQHandler
                0x0000000008008a94                USART6_IRQHandler
                0x0000000008008a94                USART3_IRQHandler
                0x0000000008008a94                CAN1_RX1_IRQHandler
                0x0000000008008a94                UART5_IRQHandler
                0x0000000008008a94                DMA2_Stream0_IRQHandler
                0x0000000008008a94                TIM4_IRQHandler
                0x0000000008008a94                I2C1_EV_IRQHandler
                0x0000000008008a94                DMA1_Stream6_IRQHandler
                0x0000000008008a94                DMA1_Stream1_IRQHandler
                0x0000000008008a94                UART4_IRQHandler
                0x0000000008008a94                TIM3_IRQHandler
                0x0000000008008a94                RCC_IRQHandler
                0x0000000008008a94                TIM8_BRK_TIM12_IRQHandler
                0x0000000008008a94                Default_Handler
                0x0000000008008a94                EXTI15_10_IRQHandler
                0x0000000008008a94                ADC_IRQHandler
                0x0000000008008a94                DMA1_Stream7_IRQHandler
                0x0000000008008a94                TIM7_IRQHandler
                0x0000000008008a94                CAN2_TX_IRQHandler
                0x0000000008008a94                TIM5_IRQHandler
                0x0000000008008a94                DMA2_Stream7_IRQHandler
                0x0000000008008a94                I2C3_EV_IRQHandler
                0x0000000008008a94                EXTI9_5_IRQHandler
                0x0000000008008a94                RTC_WKUP_IRQHandler
                0x0000000008008a94                ETH_WKUP_IRQHandler
                0x0000000008008a94                SPI2_IRQHandler
                0x0000000008008a94                OTG_HS_EP1_IN_IRQHandler
                0x0000000008008a94                DMA1_Stream0_IRQHandler
                0x0000000008008a94                CAN1_TX_IRQHandler
                0x0000000008008a94                EXTI4_IRQHandler
                0x0000000008008a94                FSMC_IRQHandler
                0x0000000008008a94                ETH_IRQHandler
                0x0000000008008a94                OTG_HS_EP1_OUT_IRQHandler
                0x0000000008008a94                WWDG_IRQHandler
                0x0000000008008a94                TIM2_IRQHandler
                0x0000000008008a94                OTG_FS_WKUP_IRQHandler
                0x0000000008008a94                TIM1_TRG_COM_TIM11_IRQHandler
                0x0000000008008a94                OTG_HS_IRQHandler
                0x0000000008008a94                EXTI1_IRQHandler
                0x0000000008008a94                USART2_IRQHandler
                0x0000000008008a94                I2C2_ER_IRQHandler
                0x0000000008008a94                DMA2_Stream1_IRQHandler
                0x0000000008008a94                CAN1_SCE_IRQHandler
                0x0000000008008a94                FLASH_IRQHandler
                0x0000000008008a94                DMA2_Stream4_IRQHandler
                0x0000000008008a94                USART1_IRQHandler
                0x0000000008008a94                SPI3_IRQHandler
                0x0000000008008a94                DMA1_Stream4_IRQHandler
                0x0000000008008a94                I2C1_ER_IRQHandler
                0x0000000008008a94                DMA2_Stream6_IRQHandler
                0x0000000008008a94                DMA1_Stream3_IRQHandler
 *fill*         0x0000000008008a96        0x2 
 .text.malloc   0x0000000008008a98       0x10 C:/ST/STM32CubeIDE_1.12.1/STM32CubeIDE/plugins/com.st.stm32cube.ide.mcu.externaltools.gnu-tools-for-stm32.11.3.rel1.win32_1.1.100.202309141235/tools/bin/../lib/gcc/arm-none-eabi/11.3.1/../../../../arm-none-eabi/lib/thumb/v7e-m+fp/hard\libc_nano.a(libc_a-malloc.o)
                0x0000000008008a98                malloc
 .text.free     0x0000000008008aa8       0x10 C:/ST/STM32CubeIDE_1.12.1/STM32CubeIDE/plugins/com.st.stm32cube.ide.mcu.externaltools.gnu-tools-for-stm32.11.3.rel1.win32_1.1.100.202309141235/tools/bin/../lib/gcc/arm-none-eabi/11.3.1/../../../../arm-none-eabi/lib/thumb/v7e-m+fp/hard\libc_nano.a(libc_a-malloc.o)
                0x0000000008008aa8                free
 .text.sbrk_aligned
                0x0000000008008ab8       0x40 C:/ST/STM32CubeIDE_1.12.1/STM32CubeIDE/plugins/com.st.stm32cube.ide.mcu.externaltools.gnu-tools-for-stm32.11.3.rel1.win32_1.1.100.202309141235/tools/bin/../lib/gcc/arm-none-eabi/11.3.1/../../../../arm-none-eabi/lib/thumb/v7e-m+fp/hard\libc_nano.a(libc_a-mallocr.o)
 .text._malloc_r
                0x0000000008008af8      0x100 C:/ST/STM32CubeIDE_1.12.1/STM32CubeIDE/plugins/com.st.stm32cube.ide.mcu.externaltools.gnu-tools-for-stm32.11.3.rel1.win32_1.1.100.202309141235/tools/bin/../lib/gcc/arm-none-eabi/11.3.1/../../../../arm-none-eabi/lib/thumb/v7e-m+fp/hard\libc_nano.a(libc_a-mallocr.o)
                0x0000000008008af8                _malloc_r
 .text.__malloc_lock
                0x0000000008008bf8        0xc C:/ST/STM32CubeIDE_1.12.1/STM32CubeIDE/plugins/com.st.stm32cube.ide.mcu.externaltools.gnu-tools-for-stm32.11.3.rel1.win32_1.1.100.202309141235/tools/bin/../lib/gcc/arm-none-eabi/11.3.1/../../../../arm-none-eabi/lib/thumb/v7e-m+fp/hard\libc_nano.a(libc_a-mlock.o)
                0x0000000008008bf8                __malloc_lock
 .text.__malloc_unlock
                0x0000000008008c04        0xc C:/ST/STM32CubeIDE_1.12.1/STM32CubeIDE/plugins/com.st.stm32cube.ide.mcu.externaltools.gnu-tools-for-stm32.11.3.rel1.win32_1.1.100.202309141235/tools/bin/../lib/gcc/arm-none-eabi/11.3.1/../../../../arm-none-eabi/lib/thumb/v7e-m+fp/hard\libc_nano.a(libc_a-mlock.o)
                0x0000000008008c04                __malloc_unlock
 .text.__cvt    0x0000000008008c10       0xc4 C:/ST/STM32CubeIDE_1.12.1/STM32CubeIDE/plugins/com.st.stm32cube.ide.mcu.externaltools.gnu-tools-for-stm32.11.3.rel1.win32_1.1.100.202309141235/tools/bin/../lib/gcc/arm-none-eabi/11.3.1/../../../../arm-none-eabi/lib/thumb/v7e-m+fp/hard\libc_nano.a(libc_a-nano-vfprintf_float.o)
                0x0000000008008c10                __cvt
 .text.__exponent
                0x0000000008008cd4       0x7c C:/ST/STM32CubeIDE_1.12.1/STM32CubeIDE/plugins/com.st.stm32cube.ide.mcu.externaltools.gnu-tools-for-stm32.11.3.rel1.win32_1.1.100.202309141235/tools/bin/../lib/gcc/arm-none-eabi/11.3.1/../../../../arm-none-eabi/lib/thumb/v7e-m+fp/hard\libc_nano.a(libc_a-nano-vfprintf_float.o)
                0x0000000008008cd4                __exponent
 .text._printf_float
                0x0000000008008d50      0x46c C:/ST/STM32CubeIDE_1.12.1/STM32CubeIDE/plugins/com.st.stm32cube.ide.mcu.externaltools.gnu-tools-for-stm32.11.3.rel1.win32_1.1.100.202309141235/tools/bin/../lib/gcc/arm-none-eabi/11.3.1/../../../../arm-none-eabi/lib/thumb/v7e-m+fp/hard\libc_nano.a(libc_a-nano-vfprintf_float.o)
                0x0000000008008d50                _printf_float
 .text._printf_common
                0x00000000080091bc       0xda C:/ST/STM32CubeIDE_1.12.1/STM32CubeIDE/plugins/com.st.stm32cube.ide.mcu.externaltools.gnu-tools-for-stm32.11.3.rel1.win32_1.1.100.202309141235/tools/bin/../lib/gcc/arm-none-eabi/11.3.1/../../../../arm-none-eabi/lib/thumb/v7e-m+fp/hard\libc_nano.a(libc_a-nano-vfprintf_i.o)
                0x00000000080091bc                _printf_common
 *fill*         0x0000000008009296        0x2 
 .text._printf_i
                0x0000000008009298      0x244 C:/ST/STM32CubeIDE_1.12.1/STM32CubeIDE/plugins/com.st.stm32cube.ide.mcu.externaltools.gnu-tools-for-stm32.11.3.rel1.win32_1.1.100.202309141235/tools/bin/../lib/gcc/arm-none-eabi/11.3.1/../../../../arm-none-eabi/lib/thumb/v7e-m+fp/hard\libc_nano.a(libc_a-nano-vfprintf_i.o)
                0x0000000008009298                _printf_i
 .text.std      0x00000000080094dc       0x6c C:/ST/STM32CubeIDE_1.12.1/STM32CubeIDE/plugins/com.st.stm32cube.ide.mcu.externaltools.gnu-tools-for-stm32.11.3.rel1.win32_1.1.100.202309141235/tools/bin/../lib/gcc/arm-none-eabi/11.3.1/../../../../arm-none-eabi/lib/thumb/v7e-m+fp/hard\libc_nano.a(libc_a-findfp.o)
 .text.stdio_exit_handler
                0x0000000008009548       0x18 C:/ST/STM32CubeIDE_1.12.1/STM32CubeIDE/plugins/com.st.stm32cube.ide.mcu.externaltools.gnu-tools-for-stm32.11.3.rel1.win32_1.1.100.202309141235/tools/bin/../lib/gcc/arm-none-eabi/11.3.1/../../../../arm-none-eabi/lib/thumb/v7e-m+fp/hard\libc_nano.a(libc_a-findfp.o)
 .text.cleanup_stdio
                0x0000000008009560       0x40 C:/ST/STM32CubeIDE_1.12.1/STM32CubeIDE/plugins/com.st.stm32cube.ide.mcu.externaltools.gnu-tools-for-stm32.11.3.rel1.win32_1.1.100.202309141235/tools/bin/../lib/gcc/arm-none-eabi/11.3.1/../../../../arm-none-eabi/lib/thumb/v7e-m+fp/hard\libc_nano.a(libc_a-findfp.o)
 .text.global_stdio_init.part.0
                0x00000000080095a0       0x3c C:/ST/STM32CubeIDE_1.12.1/STM32CubeIDE/plugins/com.st.stm32cube.ide.mcu.externaltools.gnu-tools-for-stm32.11.3.rel1.win32_1.1.100.202309141235/tools/bin/../lib/gcc/arm-none-eabi/11.3.1/../../../../arm-none-eabi/lib/thumb/v7e-m+fp/hard\libc_nano.a(libc_a-findfp.o)
 .text.__sfp_lock_acquire
                0x00000000080095dc        0xc C:/ST/STM32CubeIDE_1.12.1/STM32CubeIDE/plugins/com.st.stm32cube.ide.mcu.externaltools.gnu-tools-for-stm32.11.3.rel1.win32_1.1.100.202309141235/tools/bin/../lib/gcc/arm-none-eabi/11.3.1/../../../../arm-none-eabi/lib/thumb/v7e-m+fp/hard\libc_nano.a(libc_a-findfp.o)
                0x00000000080095dc                __sfp_lock_acquire
 .text.__sfp_lock_release
                0x00000000080095e8        0xc C:/ST/STM32CubeIDE_1.12.1/STM32CubeIDE/plugins/com.st.stm32cube.ide.mcu.externaltools.gnu-tools-for-stm32.11.3.rel1.win32_1.1.100.202309141235/tools/bin/../lib/gcc/arm-none-eabi/11.3.1/../../../../arm-none-eabi/lib/thumb/v7e-m+fp/hard\libc_nano.a(libc_a-findfp.o)
                0x00000000080095e8                __sfp_lock_release
 .text.__sinit  0x00000000080095f4       0x30 C:/ST/STM32CubeIDE_1.12.1/STM32CubeIDE/plugins/com.st.stm32cube.ide.mcu.externaltools.gnu-tools-for-stm32.11.3.rel1.win32_1.1.100.202309141235/tools/bin/../lib/gcc/arm-none-eabi/11.3.1/../../../../arm-none-eabi/lib/thumb/v7e-m+fp/hard\libc_nano.a(libc_a-findfp.o)
                0x00000000080095f4                __sinit
 .text._fwalk_sglue
                0x0000000008009624       0x3c C:/ST/STM32CubeIDE_1.12.1/STM32CubeIDE/plugins/com.st.stm32cube.ide.mcu.externaltools.gnu-tools-for-stm32.11.3.rel1.win32_1.1.100.202309141235/tools/bin/../lib/gcc/arm-none-eabi/11.3.1/../../../../arm-none-eabi/lib/thumb/v7e-m+fp/hard\libc_nano.a(libc_a-fwalk.o)
                0x0000000008009624                _fwalk_sglue
 .text.__sread  0x0000000008009660       0x22 C:/ST/STM32CubeIDE_1.12.1/STM32CubeIDE/plugins/com.st.stm32cube.ide.mcu.externaltools.gnu-tools-for-stm32.11.3.rel1.win32_1.1.100.202309141235/tools/bin/../lib/gcc/arm-none-eabi/11.3.1/../../../../arm-none-eabi/lib/thumb/v7e-m+fp/hard\libc_nano.a(libc_a-stdio.o)
                0x0000000008009660                __sread
 .text.__swrite
                0x0000000008009682       0x38 C:/ST/STM32CubeIDE_1.12.1/STM32CubeIDE/plugins/com.st.stm32cube.ide.mcu.externaltools.gnu-tools-for-stm32.11.3.rel1.win32_1.1.100.202309141235/tools/bin/../lib/gcc/arm-none-eabi/11.3.1/../../../../arm-none-eabi/lib/thumb/v7e-m+fp/hard\libc_nano.a(libc_a-stdio.o)
                0x0000000008009682                __swrite
 .text.__sseek  0x00000000080096ba       0x24 C:/ST/STM32CubeIDE_1.12.1/STM32CubeIDE/plugins/com.st.stm32cube.ide.mcu.externaltools.gnu-tools-for-stm32.11.3.rel1.win32_1.1.100.202309141235/tools/bin/../lib/gcc/arm-none-eabi/11.3.1/../../../../arm-none-eabi/lib/thumb/v7e-m+fp/hard\libc_nano.a(libc_a-stdio.o)
                0x00000000080096ba                __sseek
 .text.__sclose
                0x00000000080096de        0x8 C:/ST/STM32CubeIDE_1.12.1/STM32CubeIDE/plugins/com.st.stm32cube.ide.mcu.externaltools.gnu-tools-for-stm32.11.3.rel1.win32_1.1.100.202309141235/tools/bin/../lib/gcc/arm-none-eabi/11.3.1/../../../../arm-none-eabi/lib/thumb/v7e-m+fp/hard\libc_nano.a(libc_a-stdio.o)
                0x00000000080096de                __sclose
 .text.memset   0x00000000080096e6       0x10 C:/ST/STM32CubeIDE_1.12.1/STM32CubeIDE/plugins/com.st.stm32cube.ide.mcu.externaltools.gnu-tools-for-stm32.11.3.rel1.win32_1.1.100.202309141235/tools/bin/../lib/gcc/arm-none-eabi/11.3.1/../../../../arm-none-eabi/lib/thumb/v7e-m+fp/hard\libc_nano.a(libc_a-memset.o)
                0x00000000080096e6                memset
 *fill*         0x00000000080096f6        0x2 
 .text._localeconv_r
                0x00000000080096f8        0x8 C:/ST/STM32CubeIDE_1.12.1/STM32CubeIDE/plugins/com.st.stm32cube.ide.mcu.externaltools.gnu-tools-for-stm32.11.3.rel1.win32_1.1.100.202309141235/tools/bin/../lib/gcc/arm-none-eabi/11.3.1/../../../../arm-none-eabi/lib/thumb/v7e-m+fp/hard\libc_nano.a(libc_a-localeconv.o)
                0x00000000080096f8                _localeconv_r
 .text._close_r
                0x0000000008009700       0x20 C:/ST/STM32CubeIDE_1.12.1/STM32CubeIDE/plugins/com.st.stm32cube.ide.mcu.externaltools.gnu-tools-for-stm32.11.3.rel1.win32_1.1.100.202309141235/tools/bin/../lib/gcc/arm-none-eabi/11.3.1/../../../../arm-none-eabi/lib/thumb/v7e-m+fp/hard\libc_nano.a(libc_a-closer.o)
                0x0000000008009700                _close_r
 .text._lseek_r
                0x0000000008009720       0x24 C:/ST/STM32CubeIDE_1.12.1/STM32CubeIDE/plugins/com.st.stm32cube.ide.mcu.externaltools.gnu-tools-for-stm32.11.3.rel1.win32_1.1.100.202309141235/tools/bin/../lib/gcc/arm-none-eabi/11.3.1/../../../../arm-none-eabi/lib/thumb/v7e-m+fp/hard\libc_nano.a(libc_a-lseekr.o)
                0x0000000008009720                _lseek_r
 .text._read_r  0x0000000008009744       0x24 C:/ST/STM32CubeIDE_1.12.1/STM32CubeIDE/plugins/com.st.stm32cube.ide.mcu.externaltools.gnu-tools-for-stm32.11.3.rel1.win32_1.1.100.202309141235/tools/bin/../lib/gcc/arm-none-eabi/11.3.1/../../../../arm-none-eabi/lib/thumb/v7e-m+fp/hard\libc_nano.a(libc_a-readr.o)
                0x0000000008009744                _read_r
 .text._sbrk_r  0x0000000008009768       0x20 C:/ST/STM32CubeIDE_1.12.1/STM32CubeIDE/plugins/com.st.stm32cube.ide.mcu.externaltools.gnu-tools-for-stm32.11.3.rel1.win32_1.1.100.202309141235/tools/bin/../lib/gcc/arm-none-eabi/11.3.1/../../../../arm-none-eabi/lib/thumb/v7e-m+fp/hard\libc_nano.a(libc_a-sbrkr.o)
                0x0000000008009768                _sbrk_r
 .text._write_r
                0x0000000008009788       0x24 C:/ST/STM32CubeIDE_1.12.1/STM32CubeIDE/plugins/com.st.stm32cube.ide.mcu.externaltools.gnu-tools-for-stm32.11.3.rel1.win32_1.1.100.202309141235/tools/bin/../lib/gcc/arm-none-eabi/11.3.1/../../../../arm-none-eabi/lib/thumb/v7e-m+fp/hard\libc_nano.a(libc_a-writer.o)
                0x0000000008009788                _write_r
 .text.__errno  0x00000000080097ac        0xc C:/ST/STM32CubeIDE_1.12.1/STM32CubeIDE/plugins/com.st.stm32cube.ide.mcu.externaltools.gnu-tools-for-stm32.11.3.rel1.win32_1.1.100.202309141235/tools/bin/../lib/gcc/arm-none-eabi/11.3.1/../../../../arm-none-eabi/lib/thumb/v7e-m+fp/hard\libc_nano.a(libc_a-errno.o)
                0x00000000080097ac                __errno
 .text.__libc_init_array
                0x00000000080097b8       0x48 C:/ST/STM32CubeIDE_1.12.1/STM32CubeIDE/plugins/com.st.stm32cube.ide.mcu.externaltools.gnu-tools-for-stm32.11.3.rel1.win32_1.1.100.202309141235/tools/bin/../lib/gcc/arm-none-eabi/11.3.1/../../../../arm-none-eabi/lib/thumb/v7e-m+fp/hard\libc_nano.a(libc_a-init.o)
                0x00000000080097b8                __libc_init_array
 .text.__retarget_lock_init_recursive
                0x0000000008009800        0x2 C:/ST/STM32CubeIDE_1.12.1/STM32CubeIDE/plugins/com.st.stm32cube.ide.mcu.externaltools.gnu-tools-for-stm32.11.3.rel1.win32_1.1.100.202309141235/tools/bin/../lib/gcc/arm-none-eabi/11.3.1/../../../../arm-none-eabi/lib/thumb/v7e-m+fp/hard\libc_nano.a(libc_a-lock.o)
                0x0000000008009800                __retarget_lock_init_recursive
 .text.__retarget_lock_acquire_recursive
                0x0000000008009802        0x2 C:/ST/STM32CubeIDE_1.12.1/STM32CubeIDE/plugins/com.st.stm32cube.ide.mcu.externaltools.gnu-tools-for-stm32.11.3.rel1.win32_1.1.100.202309141235/tools/bin/../lib/gcc/arm-none-eabi/11.3.1/../../../../arm-none-eabi/lib/thumb/v7e-m+fp/hard\libc_nano.a(libc_a-lock.o)
                0x0000000008009802                __retarget_lock_acquire_recursive
 .text.__retarget_lock_release_recursive
                0x0000000008009804        0x2 C:/ST/STM32CubeIDE_1.12.1/STM32CubeIDE/plugins/com.st.stm32cube.ide.mcu.externaltools.gnu-tools-for-stm32.11.3.rel1.win32_1.1.100.202309141235/tools/bin/../lib/gcc/arm-none-eabi/11.3.1/../../../../arm-none-eabi/lib/thumb/v7e-m+fp/hard\libc_nano.a(libc_a-lock.o)
                0x0000000008009804                __retarget_lock_release_recursive
 .text.memcpy   0x0000000008009806       0x1c C:/ST/STM32CubeIDE_1.12.1/STM32CubeIDE/plugins/com.st.stm32cube.ide.mcu.externaltools.gnu-tools-for-stm32.11.3.rel1.win32_1.1.100.202309141235/tools/bin/../lib/gcc/arm-none-eabi/11.3.1/../../../../arm-none-eabi/lib/thumb/v7e-m+fp/hard\libc_nano.a(libc_a-memcpy-stub.o)
                0x0000000008009806                memcpy
 .text.quorem   0x0000000008009822      0x110 C:/ST/STM32CubeIDE_1.12.1/STM32CubeIDE/plugins/com.st.stm32cube.ide.mcu.externaltools.gnu-tools-for-stm32.11.3.rel1.win32_1.1.100.202309141235/tools/bin/../lib/gcc/arm-none-eabi/11.3.1/../../../../arm-none-eabi/lib/thumb/v7e-m+fp/hard\libc_nano.a(libc_a-dtoa.o)
 *fill*         0x0000000008009932        0x6 
 .text._dtoa_r  0x0000000008009938      0xbe4 C:/ST/STM32CubeIDE_1.12.1/STM32CubeIDE/plugins/com.st.stm32cube.ide.mcu.externaltools.gnu-tools-for-stm32.11.3.rel1.win32_1.1.100.202309141235/tools/bin/../lib/gcc/arm-none-eabi/11.3.1/../../../../arm-none-eabi/lib/thumb/v7e-m+fp/hard\libc_nano.a(libc_a-dtoa.o)
                0x0000000008009938                _dtoa_r
 .text._free_r  0x000000000800a51c       0x98 C:/ST/STM32CubeIDE_1.12.1/STM32CubeIDE/plugins/com.st.stm32cube.ide.mcu.externaltools.gnu-tools-for-stm32.11.3.rel1.win32_1.1.100.202309141235/tools/bin/../lib/gcc/arm-none-eabi/11.3.1/../../../../arm-none-eabi/lib/thumb/v7e-m+fp/hard\libc_nano.a(libc_a-freer.o)
                0x000000000800a51c                _free_r
 .text._Balloc  0x000000000800a5b4       0x80 C:/ST/STM32CubeIDE_1.12.1/STM32CubeIDE/plugins/com.st.stm32cube.ide.mcu.externaltools.gnu-tools-for-stm32.11.3.rel1.win32_1.1.100.202309141235/tools/bin/../lib/gcc/arm-none-eabi/11.3.1/../../../../arm-none-eabi/lib/thumb/v7e-m+fp/hard\libc_nano.a(libc_a-mprec.o)
                0x000000000800a5b4                _Balloc
 .text._Bfree   0x000000000800a634       0x44 C:/ST/STM32CubeIDE_1.12.1/STM32CubeIDE/plugins/com.st.stm32cube.ide.mcu.externaltools.gnu-tools-for-stm32.11.3.rel1.win32_1.1.100.202309141235/tools/bin/../lib/gcc/arm-none-eabi/11.3.1/../../../../arm-none-eabi/lib/thumb/v7e-m+fp/hard\libc_nano.a(libc_a-mprec.o)
                0x000000000800a634                _Bfree
 .text.__multadd
                0x000000000800a678       0x8c C:/ST/STM32CubeIDE_1.12.1/STM32CubeIDE/plugins/com.st.stm32cube.ide.mcu.externaltools.gnu-tools-for-stm32.11.3.rel1.win32_1.1.100.202309141235/tools/bin/../lib/gcc/arm-none-eabi/11.3.1/../../../../arm-none-eabi/lib/thumb/v7e-m+fp/hard\libc_nano.a(libc_a-mprec.o)
                0x000000000800a678                __multadd
 .text.__hi0bits
                0x000000000800a704       0x40 C:/ST/STM32CubeIDE_1.12.1/STM32CubeIDE/plugins/com.st.stm32cube.ide.mcu.externaltools.gnu-tools-for-stm32.11.3.rel1.win32_1.1.100.202309141235/tools/bin/../lib/gcc/arm-none-eabi/11.3.1/../../../../arm-none-eabi/lib/thumb/v7e-m+fp/hard\libc_nano.a(libc_a-mprec.o)
                0x000000000800a704                __hi0bits
 .text.__lo0bits
                0x000000000800a744       0x5a C:/ST/STM32CubeIDE_1.12.1/STM32CubeIDE/plugins/com.st.stm32cube.ide.mcu.externaltools.gnu-tools-for-stm32.11.3.rel1.win32_1.1.100.202309141235/tools/bin/../lib/gcc/arm-none-eabi/11.3.1/../../../../arm-none-eabi/lib/thumb/v7e-m+fp/hard\libc_nano.a(libc_a-mprec.o)
                0x000000000800a744                __lo0bits
 *fill*         0x000000000800a79e        0x2 
 .text.__i2b    0x000000000800a7a0       0x2c C:/ST/STM32CubeIDE_1.12.1/STM32CubeIDE/plugins/com.st.stm32cube.ide.mcu.externaltools.gnu-tools-for-stm32.11.3.rel1.win32_1.1.100.202309141235/tools/bin/../lib/gcc/arm-none-eabi/11.3.1/../../../../arm-none-eabi/lib/thumb/v7e-m+fp/hard\libc_nano.a(libc_a-mprec.o)
                0x000000000800a7a0                __i2b
 .text.__multiply
                0x000000000800a7cc      0x154 C:/ST/STM32CubeIDE_1.12.1/STM32CubeIDE/plugins/com.st.stm32cube.ide.mcu.externaltools.gnu-tools-for-stm32.11.3.rel1.win32_1.1.100.202309141235/tools/bin/../lib/gcc/arm-none-eabi/11.3.1/../../../../arm-none-eabi/lib/thumb/v7e-m+fp/hard\libc_nano.a(libc_a-mprec.o)
                0x000000000800a7cc                __multiply
 .text.__pow5mult
                0x000000000800a920       0xb4 C:/ST/STM32CubeIDE_1.12.1/STM32CubeIDE/plugins/com.st.stm32cube.ide.mcu.externaltools.gnu-tools-for-stm32.11.3.rel1.win32_1.1.100.202309141235/tools/bin/../lib/gcc/arm-none-eabi/11.3.1/../../../../arm-none-eabi/lib/thumb/v7e-m+fp/hard\libc_nano.a(libc_a-mprec.o)
                0x000000000800a920                __pow5mult
 .text.__lshift
                0x000000000800a9d4       0xd8 C:/ST/STM32CubeIDE_1.12.1/STM32CubeIDE/plugins/com.st.stm32cube.ide.mcu.externaltools.gnu-tools-for-stm32.11.3.rel1.win32_1.1.100.202309141235/tools/bin/../lib/gcc/arm-none-eabi/11.3.1/../../../../arm-none-eabi/lib/thumb/v7e-m+fp/hard\libc_nano.a(libc_a-mprec.o)
                0x000000000800a9d4                __lshift
 .text.__mcmp   0x000000000800aaac       0x38 C:/ST/STM32CubeIDE_1.12.1/STM32CubeIDE/plugins/com.st.stm32cube.ide.mcu.externaltools.gnu-tools-for-stm32.11.3.rel1.win32_1.1.100.202309141235/tools/bin/../lib/gcc/arm-none-eabi/11.3.1/../../../../arm-none-eabi/lib/thumb/v7e-m+fp/hard\libc_nano.a(libc_a-mprec.o)
                0x000000000800aaac                __mcmp
 .text.__mdiff  0x000000000800aae4      0x114 C:/ST/STM32CubeIDE_1.12.1/STM32CubeIDE/plugins/com.st.stm32cube.ide.mcu.externaltools.gnu-tools-for-stm32.11.3.rel1.win32_1.1.100.202309141235/tools/bin/../lib/gcc/arm-none-eabi/11.3.1/../../../../arm-none-eabi/lib/thumb/v7e-m+fp/hard\libc_nano.a(libc_a-mprec.o)
                0x000000000800aae4                __mdiff
 .text.__d2b    0x000000000800abf8       0xb4 C:/ST/STM32CubeIDE_1.12.1/STM32CubeIDE/plugins/com.st.stm32cube.ide.mcu.externaltools.gnu-tools-for-stm32.11.3.rel1.win32_1.1.100.202309141235/tools/bin/../lib/gcc/arm-none-eabi/11.3.1/../../../../arm-none-eabi/lib/thumb/v7e-m+fp/hard\libc_nano.a(libc_a-mprec.o)
                0x000000000800abf8                __d2b
 .text.__sflush_r
                0x000000000800acac      0x10c C:/ST/STM32CubeIDE_1.12.1/STM32CubeIDE/plugins/com.st.stm32cube.ide.mcu.externaltools.gnu-tools-for-stm32.11.3.rel1.win32_1.1.100.202309141235/tools/bin/../lib/gcc/arm-none-eabi/11.3.1/../../../../arm-none-eabi/lib/thumb/v7e-m+fp/hard\libc_nano.a(libc_a-fflush.o)
                0x000000000800acac                __sflush_r
 .text._fflush_r
                0x000000000800adb8       0x50 C:/ST/STM32CubeIDE_1.12.1/STM32CubeIDE/plugins/com.st.stm32cube.ide.mcu.externaltools.gnu-tools-for-stm32.11.3.rel1.win32_1.1.100.202309141235/tools/bin/../lib/gcc/arm-none-eabi/11.3.1/../../../../arm-none-eabi/lib/thumb/v7e-m+fp/hard\libc_nano.a(libc_a-fflush.o)
                0x000000000800adb8                _fflush_r
 .text.__assert_func
                0x000000000800ae08       0x3c C:/ST/STM32CubeIDE_1.12.1/STM32CubeIDE/plugins/com.st.stm32cube.ide.mcu.externaltools.gnu-tools-for-stm32.11.3.rel1.win32_1.1.100.202309141235/tools/bin/../lib/gcc/arm-none-eabi/11.3.1/../../../../arm-none-eabi/lib/thumb/v7e-m+fp/hard\libc_nano.a(libc_a-assert.o)
                0x000000000800ae08                __assert_func
 .text._calloc_r
                0x000000000800ae44       0x2c C:/ST/STM32CubeIDE_1.12.1/STM32CubeIDE/plugins/com.st.stm32cube.ide.mcu.externaltools.gnu-tools-for-stm32.11.3.rel1.win32_1.1.100.202309141235/tools/bin/../lib/gcc/arm-none-eabi/11.3.1/../../../../arm-none-eabi/lib/thumb/v7e-m+fp/hard\libc_nano.a(libc_a-callocr.o)
                0x000000000800ae44                _calloc_r
 .text.__ascii_mbtowc
                0x000000000800ae70       0x24 C:/ST/STM32CubeIDE_1.12.1/STM32CubeIDE/plugins/com.st.stm32cube.ide.mcu.externaltools.gnu-tools-for-stm32.11.3.rel1.win32_1.1.100.202309141235/tools/bin/../lib/gcc/arm-none-eabi/11.3.1/../../../../arm-none-eabi/lib/thumb/v7e-m+fp/hard\libc_nano.a(libc_a-mbtowc_r.o)
                0x000000000800ae70                __ascii_mbtowc
 .text.__ascii_wctomb
                0x000000000800ae94       0x1a C:/ST/STM32CubeIDE_1.12.1/STM32CubeIDE/plugins/com.st.stm32cube.ide.mcu.externaltools.gnu-tools-for-stm32.11.3.rel1.win32_1.1.100.202309141235/tools/bin/../lib/gcc/arm-none-eabi/11.3.1/../../../../arm-none-eabi/lib/thumb/v7e-m+fp/hard\libc_nano.a(libc_a-wctomb_r.o)
                0x000000000800ae94                __ascii_wctomb
 *fill*         0x000000000800aeae        0x2 
 .text.fprintf  0x000000000800aeb0       0x24 C:/ST/STM32CubeIDE_1.12.1/STM32CubeIDE/plugins/com.st.stm32cube.ide.mcu.externaltools.gnu-tools-for-stm32.11.3.rel1.win32_1.1.100.202309141235/tools/bin/../lib/gcc/arm-none-eabi/11.3.1/../../../../arm-none-eabi/lib/thumb/v7e-m+fp/hard\libc_nano.a(libc_a-fprintf.o)
                0x000000000800aeb0                fiprintf
                0x000000000800aeb0                fprintf
 .text.abort    0x000000000800aed4        0xe C:/ST/STM32CubeIDE_1.12.1/STM32CubeIDE/plugins/com.st.stm32cube.ide.mcu.externaltools.gnu-tools-for-stm32.11.3.rel1.win32_1.1.100.202309141235/tools/bin/../lib/gcc/arm-none-eabi/11.3.1/../../../../arm-none-eabi/lib/thumb/v7e-m+fp/hard\libc_nano.a(libc_a-abort.o)
                0x000000000800aed4                abort
 .text.__sfputc_r
                0x000000000800aee2       0x2e C:/ST/STM32CubeIDE_1.12.1/STM32CubeIDE/plugins/com.st.stm32cube.ide.mcu.externaltools.gnu-tools-for-stm32.11.3.rel1.win32_1.1.100.202309141235/tools/bin/../lib/gcc/arm-none-eabi/11.3.1/../../../../arm-none-eabi/lib/thumb/v7e-m+fp/hard\libc_nano.a(libc_a-nano-vfprintf.o)
 .text.__sfputs_r
                0x000000000800af10       0x24 C:/ST/STM32CubeIDE_1.12.1/STM32CubeIDE/plugins/com.st.stm32cube.ide.mcu.externaltools.gnu-tools-for-stm32.11.3.rel1.win32_1.1.100.202309141235/tools/bin/../lib/gcc/arm-none-eabi/11.3.1/../../../../arm-none-eabi/lib/thumb/v7e-m+fp/hard\libc_nano.a(libc_a-nano-vfprintf.o)
                0x000000000800af10                __sfputs_r
 .text._vfprintf_r
                0x000000000800af34      0x234 C:/ST/STM32CubeIDE_1.12.1/STM32CubeIDE/plugins/com.st.stm32cube.ide.mcu.externaltools.gnu-tools-for-stm32.11.3.rel1.win32_1.1.100.202309141235/tools/bin/../lib/gcc/arm-none-eabi/11.3.1/../../../../arm-none-eabi/lib/thumb/v7e-m+fp/hard\libc_nano.a(libc_a-nano-vfprintf.o)
                0x000000000800af34                _vfprintf_r
                0x000000000800af34                _vfiprintf_r
 .text.__swbuf_r
                0x000000000800b168       0x7a C:/ST/STM32CubeIDE_1.12.1/STM32CubeIDE/plugins/com.st.stm32cube.ide.mcu.externaltools.gnu-tools-for-stm32.11.3.rel1.win32_1.1.100.202309141235/tools/bin/../lib/gcc/arm-none-eabi/11.3.1/../../../../arm-none-eabi/lib/thumb/v7e-m+fp/hard\libc_nano.a(libc_a-wbuf.o)
                0x000000000800b168                __swbuf_r
 *fill*         0x000000000800b1e2        0x2 
 .text.__swsetup_r
                0x000000000800b1e4       0xb0 C:/ST/STM32CubeIDE_1.12.1/STM32CubeIDE/plugins/com.st.stm32cube.ide.mcu.externaltools.gnu-tools-for-stm32.11.3.rel1.win32_1.1.100.202309141235/tools/bin/../lib/gcc/arm-none-eabi/11.3.1/../../../../arm-none-eabi/lib/thumb/v7e-m+fp/hard\libc_nano.a(libc_a-wsetup.o)
                0x000000000800b1e4                __swsetup_r
 .text._raise_r
                0x000000000800b294       0x50 C:/ST/STM32CubeIDE_1.12.1/STM32CubeIDE/plugins/com.st.stm32cube.ide.mcu.externaltools.gnu-tools-for-stm32.11.3.rel1.win32_1.1.100.202309141235/tools/bin/../lib/gcc/arm-none-eabi/11.3.1/../../../../arm-none-eabi/lib/thumb/v7e-m+fp/hard\libc_nano.a(libc_a-signal.o)
                0x000000000800b294                _raise_r
 .text.raise    0x000000000800b2e4       0x10 C:/ST/STM32CubeIDE_1.12.1/STM32CubeIDE/plugins/com.st.stm32cube.ide.mcu.externaltools.gnu-tools-for-stm32.11.3.rel1.win32_1.1.100.202309141235/tools/bin/../lib/gcc/arm-none-eabi/11.3.1/../../../../arm-none-eabi/lib/thumb/v7e-m+fp/hard\libc_nano.a(libc_a-signal.o)
                0x000000000800b2e4                raise
 .text._kill_r  0x000000000800b2f4       0x24 C:/ST/STM32CubeIDE_1.12.1/STM32CubeIDE/plugins/com.st.stm32cube.ide.mcu.externaltools.gnu-tools-for-stm32.11.3.rel1.win32_1.1.100.202309141235/tools/bin/../lib/gcc/arm-none-eabi/11.3.1/../../../../arm-none-eabi/lib/thumb/v7e-m+fp/hard\libc_nano.a(libc_a-signalr.o)
                0x000000000800b2f4                _kill_r
 .text._getpid_r
                0x000000000800b318        0x4 C:/ST/STM32CubeIDE_1.12.1/STM32CubeIDE/plugins/com.st.stm32cube.ide.mcu.externaltools.gnu-tools-for-stm32.11.3.rel1.win32_1.1.100.202309141235/tools/bin/../lib/gcc/arm-none-eabi/11.3.1/../../../../arm-none-eabi/lib/thumb/v7e-m+fp/hard\libc_nano.a(libc_a-signalr.o)
                0x000000000800b318                _getpid_r
 .text.__swhatbuf_r
                0x000000000800b31c       0x4c C:/ST/STM32CubeIDE_1.12.1/STM32CubeIDE/plugins/com.st.stm32cube.ide.mcu.externaltools.gnu-tools-for-stm32.11.3.rel1.win32_1.1.100.202309141235/tools/bin/../lib/gcc/arm-none-eabi/11.3.1/../../../../arm-none-eabi/lib/thumb/v7e-m+fp/hard\libc_nano.a(libc_a-makebuf.o)
                0x000000000800b31c                __swhatbuf_r
 .text.__smakebuf_r
                0x000000000800b368       0x78 C:/ST/STM32CubeIDE_1.12.1/STM32CubeIDE/plugins/com.st.stm32cube.ide.mcu.externaltools.gnu-tools-for-stm32.11.3.rel1.win32_1.1.100.202309141235/tools/bin/../lib/gcc/arm-none-eabi/11.3.1/../../../../arm-none-eabi/lib/thumb/v7e-m+fp/hard\libc_nano.a(libc_a-makebuf.o)
                0x000000000800b368                __smakebuf_r
 .text._fstat_r
                0x000000000800b3e0       0x24 C:/ST/STM32CubeIDE_1.12.1/STM32CubeIDE/plugins/com.st.stm32cube.ide.mcu.externaltools.gnu-tools-for-stm32.11.3.rel1.win32_1.1.100.202309141235/tools/bin/../lib/gcc/arm-none-eabi/11.3.1/../../../../arm-none-eabi/lib/thumb/v7e-m+fp/hard\libc_nano.a(libc_a-fstatr.o)
                0x000000000800b3e0                _fstat_r
 .text._isatty_r
                0x000000000800b404       0x20 C:/ST/STM32CubeIDE_1.12.1/STM32CubeIDE/plugins/com.st.stm32cube.ide.mcu.externaltools.gnu-tools-for-stm32.11.3.rel1.win32_1.1.100.202309141235/tools/bin/../lib/gcc/arm-none-eabi/11.3.1/../../../../arm-none-eabi/lib/thumb/v7e-m+fp/hard\libc_nano.a(libc_a-isattyr.o)
                0x000000000800b404                _isatty_r
 .text.fmod     0x000000000800b424       0x5c C:/ST/STM32CubeIDE_1.12.1/STM32CubeIDE/plugins/com.st.stm32cube.ide.mcu.externaltools.gnu-tools-for-stm32.11.3.rel1.win32_1.1.100.202309141235/tools/bin/../lib/gcc/arm-none-eabi/11.3.1/../../../../arm-none-eabi/lib/thumb/v7e-m+fp/hard\libm.a(libm_a-w_fmod.o)
                0x000000000800b424                fmod
 .text.__ieee754_fmod
                0x000000000800b480      0x21c C:/ST/STM32CubeIDE_1.12.1/STM32CubeIDE/plugins/com.st.stm32cube.ide.mcu.externaltools.gnu-tools-for-stm32.11.3.rel1.win32_1.1.100.202309141235/tools/bin/../lib/gcc/arm-none-eabi/11.3.1/../../../../arm-none-eabi/lib/thumb/v7e-m+fp/hard\libm.a(libm_a-e_fmod.o)
                0x000000000800b480                __ieee754_fmod
 *(.glue_7)
 .glue_7        0x000000000800b69c        0x0 linker stubs
 *(.glue_7t)
 .glue_7t       0x000000000800b69c        0x0 linker stubs
 *(.eh_frame)
 .eh_frame      0x000000000800b69c        0x0 C:/ST/STM32CubeIDE_1.12.1/STM32CubeIDE/plugins/com.st.stm32cube.ide.mcu.externaltools.gnu-tools-for-stm32.11.3.rel1.win32_1.1.100.202309141235/tools/bin/../lib/gcc/arm-none-eabi/11.3.1/thumb/v7e-m+fp/hard/crtbegin.o
 *(.init)
 .init          0x000000000800b69c        0x4 C:/ST/STM32CubeIDE_1.12.1/STM32CubeIDE/plugins/com.st.stm32cube.ide.mcu.externaltools.gnu-tools-for-stm32.11.3.rel1.win32_1.1.100.202309141235/tools/bin/../lib/gcc/arm-none-eabi/11.3.1/thumb/v7e-m+fp/hard/crti.o
                0x000000000800b69c                _init
 .init          0x000000000800b6a0        0x8 C:/ST/STM32CubeIDE_1.12.1/STM32CubeIDE/plugins/com.st.stm32cube.ide.mcu.externaltools.gnu-tools-for-stm32.11.3.rel1.win32_1.1.100.202309141235/tools/bin/../lib/gcc/arm-none-eabi/11.3.1/thumb/v7e-m+fp/hard/crtn.o
 *(.fini)
 .fini          0x000000000800b6a8        0x4 C:/ST/STM32CubeIDE_1.12.1/STM32CubeIDE/plugins/com.st.stm32cube.ide.mcu.externaltools.gnu-tools-for-stm32.11.3.rel1.win32_1.1.100.202309141235/tools/bin/../lib/gcc/arm-none-eabi/11.3.1/thumb/v7e-m+fp/hard/crti.o
                0x000000000800b6a8                _fini
 .fini          0x000000000800b6ac        0x8 C:/ST/STM32CubeIDE_1.12.1/STM32CubeIDE/plugins/com.st.stm32cube.ide.mcu.externaltools.gnu-tools-for-stm32.11.3.rel1.win32_1.1.100.202309141235/tools/bin/../lib/gcc/arm-none-eabi/11.3.1/thumb/v7e-m+fp/hard/crtn.o
                0x000000000800b6b4                . = ALIGN (0x4)
                0x000000000800b6b4                _etext = .

.vfp11_veneer   0x000000000800b6b4        0x0
 .vfp11_veneer  0x000000000800b6b4        0x0 linker stubs

.v4_bx          0x000000000800b6b4        0x0
 .v4_bx         0x000000000800b6b4        0x0 linker stubs

.iplt           0x000000000800b6b4        0x0
 .iplt          0x000000000800b6b4        0x0 C:/ST/STM32CubeIDE_1.12.1/STM32CubeIDE/plugins/com.st.stm32cube.ide.mcu.externaltools.gnu-tools-for-stm32.11.3.rel1.win32_1.1.100.202309141235/tools/bin/../lib/gcc/arm-none-eabi/11.3.1/thumb/v7e-m+fp/hard/crtbegin.o

.rodata         0x000000000800b6b8      0x448
                0x000000000800b6b8                . = ALIGN (0x4)
 *(.rodata)
 .rodata        0x000000000800b6b8       0x5c ./Core/Src/main.o
 .rodata        0x000000000800b714       0x56 ./Core/Src/usbd_desc.o
 *(.rodata*)
 *fill*         0x000000000800b76a        0x2 
 .rodata.AHBPrescTable
                0x000000000800b76c       0x10 ./Core/Src/system_stm32f4xx.o
                0x000000000800b76c                AHBPrescTable
 .rodata._printf_float.str1.1
                0x000000000800b77c       0x12 C:/ST/STM32CubeIDE_1.12.1/STM32CubeIDE/plugins/com.st.stm32cube.ide.mcu.externaltools.gnu-tools-for-stm32.11.3.rel1.win32_1.1.100.202309141235/tools/bin/../lib/gcc/arm-none-eabi/11.3.1/../../../../arm-none-eabi/lib/thumb/v7e-m+fp/hard\libc_nano.a(libc_a-nano-vfprintf_float.o)
 .rodata._printf_i.str1.1
                0x000000000800b78e       0x22 C:/ST/STM32CubeIDE_1.12.1/STM32CubeIDE/plugins/com.st.stm32cube.ide.mcu.externaltools.gnu-tools-for-stm32.11.3.rel1.win32_1.1.100.202309141235/tools/bin/../lib/gcc/arm-none-eabi/11.3.1/../../../../arm-none-eabi/lib/thumb/v7e-m+fp/hard\libc_nano.a(libc_a-nano-vfprintf_i.o)
 .rodata._dtoa_r.str1.1
                0x000000000800b7b0       0x8d C:/ST/STM32CubeIDE_1.12.1/STM32CubeIDE/plugins/com.st.stm32cube.ide.mcu.externaltools.gnu-tools-for-stm32.11.3.rel1.win32_1.1.100.202309141235/tools/bin/../lib/gcc/arm-none-eabi/11.3.1/../../../../arm-none-eabi/lib/thumb/v7e-m+fp/hard\libc_nano.a(libc_a-dtoa.o)
                                         0x8f (size before relaxing)
 .rodata._Balloc.str1.1
                0x000000000800b83d       0x59 C:/ST/STM32CubeIDE_1.12.1/STM32CubeIDE/plugins/com.st.stm32cube.ide.mcu.externaltools.gnu-tools-for-stm32.11.3.rel1.win32_1.1.100.202309141235/tools/bin/../lib/gcc/arm-none-eabi/11.3.1/../../../../arm-none-eabi/lib/thumb/v7e-m+fp/hard\libc_nano.a(libc_a-mprec.o)
                                         0x70 (size before relaxing)
 .rodata.__multadd.str1.1
                0x000000000800b896       0x11 C:/ST/STM32CubeIDE_1.12.1/STM32CubeIDE/plugins/com.st.stm32cube.ide.mcu.externaltools.gnu-tools-for-stm32.11.3.rel1.win32_1.1.100.202309141235/tools/bin/../lib/gcc/arm-none-eabi/11.3.1/../../../../arm-none-eabi/lib/thumb/v7e-m+fp/hard\libc_nano.a(libc_a-mprec.o)
 *fill*         0x000000000800b896        0x2 
 .rodata.__mprec_bigtens
                0x000000000800b898       0x28 C:/ST/STM32CubeIDE_1.12.1/STM32CubeIDE/plugins/com.st.stm32cube.ide.mcu.externaltools.gnu-tools-for-stm32.11.3.rel1.win32_1.1.100.202309141235/tools/bin/../lib/gcc/arm-none-eabi/11.3.1/../../../../arm-none-eabi/lib/thumb/v7e-m+fp/hard\libc_nano.a(libc_a-mprec.o)
                0x000000000800b898                __mprec_bigtens
 .rodata.__mprec_tens
                0x000000000800b8c0       0xc8 C:/ST/STM32CubeIDE_1.12.1/STM32CubeIDE/plugins/com.st.stm32cube.ide.mcu.externaltools.gnu-tools-for-stm32.11.3.rel1.win32_1.1.100.202309141235/tools/bin/../lib/gcc/arm-none-eabi/11.3.1/../../../../arm-none-eabi/lib/thumb/v7e-m+fp/hard\libc_nano.a(libc_a-mprec.o)
                0x000000000800b8c0                __mprec_tens
 .rodata.p05.0  0x000000000800b988        0xc C:/ST/STM32CubeIDE_1.12.1/STM32CubeIDE/plugins/com.st.stm32cube.ide.mcu.externaltools.gnu-tools-for-stm32.11.3.rel1.win32_1.1.100.202309141235/tools/bin/../lib/gcc/arm-none-eabi/11.3.1/../../../../arm-none-eabi/lib/thumb/v7e-m+fp/hard\libc_nano.a(libc_a-mprec.o)
 .rodata._setlocale_r.str1.1
                0x000000000800b994        0x8 C:/ST/STM32CubeIDE_1.12.1/STM32CubeIDE/plugins/com.st.stm32cube.ide.mcu.externaltools.gnu-tools-for-stm32.11.3.rel1.win32_1.1.100.202309141235/tools/bin/../lib/gcc/arm-none-eabi/11.3.1/../../../../arm-none-eabi/lib/thumb/v7e-m+fp/hard\libc_nano.a(libc_a-locale.o)
                                          0x9 (size before relaxing)
 .rodata.str1.1
                0x000000000800b99c        0x2 C:/ST/STM32CubeIDE_1.12.1/STM32CubeIDE/plugins/com.st.stm32cube.ide.mcu.externaltools.gnu-tools-for-stm32.11.3.rel1.win32_1.1.100.202309141235/tools/bin/../lib/gcc/arm-none-eabi/11.3.1/../../../../arm-none-eabi/lib/thumb/v7e-m+fp/hard\libc_nano.a(libc_a-locale.o)
 .rodata.__assert_func.str1.1
                0x000000000800b99e       0x3c C:/ST/STM32CubeIDE_1.12.1/STM32CubeIDE/plugins/com.st.stm32cube.ide.mcu.externaltools.gnu-tools-for-stm32.11.3.rel1.win32_1.1.100.202309141235/tools/bin/../lib/gcc/arm-none-eabi/11.3.1/../../../../arm-none-eabi/lib/thumb/v7e-m+fp/hard\libc_nano.a(libc_a-assert.o)
                                         0x3d (size before relaxing)
 .rodata._ctype_
                0x000000000800b9da      0x101 C:/ST/STM32CubeIDE_1.12.1/STM32CubeIDE/plugins/com.st.stm32cube.ide.mcu.externaltools.gnu-tools-for-stm32.11.3.rel1.win32_1.1.100.202309141235/tools/bin/../lib/gcc/arm-none-eabi/11.3.1/../../../../arm-none-eabi/lib/thumb/v7e-m+fp/hard\libc_nano.a(libc_a-ctype_.o)
                0x000000000800b9da                _ctype_
 .rodata._vfprintf_r.str1.1
                0x000000000800badb       0x11 C:/ST/STM32CubeIDE_1.12.1/STM32CubeIDE/plugins/com.st.stm32cube.ide.mcu.externaltools.gnu-tools-for-stm32.11.3.rel1.win32_1.1.100.202309141235/tools/bin/../lib/gcc/arm-none-eabi/11.3.1/../../../../arm-none-eabi/lib/thumb/v7e-m+fp/hard\libc_nano.a(libc_a-nano-vfprintf.o)
 *fill*         0x000000000800baec        0x4 
 .rodata.Zero   0x000000000800baf0       0x10 C:/ST/STM32CubeIDE_1.12.1/STM32CubeIDE/plugins/com.st.stm32cube.ide.mcu.externaltools.gnu-tools-for-stm32.11.3.rel1.win32_1.1.100.202309141235/tools/bin/../lib/gcc/arm-none-eabi/11.3.1/../../../../arm-none-eabi/lib/thumb/v7e-m+fp/hard\libm.a(libm_a-e_fmod.o)
                0x000000000800bb00                . = ALIGN (0x4)

.rel.dyn        0x000000000800bb00        0x0
 .rel.iplt      0x000000000800bb00        0x0 C:/ST/STM32CubeIDE_1.12.1/STM32CubeIDE/plugins/com.st.stm32cube.ide.mcu.externaltools.gnu-tools-for-stm32.11.3.rel1.win32_1.1.100.202309141235/tools/bin/../lib/gcc/arm-none-eabi/11.3.1/thumb/v7e-m+fp/hard/crtbegin.o

.ARM.extab      0x000000000800bb00        0x0
                0x000000000800bb00                . = ALIGN (0x4)
 *(.ARM.extab* .gnu.linkonce.armextab.*)
                0x000000000800bb00                . = ALIGN (0x4)

.ARM            0x000000000800bb00        0x0
                0x000000000800bb00                . = ALIGN (0x4)
                0x000000000800bb00                __exidx_start = .
 *(.ARM.exidx*)
                0x000000000800bb00                __exidx_end = .
                0x000000000800bb00                . = ALIGN (0x4)

.preinit_array  0x000000000800bb00        0x0
                0x000000000800bb00                . = ALIGN (0x4)
                0x000000000800bb00                PROVIDE (__preinit_array_start = .)
 *(.preinit_array*)
                0x000000000800bb00                PROVIDE (__preinit_array_end = .)
                0x000000000800bb00                . = ALIGN (0x4)

.init_array     0x000000000800bb00        0x4
                0x000000000800bb00                . = ALIGN (0x4)
                0x000000000800bb00                PROVIDE (__init_array_start = .)
 *(SORT_BY_NAME(.init_array.*))
 *(.init_array*)
 .init_array    0x000000000800bb00        0x4 C:/ST/STM32CubeIDE_1.12.1/STM32CubeIDE/plugins/com.st.stm32cube.ide.mcu.externaltools.gnu-tools-for-stm32.11.3.rel1.win32_1.1.100.202309141235/tools/bin/../lib/gcc/arm-none-eabi/11.3.1/thumb/v7e-m+fp/hard/crtbegin.o
                0x000000000800bb04                PROVIDE (__init_array_end = .)
                0x000000000800bb04                . = ALIGN (0x4)

.fini_array     0x000000000800bb04        0x4
                0x000000000800bb04                . = ALIGN (0x4)
                [!provide]                        PROVIDE (__fini_array_start = .)
 *(SORT_BY_NAME(.fini_array.*))
 *(.fini_array*)
 .fini_array    0x000000000800bb04        0x4 C:/ST/STM32CubeIDE_1.12.1/STM32CubeIDE/plugins/com.st.stm32cube.ide.mcu.externaltools.gnu-tools-for-stm32.11.3.rel1.win32_1.1.100.202309141235/tools/bin/../lib/gcc/arm-none-eabi/11.3.1/thumb/v7e-m+fp/hard/crtbegin.o
                [!provide]                        PROVIDE (__fini_array_end = .)
                0x000000000800bb08                . = ALIGN (0x4)
                0x000000000800bb08                _sidata = LOADADDR (.data)

.data           0x0000000020000000      0x330 load address 0x000000000800bb08
                0x0000000020000000                . = ALIGN (0x4)
                0x0000000020000000                _sdata = .
 *(.data)
 *(.data*)
 .data.tmp_name
                0x0000000020000000        0xd ./Core/Src/main.o
                0x0000000020000000                tmp_name
 *fill*         0x000000002000000d        0x3 
 .data.SystemCoreClock
                0x0000000020000010        0x4 ./Core/Src/system_stm32f4xx.o
                0x0000000020000010                SystemCoreClock
 .data.USBD_CDC_DeviceQualifierDesc
                0x0000000020000014        0xa ./Core/Src/usbd_cdc.o
 *fill*         0x000000002000001e        0x2 
 .data.USBD_CDC
                0x0000000020000020       0x38 ./Core/Src/usbd_cdc.o
                0x0000000020000020                USBD_CDC
 .data.USBD_CDC_CfgHSDesc
                0x0000000020000058       0x43 ./Core/Src/usbd_cdc.o
                0x0000000020000058                USBD_CDC_CfgHSDesc
 *fill*         0x000000002000009b        0x1 
 .data.USBD_CDC_CfgFSDesc
                0x000000002000009c       0x43 ./Core/Src/usbd_cdc.o
                0x000000002000009c                USBD_CDC_CfgFSDesc
 *fill*         0x00000000200000df        0x1 
 .data.USBD_CDC_OtherSpeedCfgDesc
                0x00000000200000e0       0x43 ./Core/Src/usbd_cdc.o
                0x00000000200000e0                USBD_CDC_OtherSpeedCfgDesc
 *fill*         0x0000000020000123        0x1 
 .data.USBD_Interface_fops_FS
                0x0000000020000124       0x10 ./Core/Src/usbd_cdc_if.o
                0x0000000020000124                USBD_Interface_fops_FS
 .data.FS_Desc  0x0000000020000134       0x1c ./Core/Src/usbd_desc.o
                0x0000000020000134                FS_Desc
 .data.USBD_FS_DeviceDesc
                0x0000000020000150       0x12 ./Core/Src/usbd_desc.o
                0x0000000020000150                USBD_FS_DeviceDesc
 *fill*         0x0000000020000162        0x2 
 .data.USBD_LangIDDesc
                0x0000000020000164        0x4 ./Core/Src/usbd_desc.o
                0x0000000020000164                USBD_LangIDDesc
 .data.__sglue  0x0000000020000168        0xc C:/ST/STM32CubeIDE_1.12.1/STM32CubeIDE/plugins/com.st.stm32cube.ide.mcu.externaltools.gnu-tools-for-stm32.11.3.rel1.win32_1.1.100.202309141235/tools/bin/../lib/gcc/arm-none-eabi/11.3.1/../../../../arm-none-eabi/lib/thumb/v7e-m+fp/hard\libc_nano.a(libc_a-findfp.o)
                0x0000000020000168                __sglue
 .data._impure_data
                0x0000000020000174       0x4c C:/ST/STM32CubeIDE_1.12.1/STM32CubeIDE/plugins/com.st.stm32cube.ide.mcu.externaltools.gnu-tools-for-stm32.11.3.rel1.win32_1.1.100.202309141235/tools/bin/../lib/gcc/arm-none-eabi/11.3.1/../../../../arm-none-eabi/lib/thumb/v7e-m+fp/hard\libc_nano.a(libc_a-impure.o)
                0x0000000020000174                _impure_data
 .data._impure_ptr
                0x00000000200001c0        0x4 C:/ST/STM32CubeIDE_1.12.1/STM32CubeIDE/plugins/com.st.stm32cube.ide.mcu.externaltools.gnu-tools-for-stm32.11.3.rel1.win32_1.1.100.202309141235/tools/bin/../lib/gcc/arm-none-eabi/11.3.1/../../../../arm-none-eabi/lib/thumb/v7e-m+fp/hard\libc_nano.a(libc_a-impure.o)
                0x00000000200001c0                _impure_ptr
 .data.__global_locale
                0x00000000200001c4      0x16c C:/ST/STM32CubeIDE_1.12.1/STM32CubeIDE/plugins/com.st.stm32cube.ide.mcu.externaltools.gnu-tools-for-stm32.11.3.rel1.win32_1.1.100.202309141235/tools/bin/../lib/gcc/arm-none-eabi/11.3.1/../../../../arm-none-eabi/lib/thumb/v7e-m+fp/hard\libc_nano.a(libc_a-locale.o)
                0x00000000200001c4                __global_locale
 *(.RamFunc)
 *(.RamFunc*)
                0x0000000020000330                . = ALIGN (0x4)
                0x0000000020000330                _edata = .
                0x000000000800be38                _siccmram = LOADADDR (.ccmram)

.igot.plt       0x0000000020000330        0x0 load address 0x000000000800be38
 .igot.plt      0x0000000020000330        0x0 C:/ST/STM32CubeIDE_1.12.1/STM32CubeIDE/plugins/com.st.stm32cube.ide.mcu.externaltools.gnu-tools-for-stm32.11.3.rel1.win32_1.1.100.202309141235/tools/bin/../lib/gcc/arm-none-eabi/11.3.1/thumb/v7e-m+fp/hard/crtbegin.o

.ccmram         0x0000000010000000        0x0 load address 0x000000000800be38
                0x0000000010000000                . = ALIGN (0x4)
                0x0000000010000000                _sccmram = .
 *(.ccmram)
 *(.ccmram*)
                0x0000000010000000                . = ALIGN (0x4)
                0x0000000010000000                _eccmram = .
                0x0000000010000000                . = ALIGN (0x4)

.bss            0x0000000020000330     0x4cdc
                0x0000000020000330                _sbss = .
                0x0000000020000330                __bss_start__ = _sbss
 *(.bss)
 .bss           0x0000000020000330       0x1c C:/ST/STM32CubeIDE_1.12.1/STM32CubeIDE/plugins/com.st.stm32cube.ide.mcu.externaltools.gnu-tools-for-stm32.11.3.rel1.win32_1.1.100.202309141235/tools/bin/../lib/gcc/arm-none-eabi/11.3.1/thumb/v7e-m+fp/hard/crtbegin.o
 *(.bss*)
 .bss.SD_type   0x000000002000034c        0x1 ./Core/Src/main.o
                0x000000002000034c                SD_type
 *fill*         0x000000002000034d        0x3 
 .bss.file_start_cluster
                0x0000000020000350      0x320 ./Core/Src/main.o
                0x0000000020000350                file_start_cluster
 .bss.file_start_sector
                0x0000000020000670      0x320 ./Core/Src/main.o
                0x0000000020000670                file_start_sector
 .bss.file_start_entry
                0x0000000020000990       0xc8 ./Core/Src/main.o
                0x0000000020000990                file_start_entry
 .bss.file_size
                0x0000000020000a58      0x320 ./Core/Src/main.o
                0x0000000020000a58                file_size
 .bss.SectorBuffer
                0x0000000020000d78      0x200 ./Core/Src/main.o
                0x0000000020000d78                SectorBuffer
 .bss.EntryBuffer
                0x0000000020000f78      0x200 ./Core/Src/main.o
                0x0000000020000f78                EntryBuffer
 .bss.sector_cluster
                0x0000000020001178        0x4 ./Core/Src/main.o
                0x0000000020001178                sector_cluster
 .bss.extension
                0x000000002000117c        0x4 ./Core/Src/main.o
                0x000000002000117c                extension
 .bss.Fat32Enabled
                0x0000000020001180        0x1 ./Core/Src/main.o
                0x0000000020001180                Fat32Enabled
 *fill*         0x0000000020001181        0x3 
 .bss.FirstDataSector
                0x0000000020001184        0x4 ./Core/Src/main.o
                0x0000000020001184                FirstDataSector
 .bss.SectorsPerCluster
                0x0000000020001188        0x2 ./Core/Src/main.o
                0x0000000020001188                SectorsPerCluster
 *fill*         0x000000002000118a        0x2 
 .bss.FirstFATSector
                0x000000002000118c        0x4 ./Core/Src/main.o
                0x000000002000118c                FirstFATSector
 .bss.FirstFAT2Sector
                0x0000000020001190        0x4 ./Core/Src/main.o
                0x0000000020001190                FirstFAT2Sector
 .bss.FirstDirCluster
                0x0000000020001194        0x4 ./Core/Src/main.o
                0x0000000020001194                FirstDirCluster
 .bss.Mat_Info  0x0000000020001198       0x80 ./Core/Src/main.o
                0x0000000020001198                Mat_Info
 .bss.Mat_Format
                0x0000000020001218       0x28 ./Core/Src/main.o
                0x0000000020001218                Mat_Format
 .bss.file_name
                0x0000000020001240       0xff ./Core/Src/main.o