Archive member included to satisfy reference by file (symbol)

C:/ST/STM32CubeIDE_1.12.1/STM32CubeIDE/plugins/com.st.stm32cube.ide.mcu.externaltools.gnu-tools-for-stm32.11.3.rel1.win32_1.1.100.202309141235/tools/bin/../lib/gcc/arm-none-eabi/11.3.1/../../../../arm-none-eabi/lib/thumb/v7e-m+fp/hard\libc_nano.a(libc_a-exit.o)
                              C:/ST/STM32CubeIDE_1.12.1/STM32CubeIDE/plugins/com.st.stm32cube.ide.mcu.externaltools.gnu-tools-for-stm32.11.3.rel1.win32_1.1.100.202309141235/tools/bin/../lib/gcc/arm-none-eabi/11.3.1/../../../../arm-none-eabi/lib/thumb/v7e-m+fp/hard/crt0.o (exit)
C:/ST/STM32CubeIDE_1.12.1/STM32CubeIDE/plugins/com.st.stm32cube.ide.mcu.externaltools.gnu-tools-for-stm32.11.3.rel1.win32_1.1.100.202309141235/tools/bin/../lib/gcc/arm-none-eabi/11.3.1/../../../../arm-none-eabi/lib/thumb/v7e-m+fp/hard\libc_nano.a(libc_a-malloc.o)
                              ./Core/Src/usbd_cdc.o (malloc)
C:/ST/STM32CubeIDE_1.12.1/STM32CubeIDE/plugins/com.st.stm32cube.ide.mcu.externaltools.gnu-tools-for-stm32.11.3.rel1.win32_1.1.100.202309141235/tools/bin/../lib/gcc/arm-none-eabi/11.3.1/../../../../arm-none-eabi/lib/thumb/v7e-m+fp/hard\libc_nano.a(libc_a-mallocr.o)
                              C:/ST/STM32CubeIDE_1.12.1/STM32CubeIDE/plugins/com.st.stm32cube.ide.mcu.externaltools.gnu-tools-for-stm32.11.3.rel1.win32_1.1.100.202309141235/tools/bin/../lib/gcc/arm-none-eabi/11.3.1/../../../../arm-none-eabi/lib/thumb/v7e-m+fp/hard\libc_nano.a(libc_a-malloc.o) (_malloc_r)
C:/ST/STM32CubeIDE_1.12.1/STM32CubeIDE/plugins/com.st.stm32cube.ide.mcu.externaltools.gnu-tools-for-stm32.11.3.rel1.win32_1.1.100.202309141235/tools/bin/../lib/gcc/arm-none-eabi/11.3.1/../../../../arm-none-eabi/lib/thumb/v7e-m+fp/hard\libc_nano.a(libc_a-mlock.o)
                              C:/ST/STM32CubeIDE_1.12.1/STM32CubeIDE/plugins/com.st.stm32cube.ide.mcu.externaltools.gnu-tools-for-stm32.11.3.rel1.win32_1.1.100.202309141235/tools/bin/../lib/gcc/arm-none-eabi/11.3.1/../../../../arm-none-eabi/lib/thumb/v7e-m+fp/hard\libc_nano.a(libc_a-mallocr.o) (__malloc_lock)
C:/ST/STM32CubeIDE_1.12.1/STM32CubeIDE/plugins/com.st.stm32cube.ide.mcu.externaltools.gnu-tools-for-stm32.11.3.rel1.win32_1.1.100.202309141235/tools/bin/../lib/gcc/arm-none-eabi/11.3.1/../../../../arm-none-eabi/lib/thumb/v7e-m+fp/hard\libc_nano.a(libc_a-nano-vfprintf_float.o)
                              (_printf_float)
C:/ST/STM32CubeIDE_1.12.1/STM32CubeIDE/plugins/com.st.stm32cube.ide.mcu.externaltools.gnu-tools-for-stm32.11.3.rel1.win32_1.1.100.202309141235/tools/bin/../lib/gcc/arm-none-eabi/11.3.1/../../../../arm-none-eabi/lib/thumb/v7e-m+fp/hard\libc_nano.a(libc_a-nano-vfprintf_i.o)
                              C:/ST/STM32CubeIDE_1.12.1/STM32CubeIDE/plugins/com.st.stm32cube.ide.mcu.externaltools.gnu-tools-for-stm32.11.3.rel1.win32_1.1.100.202309141235/tools/bin/../lib/gcc/arm-none-eabi/11.3.1/../../../../arm-none-eabi/lib/thumb/v7e-m+fp/hard\libc_nano.a(libc_a-nano-vfprintf_float.o) (_printf_common)
C:/ST/STM32CubeIDE_1.12.1/STM32CubeIDE/plugins/com.st.stm32cube.ide.mcu.externaltools.gnu-tools-for-stm32.11.3.rel1.win32_1.1.100.202309141235/tools/bin/../lib/gcc/arm-none-eabi/11.3.1/../../../../arm-none-eabi/lib/thumb/v7e-m+fp/hard\libc_nano.a(libc_a-findfp.o)
                              C:/ST/STM32CubeIDE_1.12.1/STM32CubeIDE/plugins/com.st.stm32cube.ide.mcu.externaltools.gnu-tools-for-stm32.11.3.rel1.win32_1.1.100.202309141235/tools/bin/../lib/gcc/arm-none-eabi/11.3.1/../../../../arm-none-eabi/lib/thumb/v7e-m+fp/hard\libc_nano.a(libc_a-exit.o) (__stdio_exit_handler)
C:/ST/STM32CubeIDE_1.12.1/STM32CubeIDE/plugins/com.st.stm32cube.ide.mcu.externaltools.gnu-tools-for-stm32.11.3.rel1.win32_1.1.100.202309141235/tools/bin/../lib/gcc/arm-none-eabi/11.3.1/../../../../arm-none-eabi/lib/thumb/v7e-m+fp/hard\libc_nano.a(libc_a-fwalk.o)
                              C:/ST/STM32CubeIDE_1.12.1/STM32CubeIDE/plugins/com.st.stm32cube.ide.mcu.externaltools.gnu-tools-for-stm32.11.3.rel1.win32_1.1.100.202309141235/tools/bin/../lib/gcc/arm-none-eabi/11.3.1/../../../../arm-none-eabi/lib/thumb/v7e-m+fp/hard\libc_nano.a(libc_a-findfp.o) (_fwalk_sglue)
C:/ST/STM32CubeIDE_1.12.1/STM32CubeIDE/plugins/com.st.stm32cube.ide.mcu.externaltools.gnu-tools-for-stm32.11.3.rel1.win32_1.1.100.202309141235/tools/bin/../lib/gcc/arm-none-eabi/11.3.1/../../../../arm-none-eabi/lib/thumb/v7e-m+fp/hard\libc_nano.a(libc_a-sprintf.o)
                              ./Core/Src/main.o (sprintf)
C:/ST/STM32CubeIDE_1.12.1/STM32CubeIDE/plugins/com.st.stm32cube.ide.mcu.externaltools.gnu-tools-for-stm32.11.3.rel1.win32_1.1.100.202309141235/tools/bin/../lib/gcc/arm-none-eabi/11.3.1/../../../../arm-none-eabi/lib/thumb/v7e-m+fp/hard\libc_nano.a(libc_a-stdio.o)
[...]
Memory Configuration

Name             Origin             Length             Attributes
CCMRAM           0x0000000010000000 0x0000000000010000 xrw
RAM              0x0000000020000000 0x0000000000020000 xrw
FLASH            0x0000000008000000 0x0000000000080000 xr
*default*        0x0000000000000000 0xffffffffffffffff

Linker script and memory map

LOAD C:/ST/STM32CubeIDE_1.12.1/STM32CubeIDE/plugins/com.st.stm32cube.ide.mcu.externaltools.gnu-tools-for-stm32.11.3.rel1.win32_1.1.100.202309141235/tools/bin/../lib/gcc/arm-none-eabi/11.3.1/thumb/v7e-m+fp/hard/crti.o
LOAD C:/ST/STM32CubeIDE_1.12.1/STM32CubeIDE/plugins/com.st.stm32cube.ide.mcu.externaltools.gnu-tools-for-stm32.11.3.rel1.win32_1.1.100.202309141235/tools/bin/../lib/gcc/arm-none-eabi/11.3.1/thumb/v7e-m+fp/hard/crtbegin.o
LOAD C:/ST/STM32CubeIDE_1.12.1/STM32CubeIDE/plugins/com.st.stm32cube.ide.mcu.externaltools.gnu-tools-for-stm32.11.3.rel1.win32_1.1.100.202309141235/tools/bin/../lib/gcc/arm-none-eabi/11.3.1/../../../../arm-none-eabi/lib/thumb/v7e-m+fp/hard/crt0.o
LOAD ./Core/Src/main.o
LOAD ./Core/Src/monitor.o
LOAD ./Core/Src/stm32f4xx_hal_pcd.o
LOAD ./Core/Src/stm32f4xx_hal_pcd_ex.o
LOAD ./Core/Src/stm32f4xx_it.o
LOAD ./Core/Src/stm32f4xx_ll_usb.o
LOAD ./Core/Src/syscalls.o
LOAD ./Core/Src/sysmem.o
LOAD ./Core/Src/system_stm32f4xx.o
LOAD ./Core/Src/usb_device.o
LOAD ./Core/Src/usbd_cdc.o
LOAD ./Core/Src/usbd_cdc_if.o
LOAD ./Core/Src/usbd_conf.o
LOAD ./Core/Src/usbd_core.o
LOAD ./Core/Src/usbd_ctlreq.o
LOAD ./Core/Src/usbd_desc.o
LOAD ./Core/Src/usbd_ioreq.o
LOAD ./Core/Startup/startup_stm32f407vetx.o
LOAD C:\Users\ECL06\git\ECL\F407_example\Drivers\CMSIS\Lib\GCC\libarm_cortexM4lf_math.a
START GROUP
LOAD C:/ST/STM32CubeIDE_1.12.1/STM32CubeIDE/plugins/com.st.stm32cube.ide.mcu.externaltools.gnu-tools-for-stm32.11.3.rel1.win32_1.1.100.202309141235/tools/bin/../lib/gcc/arm-none-eabi/11.3.1/../../../../arm-none-eabi/lib/thumb/v7e-m+fp/hard\libc_nano.a
LOAD C:/ST/STM32CubeIDE_1.12.1/STM32CubeIDE/plugins/com.st.stm32cube.ide.mcu.externaltools.gnu-tools-for-stm32.11.3.rel1.win32_1.1.100.202309141235/tools/bin/../lib/gcc/arm-none-eabi/11.3.1/../../../../arm-none-eabi/lib/thumb/v7e-m+fp/hard\libm.a
END GROUP
START GROUP
LOAD C:/ST/STM32CubeIDE_1.12.1/STM32CubeIDE/plugins/com.st.stm32cube.ide.mcu.externaltools.gnu-tools-for-stm32.11.3.rel1.win32_1.1.100.202309141235/tools/bin/../lib/gcc/arm-none-eabi/11.3.1/thumb/v7e-m+fp/hard\libgcc.a
LOAD C:/ST/STM32CubeIDE_1.12.1/STM32CubeIDE/plugins/com.st.stm32cube.ide.mcu.externaltools.gnu-tools-for-stm32.11.3.rel1.win32_1.1.100.202309141235/tools/bin/../lib/gcc/arm-none-eabi/11.3.1/../../../../arm-none-eabi/lib/thumb/v7e-m+fp/hard\libc_nano.a
END GROUP
START GROUP
LOAD C:/ST/STM32CubeIDE_1.12.1/STM32CubeIDE/plugins/com.st.stm32cube.ide.mcu.externaltools.gnu-tools-for-stm32.11.3.rel1.win32_1.1.100.202309141235/tools/bin/../lib/gcc/arm-none-eabi/11.3.1/thumb/v7e-m+fp/hard\libgcc.a
LOAD C:/ST/STM32CubeIDE_1.12.1/STM32CubeIDE/plugins/com.st.stm32cube.ide.mcu.externaltools.gnu-tools-for-stm32.11.3.rel1.win32_1.1.100.202309141235/tools/bin/../lib/gcc/arm-none-eabi/11.3.1/../../../../arm-none-eabi/lib/thumb/v7e-m+fp/hard\libc_nano.a
LOAD C:/ST/STM32CubeIDE_1.12.1/STM32CubeIDE/plugins/com.st.stm32cube.ide.mcu.externaltools.gnu-tools-for-stm32.11.3.rel1.win32_1.1.100.202309141235/tools/bin/../lib/gcc/arm-none-eabi/11.3.1/../../../../arm-none-eabi/lib/thumb/v7e-m+fp/hard\libnosys.a
END GROUP
START GROUP
LOAD C:/ST/STM32CubeIDE_1.12.1/STM32CubeIDE/plugins/com.st.stm32cube.ide.mcu.externaltools.gnu-tools-for-stm32.11.3.rel1.win32_1.1.100.202309141235/tools/bin/../lib/gcc/arm-none-eabi/11.3.1/thumb/v7e-m+fp/hard\libgcc.a
LOAD C:/ST/STM32CubeIDE_1.12.1/STM32CubeIDE/plugins/com.st.stm32cube.ide.mcu.externaltools.gnu-tools-for-stm32.11.3.rel1.win32_1.1.100.202309141235/tools/bin/../lib/gcc/arm-none-eabi/11.3.1/../../../../arm-none-eabi/lib/thumb/v7e-m+fp/hard\libc_nano.a
LOAD C:/ST/STM32CubeIDE_1.12.1/STM32CubeIDE/plugins/com.st.stm32cube.ide.mcu.externaltools.gnu-tools-for-stm32.11.3.rel1.win32_1.1.100.202309141235/tools/bin/../lib/gcc/arm-none-eabi/11.3.1/../../../../arm-none-eabi/lib/thumb/v7e-m+fp/hard\libnosys.a
END GROUP
LOAD C:/ST/STM32CubeIDE_1.12.1/STM32CubeIDE/plugins/com.st.stm32cube.ide.mcu.externaltools.gnu-tools-for-stm32.11.3.rel1.win32_1.1.100.202309141235/tools/bin/../lib/gcc/arm-none-eabi/11.3.1/thumb/v7e-m+fp/hard/crtend.o
LOAD C:/ST/STM32CubeIDE_1.12.1/STM32CubeIDE/plugins/com.st.stm32cube.ide.mcu.externaltools.gnu-tools-for-stm32.11.3.rel1.win32_1.1.100.202309141235/tools/bin/../lib/gcc/arm-none-eabi/11.3.1/thumb/v7e-m+fp/hard/crtn.o
                0x0000000020020000                _estack = (ORIGIN (RAM) + LENGTH (RAM))
                0x0000000000000200                _Min_Heap_Size = 0x200
                0x0000000000000400                _Min_Stack_Size = 0x400

.isr_vector     0x0000000008000000      0x188
                0x0000000008000000                . = ALIGN (0x4)
 *(.isr_vector)
 .isr_vector    0x0000000008000000      0x188 ./Core/Startup/startup_stm32f407vetx.o
                0x0000000008000000                g_pfnVectors
                0x0000000008000188                . = ALIGN (0x4)

.text           0x0000000008000190     0xbfe4
                0x0000000008000190                . = ALIGN (0x4)
 *(.text)
 .text          0x0000000008000190       0x40 C:/ST/STM32CubeIDE_1.12.1/STM32CubeIDE/plugins/com.st.stm32cube.ide.mcu.externaltools.gnu-tools-for-stm32.11.3.rel1.win32_1.1.100.202309141235/tools/bin/../lib/gcc/arm-none-eabi/11.3.1/thumb/v7e-m+fp/hard/crtbegin.o
 .text          0x00000000080001d0       0x14 C:/ST/STM32CubeIDE_1.12.1/STM32CubeIDE/plugins/com.st.stm32cube.ide.mcu.externaltools.gnu-tools-for-stm32.11.3.rel1.win32_1.1.100.202309141235/tools/bin/../lib/gcc/arm-none-eabi/11.3.1/../../../../arm-none-eabi/lib/thumb/v7e-m+fp/hard\libc_nano.a(libc_a-strcmp.o)
                0x00000000080001d0                strcmp
 *fill*         0x00000000080001e4        0xc 
 .text          0x00000000080001f0       0xa0 C:/ST/STM32CubeIDE_1.12.1/STM32CubeIDE/plugins/com.st.stm32cube.ide.mcu.externaltools.gnu-tools-for-stm32.11.3.rel1.win32_1.1.100.202309141235/tools/bin/../lib/gcc/arm-none-eabi/11.3.1/../../../../arm-none-eabi/lib/thumb/v7e-m+fp/hard\libc_nano.a(libc_a-memchr.o)
                0x00000000080001f0                memchr
 .text          0x0000000008000290       0x10 C:/ST/STM32CubeIDE_1.12.1/STM32CubeIDE/plugins/com.st.stm32cube.ide.mcu.externaltools.gnu-tools-for-stm32.11.3.rel1.win32_1.1.100.202309141235/tools/bin/../lib/gcc/arm-none-eabi/11.3.1/../../../../arm-none-eabi/lib/thumb/v7e-m+fp/hard\libc_nano.a(libc_a-strlen.o)
                0x0000000008000290                strlen
 .text          0x00000000080002a0      0x378 C:/ST/STM32CubeIDE_1.12.1/STM32CubeIDE/plugins/com.st.stm32cube.ide.mcu.externaltools.gnu-tools-for-stm32.11.3.rel1.win32_1.1.100.202309141235/tools/bin/../lib/gcc/arm-none-eabi/11.3.1/thumb/v7e-m+fp/hard\libgcc.a(_arm_addsubdf3.o)
                0x00000000080002a0                __aeabi_drsub
                0x00000000080002a8                __aeabi_dsub
                0x00000000080002a8                __subdf3
                0x00000000080002ac                __aeabi_dadd
                0x00000000080002ac                __adddf3
                0x0000000008000524                __floatunsidf
                0x0000000008000524                __aeabi_ui2d
                0x0000000008000544                __floatsidf
                0x0000000008000544                __aeabi_i2d
                0x0000000008000568                __aeabi_f2d
                0x0000000008000568                __extendsfdf2
                0x00000000080005ac                __floatundidf
                0x00000000080005ac                __aeabi_ul2d
                0x00000000080005bc                __floatdidf
                0x00000000080005bc                __aeabi_l2d
 .text          0x0000000008000618      0x424 C:/ST/STM32CubeIDE_1.12.1/STM32CubeIDE/plugins/com.st.stm32cube.ide.mcu.externaltools.gnu-tools-for-stm32.11.3.rel1.win32_1.1.100.202309141235/tools/bin/../lib/gcc/arm-none-eabi/11.3.1/thumb/v7e-m+fp/hard\libgcc.a(_arm_muldivdf3.o)
                0x0000000008000618                __aeabi_dmul
                0x0000000008000618                __muldf3
                0x000000000800086c                __divdf3
                0x000000000800086c                __aeabi_ddiv
 .text          0x0000000008000a3c      0x110 C:/ST/STM32CubeIDE_1.12.1/STM32CubeIDE/plugins/com.st.stm32cube.ide.mcu.externaltools.gnu-tools-for-stm32.11.3.rel1.win32_1.1.100.202309141235/tools/bin/../lib/gcc/arm-none-eabi/11.3.1/thumb/v7e-m+fp/hard\libgcc.a(_arm_cmpdf2.o)
                0x0000000008000a3c                __gtdf2
                0x0000000008000a3c                __gedf2
                0x0000000008000a44                __ltdf2
                0x0000000008000a44                __ledf2
                0x0000000008000a4c                __nedf2
                0x0000000008000a4c                __eqdf2
                0x0000000008000a4c                __cmpdf2
                0x0000000008000ac8                __aeabi_cdrcmple
                0x0000000008000ad8                __aeabi_cdcmpeq
                0x0000000008000ad8                __aeabi_cdcmple
                0x0000000008000ae8                __aeabi_dcmpeq
                0x0000000008000afc                __aeabi_dcmplt
                0x0000000008000b10                __aeabi_dcmple
                0x0000000008000b24                __aeabi_dcmpge
                0x0000000008000b38                __aeabi_dcmpgt
 .text          0x0000000008000b4c       0x2c C:/ST/STM32CubeIDE_1.12.1/STM32CubeIDE/plugins/com.st.stm32cube.ide.mcu.externaltools.gnu-tools-for-stm32.11.3.rel1.win32_1.1.100.202309141235/tools/bin/../lib/gcc/arm-none-eabi/11.3.1/thumb/v7e-m+fp/hard\libgcc.a(_arm_unorddf2.o)
                0x0000000008000b4c                __unorddf2
                0x0000000008000b4c                __aeabi_dcmpun
 .text          0x0000000008000b78       0x50 C:/ST/STM32CubeIDE_1.12.1/STM32CubeIDE/plugins/com.st.stm32cube.ide.mcu.externaltools.gnu-tools-for-stm32.11.3.rel1.win32_1.1.100.202309141235/tools/bin/../lib/gcc/arm-none-eabi/11.3.1/thumb/v7e-m+fp/hard\libgcc.a(_arm_fixdfsi.o)
                0x0000000008000b78                __aeabi_d2iz
                0x0000000008000b78                __fixdfsi
 .text          0x0000000008000bc8       0x40 C:/ST/STM32CubeIDE_1.12.1/STM32CubeIDE/plugins/com.st.stm32cube.ide.mcu.externaltools.gnu-tools-for-stm32.11.3.rel1.win32_1.1.100.202309141235/tools/bin/../lib/gcc/arm-none-eabi/11.3.1/thumb/v7e-m+fp/hard\libgcc.a(_arm_fixunsdfsi.o)
                0x0000000008000bc8                __aeabi_d2uiz
                0x0000000008000bc8                __fixunsdfsi
 .text          0x0000000008000c08       0xa0 C:/ST/STM32CubeIDE_1.12.1/STM32CubeIDE/plugins/com.st.stm32cube.ide.mcu.externaltools.gnu-tools-for-stm32.11.3.rel1.win32_1.1.100.202309141235/tools/bin/../lib/gcc/arm-none-eabi/11.3.1/thumb/v7e-m+fp/hard\libgcc.a(_arm_truncdfsf2.o)
                0x0000000008000c08                __truncdfsf2
                0x0000000008000c08                __aeabi_d2f
 *(.text*)
 .text.__NVIC_EnableIRQ
                0x0000000008000ca8       0x3c ./Core/Src/main.o
 .text.__NVIC_DisableIRQ
                0x0000000008000ce4       0x48 ./Core/Src/main.o
 .text.__NVIC_ClearPendingIRQ
                0x0000000008000d2c       0x3c ./Core/Src/main.o
 .text.__NVIC_SetPriority
                0x0000000008000d68       0x54 ./Core/Src/main.o
 .text.main     0x0000000008000dbc      0xe50 ./Core/Src/main.o
                0x0000000008000dbc                main
 *fill*         0x0000000008001c0c        0x4 
 .text.TIM6_DAC_IRQHandler
                0x0000000008001c10      0x87c ./Core/Src/main.o
                0x0000000008001c10                TIM6_DAC_IRQHandler
 .text.calculate_interpolation7
                0x000000000800248c       0xfc ./Core/Src/main.o
                0x000000000800248c                calculate_interpolation7
 .text.calculate_interpolation1
                0x0000000008002588       0xce ./Core/Src/main.o
                0x0000000008002588                calculate_interpolation1
 *fill*         0x0000000008002656        0x2 
 .text.RCC_Configuration
                0x0000000008002658      0x1ac ./Core/Src/main.o
                0x0000000008002658                RCC_Configuration
 .text.DWT_Init
                0x0000000008002804       0x40 ./Core/Src/main.o
                0x0000000008002804                DWT_Init
 .text.DWT_us_Delay
                0x0000000008002844       0x4c ./Core/Src/main.o
                0x0000000008002844                DWT_us_Delay
 .text.DWT_ms_Delay
                0x0000000008002890       0x54 ./Core/Src/main.o
                0x0000000008002890                DWT_ms_Delay
 .text.UsbPutString
                0x00000000080028e4       0x34 ./Core/Src/main.o
                0x00000000080028e4                UsbPutString
 .text.Timer8_PWM_dir_Init
                0x0000000008002918      0x190 ./Core/Src/main.o
                0x0000000008002918                Timer8_PWM_dir_Init
 .text.Timer2_Encoder_Init
                0x0000000008002aa8      0x178 ./Core/Src/main.o
                0x0000000008002aa8                Timer2_Encoder_Init
 .text.Timer3_Encoder_Init
                0x0000000008002c20      0x104 ./Core/Src/main.o
                0x0000000008002c20                Timer3_Encoder_Init
 .text.Timer4_Encoder_Init
                0x0000000008002d24      0x104 ./Core/Src/main.o
                0x0000000008002d24                Timer4_Encoder_Init
 .text.Timer6_Interrupt_Init
                0x0000000008002e28       0x74 ./Core/Src/main.o
                0x0000000008002e28                Timer6_Interrupt_Init
 .text.Timer1_MT_Interrupt_Init
                0x0000000008002e9c       0xfc ./Core/Src/main.o
                0x0000000008002e9c                Timer1_MT_Interrupt_Init
 .text.TIM1_CC_IRQHandler
                0x0000000008002f98      0x15c ./Core/Src/main.o
                0x0000000008002f98                TIM1_CC_IRQHandler
 .text.Timer5_UPCounter_Init
                0x00000000080030f4       0x44 ./Core/Src/main.o
                0x00000000080030f4                Timer5_UPCounter_Init
 .text.Timer9_Interrupt_Init
                0x0000000008003138       0x7c ./Core/Src/main.o
                0x0000000008003138                Timer9_Interrupt_Init
 .text.TIM1_BRK_TIM9_IRQHandler
                0x00000000080031b4       0x88 ./Core/Src/main.o
                0x00000000080031b4                TIM1_BRK_TIM9_IRQHandler
 .text.PIO_Configure_Init
                0x000000000800323c       0xc4 ./Core/Src/main.o
                0x000000000800323c                PIO_Configure_Init
 .text.LED_SW_Init
                0x0000000008003300       0x60 ./Core/Src/main.o
                0x0000000008003300                LED_SW_Init
 .text.con_PI1_Init
                0x0000000008003360       0x90 ./Core/Src/main.o
                0x0000000008003360                con_PI1_Init
 .text.con_PI_calc
                0x00000000080033f0      0x140 ./Core/Src/main.o
                0x00000000080033f0                con_PI_calc
 .text.modulo   0x0000000008003530       0xc8 ./Core/Src/main.o
                0x0000000008003530                modulo
 .text.SPI1_Init
                0x00000000080035f8       0xdc ./Core/Src/main.o
                0x00000000080035f8                SPI1_Init
 .text.SPI1_Transfer
                0x00000000080036d4       0x34 ./Core/Src/main.o
                0x00000000080036d4                SPI1_Transfer
 .text.SD_Init  0x0000000008003708      0x250 ./Core/Src/main.o
                0x0000000008003708                SD_Init
 .text.SD_command
                0x0000000008003958       0x74 ./Core/Src/main.o
                0x0000000008003958                SD_command
 .text.SD_read_sector
                0x00000000080039cc       0x88 ./Core/Src/main.o
                0x00000000080039cc                SD_read_sector
 .text.FAT32_Init
                0x0000000008003a54      0x168 ./Core/Src/main.o
                0x0000000008003a54                FAT32_Init
 .text.fatGetDirEntry
                0x0000000008003bbc      0x13c ./Core/Src/main.o
                0x0000000008003bbc                fatGetDirEntry
 .text.fatDir   0x0000000008003cf8       0x7c ./Core/Src/main.o
                0x0000000008003cf8                fatDir
 .text.fatNextCluster
                0x0000000008003d74       0xb8 ./Core/Src/main.o
                0x0000000008003d74                fatNextCluster
 .text.fatClustToSect
                0x0000000008003e2c       0x38 ./Core/Src/main.o
                0x0000000008003e2c                fatClustToSect
 .text.Get_long_filename
                0x0000000008003e64      0x1e8 ./Core/Src/main.o
                0x0000000008003e64                Get_long_filename
 .text.Save_short_filename
                0x000000000800404c       0xc0 ./Core/Src/main.o
                0x000000000800404c                Save_short_filename
 .text.Save_long_filename
                0x000000000800410c      0x150 ./Core/Src/main.o
                0x000000000800410c                Save_long_filename
 .text.Filename_arrange
                0x000000000800425c      0x218 ./Core/Src/main.o
                0x000000000800425c                Filename_arrange
 .text.UTF16CharToUTF8
                0x0000000008004474       0xca ./Core/Src/main.o
                0x0000000008004474                UTF16CharToUTF8
 *fill*         0x000000000800453e        0x2 
 .text.USART3_Init
                0x0000000008004540       0xe0 ./Core/Src/main.o
                0x0000000008004540                USART3_Init
 .text.Get_EPnK_param
                0x0000000008004620       0x5c ./Core/Src/main.o
                0x0000000008004620                Get_EPnK_param
 .text.Get_Transition_param
                0x000000000800467c      0x41c ./Core/Src/main.o
                0x000000000800467c                Get_Transition_param
 .text.Error_Handler
                0x0000000008004a98        0x6 ./Core/Src/main.o
                0x0000000008004a98                Error_Handler
 .text.HAL_PCD_Init
                0x0000000008004a9e      0x20e ./Core/Src/stm32f4xx_hal_pcd.o
                0x0000000008004a9e                HAL_PCD_Init
 .text.HAL_PCD_Start
                0x0000000008004cac       0x44 ./Core/Src/stm32f4xx_hal_pcd.o
                0x0000000008004cac                HAL_PCD_Start
 .text.HAL_PCD_IRQHandler
                0x0000000008004cf0      0x918 ./Core/Src/stm32f4xx_hal_pcd.o
                0x0000000008004cf0                HAL_PCD_IRQHandler
 .text.HAL_PCD_SetAddress
                0x0000000008005608       0x42 ./Core/Src/stm32f4xx_hal_pcd.o
                0x0000000008005608                HAL_PCD_SetAddress
 .text.HAL_PCD_EP_Open
                0x000000000800564a       0xd0 ./Core/Src/stm32f4xx_hal_pcd.o
                0x000000000800564a                HAL_PCD_EP_Open
 .text.HAL_PCD_EP_Close
                0x000000000800571a       0x94 ./Core/Src/stm32f4xx_hal_pcd.o
                0x000000000800571a                HAL_PCD_EP_Close
 .text.HAL_PCD_EP_Receive
                0x00000000080057ae       0xb2 ./Core/Src/stm32f4xx_hal_pcd.o
                0x00000000080057ae                HAL_PCD_EP_Receive
 .text.HAL_PCD_EP_GetRxCount
                0x0000000008005860       0x32 ./Core/Src/stm32f4xx_hal_pcd.o
                0x0000000008005860                HAL_PCD_EP_GetRxCount
 .text.HAL_PCD_EP_Transmit
                0x0000000008005892       0xb0 ./Core/Src/stm32f4xx_hal_pcd.o
                0x0000000008005892                HAL_PCD_EP_Transmit
 .text.HAL_PCD_EP_SetStall
                0x0000000008005942       0xb6 ./Core/Src/stm32f4xx_hal_pcd.o
                0x0000000008005942                HAL_PCD_EP_SetStall
 .text.HAL_PCD_EP_ClrStall
                0x00000000080059f8       0x96 ./Core/Src/stm32f4xx_hal_pcd.o
                0x00000000080059f8                HAL_PCD_EP_ClrStall
 .text.PCD_WriteEmptyTxFifo
                0x0000000008005a8e      0x102 ./Core/Src/stm32f4xx_hal_pcd.o
 .text.HAL_PCDEx_SetTxFiFo
                0x0000000008005b90       0x96 ./Core/Src/stm32f4xx_hal_pcd_ex.o
                0x0000000008005b90                HAL_PCDEx_SetTxFiFo
 .text.HAL_PCDEx_SetRxFiFo
                0x0000000008005c26       0x22 ./Core/Src/stm32f4xx_hal_pcd_ex.o
                0x0000000008005c26                HAL_PCDEx_SetRxFiFo
 .text.NMI_Handler
                0x0000000008005c48        0xe ./Core/Src/stm32f4xx_it.o
                0x0000000008005c48                NMI_Handler
 .text.HardFault_Handler
                0x0000000008005c56        0x6 ./Core/Src/stm32f4xx_it.o
                0x0000000008005c56                HardFault_Handler
 .text.MemManage_Handler
                0x0000000008005c5c        0x6 ./Core/Src/stm32f4xx_it.o
                0x0000000008005c5c                MemManage_Handler
 .text.BusFault_Handler
                0x0000000008005c62        0x6 ./Core/Src/stm32f4xx_it.o
                0x0000000008005c62                BusFault_Handler
 .text.UsageFault_Handler
                0x0000000008005c68        0x6 ./Core/Src/stm32f4xx_it.o
                0x0000000008005c68                UsageFault_Handler
 .text.SVC_Handler
                0x0000000008005c6e        0xe ./Core/Src/stm32f4xx_it.o
                0x0000000008005c6e                SVC_Handler
 .text.DebugMon_Handler
                0x0000000008005c7c        0xe ./Core/Src/stm32f4xx_it.o
                0x0000000008005c7c                DebugMon_Handler
 .text.PendSV_Handler
                0x0000000008005c8a        0xe ./Core/Src/stm32f4xx_it.o
                0x0000000008005c8a                PendSV_Handler
 .text.OTG_FS_IRQHandler
                0x0000000008005c98       0x14 ./Core/Src/stm32f4xx_it.o
                0x0000000008005c98                OTG_FS_IRQHandler
 .text.USB_CoreInit
                0x0000000008005cac       0x96 ./Core/Src/stm32f4xx_ll_usb.o
                0x0000000008005cac                USB_CoreInit
 .text.USB_EnableGlobalInt
                0x0000000008005d42       0x22 ./Core/Src/stm32f4xx_ll_usb.o
                0x0000000008005d42                USB_EnableGlobalInt
 .text.USB_DisableGlobalInt
                0x0000000008005d64       0x22 ./Core/Src/stm32f4xx_ll_usb.o
                0x0000000008005d64                USB_DisableGlobalInt
 .text.USB_SetCurrentMode
                0x0000000008005d86       0x4e ./Core/Src/stm32f4xx_ll_usb.o
                0x0000000008005d86                USB_SetCurrentMode
 .text.USB_DevInit
                0x0000000008005dd4      0x260 ./Core/Src/stm32f4xx_ll_usb.o
                0x0000000008005dd4                USB_DevInit
 .text.USB_FlushTxFifo
                0x0000000008006034       0x4c ./Core/Src/stm32f4xx_ll_usb.o
                0x0000000008006034                USB_FlushTxFifo
 .text.USB_FlushRxFifo
                0x0000000008006080       0x44 ./Core/Src/stm32f4xx_ll_usb.o
                0x0000000008006080                USB_FlushRxFifo
 .text.USB_SetDevSpeed
                0x00000000080060c4       0x2e ./Core/Src/stm32f4xx_ll_usb.o
                0x00000000080060c4                USB_SetDevSpeed
 .text.USB_GetDevSpeed
                0x00000000080060f2       0x6a ./Core/Src/stm32f4xx_ll_usb.o
                0x00000000080060f2                USB_GetDevSpeed
 .text.USB_ActivateEndpoint
                0x000000000800615c      0x10a ./Core/Src/stm32f4xx_ll_usb.o
                0x000000000800615c                USB_ActivateEndpoint
 .text.USB_DeactivateEndpoint
                0x0000000008006266       0xea ./Core/Src/stm32f4xx_ll_usb.o
                0x0000000008006266                USB_DeactivateEndpoint
 .text.USB_EPStartXfer
                0x0000000008006350      0x45c ./Core/Src/stm32f4xx_ll_usb.o
                0x0000000008006350                USB_EPStartXfer
 .text.USB_EP0StartXfer
                0x00000000080067ac      0x2a0 ./Core/Src/stm32f4xx_ll_usb.o
                0x00000000080067ac                USB_EP0StartXfer
 .text.USB_WritePacket
                0x0000000008006a4c       0x6a ./Core/Src/stm32f4xx_ll_usb.o
                0x0000000008006a4c                USB_WritePacket
 .text.USB_ReadPacket
                0x0000000008006ab6       0x4e ./Core/Src/stm32f4xx_ll_usb.o
                0x0000000008006ab6                USB_ReadPacket
 .text.USB_EPSetStall
                0x0000000008006b04       0xda ./Core/Src/stm32f4xx_ll_usb.o
                0x0000000008006b04                USB_EPSetStall
 .text.USB_EPClearStall
                0x0000000008006bde       0xd2 ./Core/Src/stm32f4xx_ll_usb.o
                0x0000000008006bde                USB_EPClearStall
 .text.USB_SetDevAddress
                0x0000000008006cb0       0x48 ./Core/Src/stm32f4xx_ll_usb.o
                0x0000000008006cb0                USB_SetDevAddress
 .text.USB_DevConnect
                0x0000000008006cf8       0x2c ./Core/Src/stm32f4xx_ll_usb.o
                0x0000000008006cf8                USB_DevConnect
 .text.USB_DevDisconnect
                0x0000000008006d24       0x2c ./Core/Src/stm32f4xx_ll_usb.o
                0x0000000008006d24                USB_DevDisconnect
 .text.USB_ReadInterrupts
                0x0000000008006d50       0x2a ./Core/Src/stm32f4xx_ll_usb.o
                0x0000000008006d50                USB_ReadInterrupts
 .text.USB_ReadDevAllOutEpInterrupt
                0x0000000008006d7a       0x30 ./Core/Src/stm32f4xx_ll_usb.o
                0x0000000008006d7a                USB_ReadDevAllOutEpInterrupt
 .text.USB_ReadDevAllInEpInterrupt
                0x0000000008006daa       0x30 ./Core/Src/stm32f4xx_ll_usb.o
                0x0000000008006daa                USB_ReadDevAllInEpInterrupt
 .text.USB_ReadDevOutEPInterrupt
                0x0000000008006dda       0x38 ./Core/Src/stm32f4xx_ll_usb.o
                0x0000000008006dda                USB_ReadDevOutEPInterrupt
 .text.USB_ReadDevInEPInterrupt
                0x0000000008006e12       0x54 ./Core/Src/stm32f4xx_ll_usb.o
                0x0000000008006e12                USB_ReadDevInEPInterrupt
 .text.USB_GetMode
                0x0000000008006e66       0x1c ./Core/Src/stm32f4xx_ll_usb.o
                0x0000000008006e66                USB_GetMode
 .text.USB_ActivateSetup
                0x0000000008006e82       0x66 ./Core/Src/stm32f4xx_ll_usb.o
                0x0000000008006e82                USB_ActivateSetup
 .text.USB_EP0_OutStart
                0x0000000008006ee8       0x84 ./Core/Src/stm32f4xx_ll_usb.o
                0x0000000008006ee8                USB_EP0_OutStart
 .text.USB_CoreReset
                0x0000000008006f6c       0x68 ./Core/Src/stm32f4xx_ll_usb.o
 .text._getpid  0x0000000008006fd4       0x10 ./Core/Src/syscalls.o
                0x0000000008006fd4                _getpid
 .text._kill    0x0000000008006fe4       0x20 ./Core/Src/syscalls.o
                0x0000000008006fe4                _kill
 .text._exit    0x0000000008007004       0x14 ./Core/Src/syscalls.o
                0x0000000008007004                _exit
 .text._read    0x0000000008007018       0x3a ./Core/Src/syscalls.o
                0x0000000008007018                _read
 .text._write   0x0000000008007052       0x38 ./Core/Src/syscalls.o
                0x0000000008007052                _write
 .text._close   0x000000000800708a       0x18 ./Core/Src/syscalls.o
                0x000000000800708a                _close
 .text._fstat   0x00000000080070a2       0x20 ./Core/Src/syscalls.o
                0x00000000080070a2                _fstat
 .text._isatty  0x00000000080070c2       0x16 ./Core/Src/syscalls.o
                0x00000000080070c2                _isatty
 .text._lseek   0x00000000080070d8       0x1a ./Core/Src/syscalls.o
                0x00000000080070d8                _lseek
 *fill*         0x00000000080070f2        0x2 
 .text._sbrk    0x00000000080070f4       0x6c ./Core/Src/sysmem.o
                0x00000000080070f4                _sbrk
 .text.SystemInit
                0x0000000008007160       0x24 ./Core/Src/system_stm32f4xx.o
                0x0000000008007160                SystemInit
 .text.SystemCoreClockUpdate
                0x0000000008007184      0x100 ./Core/Src/system_stm32f4xx.o
                0x0000000008007184                SystemCoreClockUpdate
 .text.MX_USB_DEVICE_Init
                0x0000000008007284       0x38 ./Core/Src/usb_device.o
                0x0000000008007284                MX_USB_DEVICE_Init
 .text.USBD_CDC_Init
                0x00000000080072bc       0xd4 ./Core/Src/usbd_cdc.o
 .text.USBD_CDC_DeInit
                0x0000000008007390       0x5a ./Core/Src/usbd_cdc.o
 *fill*         0x00000000080073ea        0x2 
 .text.USBD_CDC_Setup
                0x00000000080073ec       0xc0 ./Core/Src/usbd_cdc.o
 .text.USBD_CDC_DataIn
                0x00000000080074ac       0x38 ./Core/Src/usbd_cdc.o
 .text.USBD_CDC_DataOut
                0x00000000080074e4       0x56 ./Core/Src/usbd_cdc.o
 .text.USBD_CDC_EP0_RxReady
                0x000000000800753a       0x50 ./Core/Src/usbd_cdc.o
 *fill*         0x000000000800758a        0x2 
 .text.USBD_CDC_GetFSCfgDesc
                0x000000000800758c       0x20 ./Core/Src/usbd_cdc.o
 .text.USBD_CDC_GetHSCfgDesc
                0x00000000080075ac       0x20 ./Core/Src/usbd_cdc.o
 .text.USBD_CDC_GetOtherSpeedCfgDesc
                0x00000000080075cc       0x20 ./Core/Src/usbd_cdc.o
 .text.USBD_CDC_GetDeviceQualifierDescriptor
                0x00000000080075ec       0x20 ./Core/Src/usbd_cdc.o
                0x00000000080075ec                USBD_CDC_GetDeviceQualifierDescriptor
 .text.USBD_CDC_RegisterInterface
                0x000000000800760c       0x2e ./Core/Src/usbd_cdc.o
                0x000000000800760c                USBD_CDC_RegisterInterface
 .text.USBD_CDC_SetTxBuffer
                0x000000000800763a       0x34 ./Core/Src/usbd_cdc.o
                0x000000000800763a                USBD_CDC_SetTxBuffer
 .text.USBD_CDC_SetRxBuffer
                0x000000000800766e       0x28 ./Core/Src/usbd_cdc.o
                0x000000000800766e                USBD_CDC_SetRxBuffer
 .text.USBD_CDC_TransmitPacket
                0x0000000008007696       0x54 ./Core/Src/usbd_cdc.o
                0x0000000008007696                USBD_CDC_TransmitPacket
 *fill*         0x00000000080076ea        0x2 
 .text.CDC_Init_FS
                0x00000000080076ec       0x28 ./Core/Src/usbd_cdc_if.o
 .text.CDC_DeInit_FS
                0x0000000008007714       0x10 ./Core/Src/usbd_cdc_if.o
 .text.CDC_Control_FS
                0x0000000008007724       0xbc ./Core/Src/usbd_cdc_if.o
 .text.CDC_Receive_FS
                0x00000000080077e0       0x3c ./Core/Src/usbd_cdc_if.o
 .text.CDC_Transmit_FS
                0x000000000800781c       0x4c ./Core/Src/usbd_cdc_if.o
                0x000000000800781c                CDC_Transmit_FS
 .text.__NVIC_GetPriorityGrouping
                0x0000000008007868       0x1c ./Core/Src/usbd_conf.o
 .text.__NVIC_EnableIRQ
                0x0000000008007884       0x3c ./Core/Src/usbd_conf.o
 .text.__NVIC_SetPriority
                0x00000000080078c0       0x54 ./Core/Src/usbd_conf.o
 .text.NVIC_EncodePriority
                0x0000000008007914       0x66 ./Core/Src/usbd_conf.o
 *fill*         0x000000000800797a        0x2 
 .text.HAL_PCD_MspInit
                0x000000000800797c      0x14c ./Core/Src/usbd_conf.o
                0x000000000800797c                HAL_PCD_MspInit
 .text.HAL_PCD_SetupStageCallback
                0x0000000008007ac8       0x24 ./Core/Src/usbd_conf.o
                0x0000000008007ac8                HAL_PCD_SetupStageCallback
 .text.HAL_PCD_DataOutStageCallback
                0x0000000008007aec       0x36 ./Core/Src/usbd_conf.o
                0x0000000008007aec                HAL_PCD_DataOutStageCallback
 .text.HAL_PCD_DataInStageCallback
                0x0000000008007b22       0x34 ./Core/Src/usbd_conf.o
                0x0000000008007b22                HAL_PCD_DataInStageCallback
 .text.HAL_PCD_SOFCallback
                0x0000000008007b56       0x1c ./Core/Src/usbd_conf.o
                0x0000000008007b56                HAL_PCD_SOFCallback
 .text.HAL_PCD_ResetCallback
                0x0000000008007b72       0x50 ./Core/Src/usbd_conf.o
                0x0000000008007b72                HAL_PCD_ResetCallback
 *fill*         0x0000000008007bc2        0x2 
 .text.HAL_PCD_SuspendCallback
                0x0000000008007bc4       0x4c ./Core/Src/usbd_conf.o
                0x0000000008007bc4                HAL_PCD_SuspendCallback
 .text.HAL_PCD_ResumeCallback
                0x0000000008007c10       0x1c ./Core/Src/usbd_conf.o
                0x0000000008007c10                HAL_PCD_ResumeCallback
 .text.HAL_PCD_ISOOUTIncompleteCallback
                0x0000000008007c2c       0x24 ./Core/Src/usbd_conf.o
                0x0000000008007c2c                HAL_PCD_ISOOUTIncompleteCallback
 .text.HAL_PCD_ISOINIncompleteCallback
                0x0000000008007c50       0x24 ./Core/Src/usbd_conf.o
                0x0000000008007c50                HAL_PCD_ISOINIncompleteCallback
 .text.HAL_PCD_ConnectCallback
                0x0000000008007c74       0x1c ./Core/Src/usbd_conf.o
                0x0000000008007c74                HAL_PCD_ConnectCallback
 .text.HAL_PCD_DisconnectCallback
                0x0000000008007c90       0x1c ./Core/Src/usbd_conf.o
                0x0000000008007c90                HAL_PCD_DisconnectCallback
 .text.USBD_LL_Init
                0x0000000008007cac       0xa0 ./Core/Src/usbd_conf.o
                0x0000000008007cac                USBD_LL_Init
 .text.USBD_LL_Start
                0x0000000008007d4c       0x64 ./Core/Src/usbd_conf.o
                0x0000000008007d4c                USBD_LL_Start
 .text.USBD_LL_OpenEP
                0x0000000008007db0       0x7c ./Core/Src/usbd_conf.o
                0x0000000008007db0                USBD_LL_OpenEP
 .text.USBD_LL_CloseEP
                0x0000000008007e2c       0x6c ./Core/Src/usbd_conf.o
                0x0000000008007e2c                USBD_LL_CloseEP
 .text.USBD_LL_StallEP
                0x0000000008007e98       0x6c ./Core/Src/usbd_conf.o
                0x0000000008007e98                USBD_LL_StallEP
 .text.USBD_LL_ClearStallEP
                0x0000000008007f04       0x6c ./Core/Src/usbd_conf.o
                0x0000000008007f04                USBD_LL_ClearStallEP
 .text.USBD_LL_IsStallEP
                0x0000000008007f70       0x58 ./Core/Src/usbd_conf.o
                0x0000000008007f70                USBD_LL_IsStallEP
 .text.USBD_LL_SetUSBAddress
                0x0000000008007fc8       0x6c ./Core/Src/usbd_conf.o
                0x0000000008007fc8                USBD_LL_SetUSBAddress
 .text.USBD_LL_Transmit
                0x0000000008008034       0x74 ./Core/Src/usbd_conf.o
                0x0000000008008034                USBD_LL_Transmit
 .text.USBD_LL_PrepareReceive
                0x00000000080080a8       0x74 ./Core/Src/usbd_conf.o
                0x00000000080080a8                USBD_LL_PrepareReceive
 .text.USBD_LL_GetRxDataSize
                0x000000000800811c       0x26 ./Core/Src/usbd_conf.o
                0x000000000800811c                USBD_LL_GetRxDataSize
 .text.USBD_Init
                0x0000000008008142       0x56 ./Core/Src/usbd_core.o
                0x0000000008008142                USBD_Init
 .text.USBD_RegisterClass
                0x0000000008008198       0x34 ./Core/Src/usbd_core.o
                0x0000000008008198                USBD_RegisterClass
 .text.USBD_Start
                0x00000000080081cc       0x18 ./Core/Src/usbd_core.o
                0x00000000080081cc                USBD_Start
 .text.USBD_RunTestMode
                0x00000000080081e4       0x16 ./Core/Src/usbd_core.o
                0x00000000080081e4                USBD_RunTestMode
 .text.USBD_SetClassConfig
                0x00000000080081fa       0x3e ./Core/Src/usbd_core.o
                0x00000000080081fa                USBD_SetClassConfig
 .text.USBD_ClrClassConfig
                0x0000000008008238       0x26 ./Core/Src/usbd_core.o
                0x0000000008008238                USBD_ClrClassConfig
 .text.USBD_LL_SetupStage
                0x000000000800825e       0x9a ./Core/Src/usbd_core.o
                0x000000000800825e                USBD_LL_SetupStage
 .text.USBD_LL_DataOutStage
                0x00000000080082f8       0xb6 ./Core/Src/usbd_core.o
                0x00000000080082f8                USBD_LL_DataOutStage
 .text.USBD_LL_DataInStage
                0x00000000080083ae      0x11e ./Core/Src/usbd_core.o
                0x00000000080083ae                USBD_LL_DataInStage
 .text.USBD_LL_Reset
                0x00000000080084cc       0x5e ./Core/Src/usbd_core.o
                0x00000000080084cc                USBD_LL_Reset
 .text.USBD_LL_SetSpeed
                0x000000000800852a       0x20 ./Core/Src/usbd_core.o
                0x000000000800852a                USBD_LL_SetSpeed
 .text.USBD_LL_Suspend
                0x000000000800854a       0x2a ./Core/Src/usbd_core.o
                0x000000000800854a                USBD_LL_Suspend
 .text.USBD_LL_Resume
                0x0000000008008574       0x22 ./Core/Src/usbd_core.o
                0x0000000008008574                USBD_LL_Resume
 .text.USBD_LL_SOF
                0x0000000008008596       0x34 ./Core/Src/usbd_core.o
                0x0000000008008596                USBD_LL_SOF
 .text.USBD_LL_IsoINIncomplete
                0x00000000080085ca       0x1a ./Core/Src/usbd_core.o
                0x00000000080085ca                USBD_LL_IsoINIncomplete
 .text.USBD_LL_IsoOUTIncomplete
                0x00000000080085e4       0x1a ./Core/Src/usbd_core.o
                0x00000000080085e4                USBD_LL_IsoOUTIncomplete
 .text.USBD_LL_DevConnected
                0x00000000080085fe       0x16 ./Core/Src/usbd_core.o
                0x00000000080085fe                USBD_LL_DevConnected
 .text.USBD_LL_DevDisconnected
                0x0000000008008614       0x2e ./Core/Src/usbd_core.o
                0x0000000008008614                USBD_LL_DevDisconnected
 *fill*         0x0000000008008642        0x2 
 .text.USBD_StdDevReq
                0x0000000008008644       0xa0 ./Core/Src/usbd_ctlreq.o
                0x0000000008008644                USBD_StdDevReq
 .text.USBD_StdItfReq
                0x00000000080086e4       0x66 ./Core/Src/usbd_ctlreq.o
                0x00000000080086e4                USBD_StdItfReq
 .text.USBD_StdEPReq
                0x000000000800874a      0x1b8 ./Core/Src/usbd_ctlreq.o
                0x000000000800874a                USBD_StdEPReq
 *fill*         0x0000000008008902        0x2 
 .text.USBD_GetDescriptor
                0x0000000008008904      0x1e8 ./Core/Src/usbd_ctlreq.o
 .text.USBD_SetAddress
                0x0000000008008aec       0x7e ./Core/Src/usbd_ctlreq.o
 *fill*         0x0000000008008b6a        0x2 
 .text.USBD_SetConfig
                0x0000000008008b6c      0x110 ./Core/Src/usbd_ctlreq.o
 .text.USBD_GetConfig
                0x0000000008008c7c       0x64 ./Core/Src/usbd_ctlreq.o
 .text.USBD_GetStatus
                0x0000000008008ce0       0x54 ./Core/Src/usbd_ctlreq.o
 .text.USBD_SetFeature
                0x0000000008008d34       0x36 ./Core/Src/usbd_ctlreq.o
 .text.USBD_ClrFeature
                0x0000000008008d6a       0x50 ./Core/Src/usbd_ctlreq.o
 .text.USBD_ParseSetupRequest
                0x0000000008008dba       0x7a ./Core/Src/usbd_ctlreq.o
                0x0000000008008dba                USBD_ParseSetupRequest
 .text.USBD_CtlError
                0x0000000008008e34       0x22 ./Core/Src/usbd_ctlreq.o
                0x0000000008008e34                USBD_CtlError
 .text.USBD_GetString
                0x0000000008008e56       0x86 ./Core/Src/usbd_ctlreq.o
                0x0000000008008e56                USBD_GetString
 .text.USBD_GetLen
                0x0000000008008edc       0x30 ./Core/Src/usbd_ctlreq.o
 .text.USBD_FS_DeviceDescriptor
                0x0000000008008f0c       0x24 ./Core/Src/usbd_desc.o
                0x0000000008008f0c                USBD_FS_DeviceDescriptor
 .text.USBD_FS_LangIDStrDescriptor
                0x0000000008008f30       0x24 ./Core/Src/usbd_desc.o
                0x0000000008008f30                USBD_FS_LangIDStrDescriptor
 .text.USBD_FS_ProductStrDescriptor
                0x0000000008008f54       0x3c ./Core/Src/usbd_desc.o
                0x0000000008008f54                USBD_FS_ProductStrDescriptor
 .text.USBD_FS_ManufacturerStrDescriptor
                0x0000000008008f90       0x28 ./Core/Src/usbd_desc.o
                0x0000000008008f90                USBD_FS_ManufacturerStrDescriptor
 .text.USBD_FS_SerialStrDescriptor
                0x0000000008008fb8       0x3c ./Core/Src/usbd_desc.o
                0x0000000008008fb8                USBD_FS_SerialStrDescriptor
 .text.USBD_FS_ConfigStrDescriptor
                0x0000000008008ff4       0x3c ./Core/Src/usbd_desc.o
                0x0000000008008ff4                USBD_FS_ConfigStrDescriptor
 .text.USBD_FS_InterfaceStrDescriptor
                0x0000000008009030       0x3c ./Core/Src/usbd_desc.o
                0x0000000008009030                USBD_FS_InterfaceStrDescriptor
 .text.USBD_CtlSendData
                0x000000000800906c       0x38 ./Core/Src/usbd_ioreq.o
                0x000000000800906c                USBD_CtlSendData
 .text.USBD_CtlContinueSendData
                0x00000000080090a4       0x24 ./Core/Src/usbd_ioreq.o
                0x00000000080090a4                USBD_CtlContinueSendData
 .text.USBD_CtlPrepareRx
                0x00000000080090c8       0x3c ./Core/Src/usbd_ioreq.o
                0x00000000080090c8                USBD_CtlPrepareRx
 .text.USBD_CtlContinueRx
                0x0000000008009104       0x24 ./Core/Src/usbd_ioreq.o
                0x0000000008009104                USBD_CtlContinueRx
 .text.USBD_CtlSendStatus
                0x0000000008009128       0x26 ./Core/Src/usbd_ioreq.o
                0x0000000008009128                USBD_CtlSendStatus
 .text.USBD_CtlReceiveStatus
                0x000000000800914e       0x26 ./Core/Src/usbd_ioreq.o
                0x000000000800914e                USBD_CtlReceiveStatus
 .text.Reset_Handler
                0x0000000008009174       0x50 ./Core/Startup/startup_stm32f407vetx.o
                0x0000000008009174                Reset_Handler
 .text.Default_Handler
                0x00000000080091c4        0x2 ./Core/Startup/startup_stm32f407vetx.o
                0x00000000080091c4                RTC_Alarm_IRQHandler
                0x00000000080091c4                HASH_RNG_IRQHandler
                0x00000000080091c4                EXTI2_IRQHandler
                0x00000000080091c4                TIM8_CC_IRQHandler
                0x00000000080091c4                DMA2_Stream5_IRQHandler
                0x00000000080091c4                DMA1_Stream5_IRQHandler
                0x00000000080091c4                SysTick_Handler
                0x00000000080091c4                PVD_IRQHandler
                0x00000000080091c4                SDIO_IRQHandler
                0x00000000080091c4                TAMP_STAMP_IRQHandler
                0x00000000080091c4                CAN2_RX1_IRQHandler
                0x00000000080091c4                EXTI3_IRQHandler
                0x00000000080091c4                TIM8_TRG_COM_TIM14_IRQHandler
                0x00000000080091c4                TIM1_UP_TIM10_IRQHandler
                0x00000000080091c4                TIM8_UP_TIM13_IRQHandler
                0x00000000080091c4                I2C3_ER_IRQHandler
                0x00000000080091c4                EXTI0_IRQHandler
                0x00000000080091c4                I2C2_EV_IRQHandler
                0x00000000080091c4                DMA1_Stream2_IRQHandler
                0x00000000080091c4                CAN1_RX0_IRQHandler
                0x00000000080091c4                FPU_IRQHandler
                0x00000000080091c4                OTG_HS_WKUP_IRQHandler
                0x00000000080091c4                CAN2_SCE_IRQHandler
                0x00000000080091c4                DMA2_Stream2_IRQHandler
                0x00000000080091c4                SPI1_IRQHandler
                0x00000000080091c4                DCMI_IRQHandler
                0x00000000080091c4                CAN2_RX0_IRQHandler
                0x00000000080091c4                DMA2_Stream3_IRQHandler
                0x00000000080091c4                USART6_IRQHandler
                0x00000000080091c4                USART3_IRQHandler
                0x00000000080091c4                CAN1_RX1_IRQHandler
                0x00000000080091c4                UART5_IRQHandler
                0x00000000080091c4                DMA2_Stream0_IRQHandler
                0x00000000080091c4                TIM4_IRQHandler
                0x00000000080091c4                I2C1_EV_IRQHandler
                0x00000000080091c4                DMA1_Stream6_IRQHandler
                0x00000000080091c4                DMA1_Stream1_IRQHandler
                0x00000000080091c4                UART4_IRQHandler
                0x00000000080091c4                TIM3_IRQHandler
                0x00000000080091c4                RCC_IRQHandler
                0x00000000080091c4                TIM8_BRK_TIM12_IRQHandler
                0x00000000080091c4                Default_Handler
                0x00000000080091c4                EXTI15_10_IRQHandler
                0x00000000080091c4                ADC_IRQHandler
                0x00000000080091c4                DMA1_Stream7_IRQHandler
                0x00000000080091c4                TIM7_IRQHandler
                0x00000000080091c4                CAN2_TX_IRQHandler
                0x00000000080091c4                TIM5_IRQHandler
                0x00000000080091c4                DMA2_Stream7_IRQHandler
                0x00000000080091c4                I2C3_EV_IRQHandler
                0x00000000080091c4                EXTI9_5_IRQHandler
                0x00000000080091c4                RTC_WKUP_IRQHandler
                0x00000000080091c4                ETH_WKUP_IRQHandler
                0x00000000080091c4                SPI2_IRQHandler
                0x00000000080091c4                OTG_HS_EP1_IN_IRQHandler
                0x00000000080091c4                DMA1_Stream0_IRQHandler
                0x00000000080091c4                CAN1_TX_IRQHandler
                0x00000000080091c4                EXTI4_IRQHandler
                0x00000000080091c4                FSMC_IRQHandler
                0x00000000080091c4                ETH_IRQHandler
                0x00000000080091c4                OTG_HS_EP1_OUT_IRQHandler
                0x00000000080091c4                WWDG_IRQHandler
                0x00000000080091c4                TIM2_IRQHandler
                0x00000000080091c4                OTG_FS_WKUP_IRQHandler
                0x00000000080091c4                TIM1_TRG_COM_TIM11_IRQHandler
                0x00000000080091c4                OTG_HS_IRQHandler
                0x00000000080091c4                EXTI1_IRQHandler
                0x00000000080091c4                USART2_IRQHandler
                0x00000000080091c4                I2C2_ER_IRQHandler
                0x00000000080091c4                DMA2_Stream1_IRQHandler
                0x00000000080091c4                CAN1_SCE_IRQHandler
                0x00000000080091c4                FLASH_IRQHandler
                0x00000000080091c4                DMA2_Stream4_IRQHandler
                0x00000000080091c4                USART1_IRQHandler
                0x00000000080091c4                SPI3_IRQHandler
                0x00000000080091c4                DMA1_Stream4_IRQHandler
                0x00000000080091c4                I2C1_ER_IRQHandler
                0x00000000080091c4                DMA2_Stream6_IRQHandler
                0x00000000080091c4                DMA1_Stream3_IRQHandler
 *fill*         0x00000000080091c6        0x2 
 .text.malloc   0x00000000080091c8       0x10 C:/ST/STM32CubeIDE_1.12.1/STM32CubeIDE/plugins/com.st.stm32cube.ide.mcu.externaltools.gnu-tools-for-stm32.11.3.rel1.win32_1.1.100.202309141235/tools/bin/../lib/gcc/arm-none-eabi/11.3.1/../../../../arm-none-eabi/lib/thumb/v7e-m+fp/hard\libc_nano.a(libc_a-malloc.o)
                0x00000000080091c8                malloc
 .text.free     0x00000000080091d8       0x10 C:/ST/STM32CubeIDE_1.12.1/STM32CubeIDE/plugins/com.st.stm32cube.ide.mcu.externaltools.gnu-tools-for-stm32.11.3.rel1.win32_1.1.100.202309141235/tools/bin/../lib/gcc/arm-none-eabi/11.3.1/../../../../arm-none-eabi/lib/thumb/v7e-m+fp/hard\libc_nano.a(libc_a-malloc.o)
                0x00000000080091d8                free
 .text.sbrk_aligned
                0x00000000080091e8       0x40 C:/ST/STM32CubeIDE_1.12.1/STM32CubeIDE/plugins/com.st.stm32cube.ide.mcu.externaltools.gnu-tools-for-stm32.11.3.rel1.win32_1.1.100.202309141235/tools/bin/../lib/gcc/arm-none-eabi/11.3.1/../../../../arm-none-eabi/lib/thumb/v7e-m+fp/hard\libc_nano.a(libc_a-mallocr.o)
 .text._malloc_r
                0x0000000008009228      0x100 C:/ST/STM32CubeIDE_1.12.1/STM32CubeIDE/plugins/com.st.stm32cube.ide.mcu.externaltools.gnu-tools-for-stm32.11.3.rel1.win32_1.1.100.202309141235/tools/bin/../lib/gcc/arm-none-eabi/11.3.1/../../../../arm-none-eabi/lib/thumb/v7e-m+fp/hard\libc_nano.a(libc_a-mallocr.o)
                0x0000000008009228                _malloc_r
 .text.__malloc_lock
                0x0000000008009328        0xc C:/ST/STM32CubeIDE_1.12.1/STM32CubeIDE/plugins/com.st.stm32cube.ide.mcu.externaltools.gnu-tools-for-stm32.11.3.rel1.win32_1.1.100.202309141235/tools/bin/../lib/gcc/arm-none-eabi/11.3.1/../../../../arm-none-eabi/lib/thumb/v7e-m+fp/hard\libc_nano.a(libc_a-mlock.o)
                0x0000000008009328                __malloc_lock
 .text.__malloc_unlock
                0x0000000008009334        0xc C:/ST/STM32CubeIDE_1.12.1/STM32CubeIDE/plugins/com.st.stm32cube.ide.mcu.externaltools.gnu-tools-for-stm32.11.3.rel1.win32_1.1.100.202309141235/tools/bin/../lib/gcc/arm-none-eabi/11.3.1/../../../../arm-none-eabi/lib/thumb/v7e-m+fp/hard\libc_nano.a(libc_a-mlock.o)
                0x0000000008009334                __malloc_unlock
 .text.__cvt    0x0000000008009340       0xc4 C:/ST/STM32CubeIDE_1.12.1/STM32CubeIDE/plugins/com.st.stm32cube.ide.mcu.externaltools.gnu-tools-for-stm32.11.3.rel1.win32_1.1.100.202309141235/tools/bin/../lib/gcc/arm-none-eabi/11.3.1/../../../../arm-none-eabi/lib/thumb/v7e-m+fp/hard\libc_nano.a(libc_a-nano-vfprintf_float.o)
                0x0000000008009340                __cvt
 .text.__exponent
                0x0000000008009404       0x7c C:/ST/STM32CubeIDE_1.12.1/STM32CubeIDE/plugins/com.st.stm32cube.ide.mcu.externaltools.gnu-tools-for-stm32.11.3.rel1.win32_1.1.100.202309141235/tools/bin/../lib/gcc/arm-none-eabi/11.3.1/../../../../arm-none-eabi/lib/thumb/v7e-m+fp/hard\libc_nano.a(libc_a-nano-vfprintf_float.o)
                0x0000000008009404                __exponent
 .text._printf_float
                0x0000000008009480      0x46c C:/ST/STM32CubeIDE_1.12.1/STM32CubeIDE/plugins/com.st.stm32cube.ide.mcu.externaltools.gnu-tools-for-stm32.11.3.rel1.win32_1.1.100.202309141235/tools/bin/../lib/gcc/arm-none-eabi/11.3.1/../../../../arm-none-eabi/lib/thumb/v7e-m+fp/hard\libc_nano.a(libc_a-nano-vfprintf_float.o)
                0x0000000008009480                _printf_float
 .text._printf_common
                0x00000000080098ec       0xda C:/ST/STM32CubeIDE_1.12.1/STM32CubeIDE/plugins/com.st.stm32cube.ide.mcu.externaltools.gnu-tools-for-stm32.11.3.rel1.win32_1.1.100.202309141235/tools/bin/../lib/gcc/arm-none-eabi/11.3.1/../../../../arm-none-eabi/lib/thumb/v7e-m+fp/hard\libc_nano.a(libc_a-nano-vfprintf_i.o)
                0x00000000080098ec                _printf_common
 *fill*         0x00000000080099c6        0x2 
 .text._printf_i
                0x00000000080099c8      0x244 C:/ST/STM32CubeIDE_1.12.1/STM32CubeIDE/plugins/com.st.stm32cube.ide.mcu.externaltools.gnu-tools-for-stm32.11.3.rel1.win32_1.1.100.202309141235/tools/bin/../lib/gcc/arm-none-eabi/11.3.1/../../../../arm-none-eabi/lib/thumb/v7e-m+fp/hard\libc_nano.a(libc_a-nano-vfprintf_i.o)
                0x00000000080099c8                _printf_i
 .text.std      0x0000000008009c0c       0x6c C:/ST/STM32CubeIDE_1.12.1/STM32CubeIDE/plugins/com.st.stm32cube.ide.mcu.externaltools.gnu-tools-for-stm32.11.3.rel1.win32_1.1.100.202309141235/tools/bin/../lib/gcc/arm-none-eabi/11.3.1/../../../../arm-none-eabi/lib/thumb/v7e-m+fp/hard\libc_nano.a(libc_a-findfp.o)
 .text.stdio_exit_handler
                0x0000000008009c78       0x18 C:/ST/STM32CubeIDE_1.12.1/STM32CubeIDE/plugins/com.st.stm32cube.ide.mcu.externaltools.gnu-tools-for-stm32.11.3.rel1.win32_1.1.100.202309141235/tools/bin/../lib/gcc/arm-none-eabi/11.3.1/../../../../arm-none-eabi/lib/thumb/v7e-m+fp/hard\libc_nano.a(libc_a-findfp.o)
 .text.cleanup_stdio
                0x0000000008009c90       0x40 C:/ST/STM32CubeIDE_1.12.1/STM32CubeIDE/plugins/com.st.stm32cube.ide.mcu.externaltools.gnu-tools-for-stm32.11.3.rel1.win32_1.1.100.202309141235/tools/bin/../lib/gcc/arm-none-eabi/11.3.1/../../../../arm-none-eabi/lib/thumb/v7e-m+fp/hard\libc_nano.a(libc_a-findfp.o)
 .text.global_stdio_init.part.0
                0x0000000008009cd0       0x3c C:/ST/STM32CubeIDE_1.12.1/STM32CubeIDE/plugins/com.st.stm32cube.ide.mcu.externaltools.gnu-tools-for-stm32.11.3.rel1.win32_1.1.100.202309141235/tools/bin/../lib/gcc/arm-none-eabi/11.3.1/../../../../arm-none-eabi/lib/thumb/v7e-m+fp/hard\libc_nano.a(libc_a-findfp.o)
 .text.__sfp_lock_acquire
                0x0000000008009d0c        0xc C:/ST/STM32CubeIDE_1.12.1/STM32CubeIDE/plugins/com.st.stm32cube.ide.mcu.externaltools.gnu-tools-for-stm32.11.3.rel1.win32_1.1.100.202309141235/tools/bin/../lib/gcc/arm-none-eabi/11.3.1/../../../../arm-none-eabi/lib/thumb/v7e-m+fp/hard\libc_nano.a(libc_a-findfp.o)
                0x0000000008009d0c                __sfp_lock_acquire
 .text.__sfp_lock_release
                0x0000000008009d18        0xc C:/ST/STM32CubeIDE_1.12.1/STM32CubeIDE/plugins/com.st.stm32cube.ide.mcu.externaltools.gnu-tools-for-stm32.11.3.rel1.win32_1.1.100.202309141235/tools/bin/../lib/gcc/arm-none-eabi/11.3.1/../../../../arm-none-eabi/lib/thumb/v7e-m+fp/hard\libc_nano.a(libc_a-findfp.o)
                0x0000000008009d18                __sfp_lock_release
 .text.__sinit  0x0000000008009d24       0x30 C:/ST/STM32CubeIDE_1.12.1/STM32CubeIDE/plugins/com.st.stm32cube.ide.mcu.externaltools.gnu-tools-for-stm32.11.3.rel1.win32_1.1.100.202309141235/tools/bin/../lib/gcc/arm-none-eabi/11.3.1/../../../../arm-none-eabi/lib/thumb/v7e-m+fp/hard\libc_nano.a(libc_a-findfp.o)
                0x0000000008009d24                __sinit
 .text._fwalk_sglue
                0x0000000008009d54       0x3c C:/ST/STM32CubeIDE_1.12.1/STM32CubeIDE/plugins/com.st.stm32cube.ide.mcu.externaltools.gnu-tools-for-stm32.11.3.rel1.win32_1.1.100.202309141235/tools/bin/../lib/gcc/arm-none-eabi/11.3.1/../../../../arm-none-eabi/lib/thumb/v7e-m+fp/hard\libc_nano.a(libc_a-fwalk.o)
                0x0000000008009d54                _fwalk_sglue
 .text.sprintf  0x0000000008009d90       0x40 C:/ST/STM32CubeIDE_1.12.1/STM32CubeIDE/plugins/com.st.stm32cube.ide.mcu.externaltools.gnu-tools-for-stm32.11.3.rel1.win32_1.1.100.202309141235/tools/bin/../lib/gcc/arm-none-eabi/11.3.1/../../../../arm-none-eabi/lib/thumb/v7e-m+fp/hard\libc_nano.a(libc_a-sprintf.o)
                0x0000000008009d90                siprintf
                0x0000000008009d90                sprintf
 .text.__sread  0x0000000008009dd0       0x22 C:/ST/STM32CubeIDE_1.12.1/STM32CubeIDE/plugins/com.st.stm32cube.ide.mcu.externaltools.gnu-tools-for-stm32.11.3.rel1.win32_1.1.100.202309141235/tools/bin/../lib/gcc/arm-none-eabi/11.3.1/../../../../arm-none-eabi/lib/thumb/v7e-m+fp/hard\libc_nano.a(libc_a-stdio.o)
                0x0000000008009dd0                __sread
 .text.__swrite
                0x0000000008009df2       0x38 C:/ST/STM32CubeIDE_1.12.1/STM32CubeIDE/plugins/com.st.stm32cube.ide.mcu.externaltools.gnu-tools-for-stm32.11.3.rel1.win32_1.1.100.202309141235/tools/bin/../lib/gcc/arm-none-eabi/11.3.1/../../../../arm-none-eabi/lib/thumb/v7e-m+fp/hard\libc_nano.a(libc_a-stdio.o)
                0x0000000008009df2                __swrite
 .text.__sseek  0x0000000008009e2a       0x24 C:/ST/STM32CubeIDE_1.12.1/STM32CubeIDE/plugins/com.st.stm32cube.ide.mcu.externaltools.gnu-tools-for-stm32.11.3.rel1.win32_1.1.100.202309141235/tools/bin/../lib/gcc/arm-none-eabi/11.3.1/../../../../arm-none-eabi/lib/thumb/v7e-m+fp/hard\libc_nano.a(libc_a-stdio.o)
                0x0000000008009e2a                __sseek
 .text.__sclose
                0x0000000008009e4e        0x8 C:/ST/STM32CubeIDE_1.12.1/STM32CubeIDE/plugins/com.st.stm32cube.ide.mcu.externaltools.gnu-tools-for-stm32.11.3.rel1.win32_1.1.100.202309141235/tools/bin/../lib/gcc/arm-none-eabi/11.3.1/../../../../arm-none-eabi/lib/thumb/v7e-m+fp/hard\libc_nano.a(libc_a-stdio.o)
                0x0000000008009e4e                __sclose
 .text.memset   0x0000000008009e56       0x10 C:/ST/STM32CubeIDE_1.12.1/STM32CubeIDE/plugins/com.st.stm32cube.ide.mcu.externaltools.gnu-tools-for-stm32.11.3.rel1.win32_1.1.100.202309141235/tools/bin/../lib/gcc/arm-none-eabi/11.3.1/../../../../arm-none-eabi/lib/thumb/v7e-m+fp/hard\libc_nano.a(libc_a-memset.o)
                0x0000000008009e56                memset
 *fill*         0x0000000008009e66        0x2 
 .text._localeconv_r
                0x0000000008009e68        0x8 C:/ST/STM32CubeIDE_1.12.1/STM32CubeIDE/plugins/com.st.stm32cube.ide.mcu.externaltools.gnu-tools-for-stm32.11.3.rel1.win32_1.1.100.202309141235/tools/bin/../lib/gcc/arm-none-eabi/11.3.1/../../../../arm-none-eabi/lib/thumb/v7e-m+fp/hard\libc_nano.a(libc_a-localeconv.o)
                0x0000000008009e68                _localeconv_r
 .text._close_r
                0x0000000008009e70       0x20 C:/ST/STM32CubeIDE_1.12.1/STM32CubeIDE/plugins/com.st.stm32cube.ide.mcu.externaltools.gnu-tools-for-stm32.11.3.rel1.win32_1.1.100.202309141235/tools/bin/../lib/gcc/arm-none-eabi/11.3.1/../../../../arm-none-eabi/lib/thumb/v7e-m+fp/hard\libc_nano.a(libc_a-closer.o)
                0x0000000008009e70                _close_r
 .text._lseek_r
                0x0000000008009e90       0x24 C:/ST/STM32CubeIDE_1.12.1/STM32CubeIDE/plugins/com.st.stm32cube.ide.mcu.externaltools.gnu-tools-for-stm32.11.3.rel1.win32_1.1.100.202309141235/tools/bin/../lib/gcc/arm-none-eabi/11.3.1/../../../../arm-none-eabi/lib/thumb/v7e-m+fp/hard\libc_nano.a(libc_a-lseekr.o)
                0x0000000008009e90                _lseek_r
 .text._read_r  0x0000000008009eb4       0x24 C:/ST/STM32CubeIDE_1.12.1/STM32CubeIDE/plugins/com.st.stm32cube.ide.mcu.externaltools.gnu-tools-for-stm32.11.3.rel1.win32_1.1.100.202309141235/tools/bin/../lib/gcc/arm-none-eabi/11.3.1/../../../../arm-none-eabi/lib/thumb/v7e-m+fp/hard\libc_nano.a(libc_a-readr.o)
                0x0000000008009eb4                _read_r
 .text._sbrk_r  0x0000000008009ed8       0x20 C:/ST/STM32CubeIDE_1.12.1/STM32CubeIDE/plugins/com.st.stm32cube.ide.mcu.externaltools.gnu-tools-for-stm32.11.3.rel1.win32_1.1.100.202309141235/tools/bin/../lib/gcc/arm-none-eabi/11.3.1/../../../../arm-none-eabi/lib/thumb/v7e-m+fp/hard\libc_nano.a(libc_a-sbrkr.o)
                0x0000000008009ed8                _sbrk_r
 .text._write_r
                0x0000000008009ef8       0x24 C:/ST/STM32CubeIDE_1.12.1/STM32CubeIDE/plugins/com.st.stm32cube.ide.mcu.externaltools.gnu-tools-for-stm32.11.3.rel1.win32_1.1.100.202309141235/tools/bin/../lib/gcc/arm-none-eabi/11.3.1/../../../../arm-none-eabi/lib/thumb/v7e-m+fp/hard\libc_nano.a(libc_a-writer.o)
                0x0000000008009ef8                _write_r
 .text.__errno  0x0000000008009f1c        0xc C:/ST/STM32CubeIDE_1.12.1/STM32CubeIDE/plugins/com.st.stm32cube.ide.mcu.externaltools.gnu-tools-for-stm32.11.3.rel1.win32_1.1.100.202309141235/tools/bin/../lib/gcc/arm-none-eabi/11.3.1/../../../../arm-none-eabi/lib/thumb/v7e-m+fp/hard\libc_nano.a(libc_a-errno.o)
                0x0000000008009f1c                __errno
 .text.__libc_init_array
                0x0000000008009f28       0x48 C:/ST/STM32CubeIDE_1.12.1/STM32CubeIDE/plugins/com.st.stm32cube.ide.mcu.externaltools.gnu-tools-for-stm32.11.3.rel1.win32_1.1.100.202309141235/tools/bin/../lib/gcc/arm-none-eabi/11.3.1/../../../../arm-none-eabi/lib/thumb/v7e-m+fp/hard\libc_nano.a(libc_a-init.o)
                0x0000000008009f28                __libc_init_array
 .text.__retarget_lock_init_recursive
                0x0000000008009f70        0x2 C:/ST/STM32CubeIDE_1.12.1/STM32CubeIDE/plugins/com.st.stm32cube.ide.mcu.externaltools.gnu-tools-for-stm32.11.3.rel1.win32_1.1.100.202309141235/tools/bin/../lib/gcc/arm-none-eabi/11.3.1/../../../../arm-none-eabi/lib/thumb/v7e-m+fp/hard\libc_nano.a(libc_a-lock.o)
                0x0000000008009f70                __retarget_lock_init_recursive
 .text.__retarget_lock_acquire_recursive
                0x0000000008009f72        0x2 C:/ST/STM32CubeIDE_1.12.1/STM32CubeIDE/plugins/com.st.stm32cube.ide.mcu.externaltools.gnu-tools-for-stm32.11.3.rel1.win32_1.1.100.202309141235/tools/bin/../lib/gcc/arm-none-eabi/11.3.1/../../../../arm-none-eabi/lib/thumb/v7e-m+fp/hard\libc_nano.a(libc_a-lock.o)
                0x0000000008009f72                __retarget_lock_acquire_recursive
 .text.__retarget_lock_release_recursive
                0x0000000008009f74        0x2 C:/ST/STM32CubeIDE_1.12.1/STM32CubeIDE/plugins/com.st.stm32cube.ide.mcu.externaltools.gnu-tools-for-stm32.11.3.rel1.win32_1.1.100.202309141235/tools/bin/../lib/gcc/arm-none-eabi/11.3.1/../../../../arm-none-eabi/lib/thumb/v7e-m+fp/hard\libc_nano.a(libc_a-lock.o)
                0x0000000008009f74                __retarget_lock_release_recursive
 .text.memcpy   0x0000000008009f76       0x1c C:/ST/STM32CubeIDE_1.12.1/STM32CubeIDE/plugins/com.st.stm32cube.ide.mcu.externaltools.gnu-tools-for-stm32.11.3.rel1.win32_1.1.100.202309141235/tools/bin/../lib/gcc/arm-none-eabi/11.3.1/../../../../arm-none-eabi/lib/thumb/v7e-m+fp/hard\libc_nano.a(libc_a-memcpy-stub.o)
                0x0000000008009f76                memcpy
 .text.quorem   0x0000000008009f92      0x110 C:/ST/STM32CubeIDE_1.12.1/STM32CubeIDE/plugins/com.st.stm32cube.ide.mcu.externaltools.gnu-tools-for-stm32.11.3.rel1.win32_1.1.100.202309141235/tools/bin/../lib/gcc/arm-none-eabi/11.3.1/../../../../arm-none-eabi/lib/thumb/v7e-m+fp/hard\libc_nano.a(libc_a-dtoa.o)
 *fill*         0x000000000800a0a2        0x6 
 .text._dtoa_r  0x000000000800a0a8      0xbe4 C:/ST/STM32CubeIDE_1.12.1/STM32CubeIDE/plugins/com.st.stm32cube.ide.mcu.externaltools.gnu-tools-for-stm32.11.3.rel1.win32_1.1.100.202309141235/tools/bin/../lib/gcc/arm-none-eabi/11.3.1/../../../../arm-none-eabi/lib/thumb/v7e-m+fp/hard\libc_nano.a(libc_a-dtoa.o)
                0x000000000800a0a8                _dtoa_r
 .text._free_r  0x000000000800ac8c       0x98 C:/ST/STM32CubeIDE_1.12.1/STM32CubeIDE/plugins/com.st.stm32cube.ide.mcu.externaltools.gnu-tools-for-stm32.11.3.rel1.win32_1.1.100.202309141235/tools/bin/../lib/gcc/arm-none-eabi/11.3.1/../../../../arm-none-eabi/lib/thumb/v7e-m+fp/hard\libc_nano.a(libc_a-freer.o)
                0x000000000800ac8c                _free_r
 .text._Balloc  0x000000000800ad24       0x80 C:/ST/STM32CubeIDE_1.12.1/STM32CubeIDE/plugins/com.st.stm32cube.ide.mcu.externaltools.gnu-tools-for-stm32.11.3.rel1.win32_1.1.100.202309141235/tools/bin/../lib/gcc/arm-none-eabi/11.3.1/../../../../arm-none-eabi/lib/thumb/v7e-m+fp/hard\libc_nano.a(libc_a-mprec.o)
                0x000000000800ad24                _Balloc
 .text._Bfree   0x000000000800ada4       0x44 C:/ST/STM32CubeIDE_1.12.1/STM32CubeIDE/plugins/com.st.stm32cube.ide.mcu.externaltools.gnu-tools-for-stm32.11.3.rel1.win32_1.1.100.202309141235/tools/bin/../lib/gcc/arm-none-eabi/11.3.1/../../../../arm-none-eabi/lib/thumb/v7e-m+fp/hard\libc_nano.a(libc_a-mprec.o)
                0x000000000800ada4                _Bfree
 .text.__multadd
                0x000000000800ade8       0x8c C:/ST/STM32CubeIDE_1.12.1/STM32CubeIDE/plugins/com.st.stm32cube.ide.mcu.externaltools.gnu-tools-for-stm32.11.3.rel1.win32_1.1.100.202309141235/tools/bin/../lib/gcc/arm-none-eabi/11.3.1/../../../../arm-none-eabi/lib/thumb/v7e-m+fp/hard\libc_nano.a(libc_a-mprec.o)
                0x000000000800ade8                __multadd
 .text.__hi0bits
                0x000000000800ae74       0x40 C:/ST/STM32CubeIDE_1.12.1/STM32CubeIDE/plugins/com.st.stm32cube.ide.mcu.externaltools.gnu-tools-for-stm32.11.3.rel1.win32_1.1.100.202309141235/tools/bin/../lib/gcc/arm-none-eabi/11.3.1/../../../../arm-none-eabi/lib/thumb/v7e-m+fp/hard\libc_nano.a(libc_a-mprec.o)
                0x000000000800ae74                __hi0bits
 .text.__lo0bits
                0x000000000800aeb4       0x5a C:/ST/STM32CubeIDE_1.12.1/STM32CubeIDE/plugins/com.st.stm32cube.ide.mcu.externaltools.gnu-tools-for-stm32.11.3.rel1.win32_1.1.100.202309141235/tools/bin/../lib/gcc/arm-none-eabi/11.3.1/../../../../arm-none-eabi/lib/thumb/v7e-m+fp/hard\libc_nano.a(libc_a-mprec.o)
                0x000000000800aeb4                __lo0bits
 *fill*         0x000000000800af0e        0x2 
 .text.__i2b    0x000000000800af10       0x2c C:/ST/STM32CubeIDE_1.12.1/STM32CubeIDE/plugins/com.st.stm32cube.ide.mcu.externaltools.gnu-tools-for-stm32.11.3.rel1.win32_1.1.100.202309141235/tools/bin/../lib/gcc/arm-none-eabi/11.3.1/../../../../arm-none-eabi/lib/thumb/v7e-m+fp/hard\libc_nano.a(libc_a-mprec.o)
                0x000000000800af10                __i2b
 .text.__multiply
                0x000000000800af3c      0x154 C:/ST/STM32CubeIDE_1.12.1/STM32CubeIDE/plugins/com.st.stm32cube.ide.mcu.externaltools.gnu-tools-for-stm32.11.3.rel1.win32_1.1.100.202309141235/tools/bin/../lib/gcc/arm-none-eabi/11.3.1/../../../../arm-none-eabi/lib/thumb/v7e-m+fp/hard\libc_nano.a(libc_a-mprec.o)
                0x000000000800af3c                __multiply
 .text.__pow5mult
                0x000000000800b090       0xb4 C:/ST/STM32CubeIDE_1.12.1/STM32CubeIDE/plugins/com.st.stm32cube.ide.mcu.externaltools.gnu-tools-for-stm32.11.3.rel1.win32_1.1.100.202309141235/tools/bin/../lib/gcc/arm-none-eabi/11.3.1/../../../../arm-none-eabi/lib/thumb/v7e-m+fp/hard\libc_nano.a(libc_a-mprec.o)
                0x000000000800b090                __pow5mult
 .text.__lshift
                0x000000000800b144       0xd8 C:/ST/STM32CubeIDE_1.12.1/STM32CubeIDE/plugins/com.st.stm32cube.ide.mcu.externaltools.gnu-tools-for-stm32.11.3.rel1.win32_1.1.100.202309141235/tools/bin/../lib/gcc/arm-none-eabi/11.3.1/../../../../arm-none-eabi/lib/thumb/v7e-m+fp/hard\libc_nano.a(libc_a-mprec.o)
                0x000000000800b144                __lshift
 .text.__mcmp   0x000000000800b21c       0x38 C:/ST/STM32CubeIDE_1.12.1/STM32CubeIDE/plugins/com.st.stm32cube.ide.mcu.externaltools.gnu-tools-for-stm32.11.3.rel1.win32_1.1.100.202309141235/tools/bin/../lib/gcc/arm-none-eabi/11.3.1/../../../../arm-none-eabi/lib/thumb/v7e-m+fp/hard\libc_nano.a(libc_a-mprec.o)
                0x000000000800b21c                __mcmp
 .text.__mdiff  0x000000000800b254      0x114 C:/ST/STM32CubeIDE_1.12.1/STM32CubeIDE/plugins/com.st.stm32cube.ide.mcu.externaltools.gnu-tools-for-stm32.11.3.rel1.win32_1.1.100.202309141235/tools/bin/../lib/gcc/arm-none-eabi/11.3.1/../../../../arm-none-eabi/lib/thumb/v7e-m+fp/hard\libc_nano.a(libc_a-mprec.o)
                0x000000000800b254                __mdiff
 .text.__d2b    0x000000000800b368       0xb4 C:/ST/STM32CubeIDE_1.12.1/STM32CubeIDE/plugins/com.st.stm32cube.ide.mcu.externaltools.gnu-tools-for-stm32.11.3.rel1.win32_1.1.100.202309141235/tools/bin/../lib/gcc/arm-none-eabi/11.3.1/../../../../arm-none-eabi/lib/thumb/v7e-m+fp/hard\libc_nano.a(libc_a-mprec.o)
                0x000000000800b368                __d2b
 .text.__ssputs_r
                0x000000000800b41c       0xb4 C:/ST/STM32CubeIDE_1.12.1/STM32CubeIDE/plugins/com.st.stm32cube.ide.mcu.externaltools.gnu-tools-for-stm32.11.3.rel1.win32_1.1.100.202309141235/tools/bin/../lib/gcc/arm-none-eabi/11.3.1/../../../../arm-none-eabi/lib/thumb/v7e-m+fp/hard\libc_nano.a(libc_a-nano-svfprintf.o)
                0x000000000800b41c                __ssputs_r
 .text._svfprintf_r
                0x000000000800b4d0      0x1fc C:/ST/STM32CubeIDE_1.12.1/STM32CubeIDE/plugins/com.st.stm32cube.ide.mcu.externaltools.gnu-tools-for-stm32.11.3.rel1.win32_1.1.100.202309141235/tools/bin/../lib/gcc/arm-none-eabi/11.3.1/../../../../arm-none-eabi/lib/thumb/v7e-m+fp/hard\libc_nano.a(libc_a-nano-svfprintf.o)
                0x000000000800b4d0                _svfiprintf_r
                0x000000000800b4d0                _svfprintf_r
 .text.__sflush_r
                0x000000000800b6cc      0x10c C:/ST/STM32CubeIDE_1.12.1/STM32CubeIDE/plugins/com.st.stm32cube.ide.mcu.externaltools.gnu-tools-for-stm32.11.3.rel1.win32_1.1.100.202309141235/tools/bin/../lib/gcc/arm-none-eabi/11.3.1/../../../../arm-none-eabi/lib/thumb/v7e-m+fp/hard\libc_nano.a(libc_a-fflush.o)
                0x000000000800b6cc                __sflush_r
 .text._fflush_r
                0x000000000800b7d8       0x50 C:/ST/STM32CubeIDE_1.12.1/STM32CubeIDE/plugins/com.st.stm32cube.ide.mcu.externaltools.gnu-tools-for-stm32.11.3.rel1.win32_1.1.100.202309141235/tools/bin/../lib/gcc/arm-none-eabi/11.3.1/../../../../arm-none-eabi/lib/thumb/v7e-m+fp/hard\libc_nano.a(libc_a-fflush.o)
                0x000000000800b7d8                _fflush_r
 .text.memmove  0x000000000800b828       0x34 C:/ST/STM32CubeIDE_1.12.1/STM32CubeIDE/plugins/com.st.stm32cube.ide.mcu.externaltools.gnu-tools-for-stm32.11.3.rel1.win32_1.1.100.202309141235/tools/bin/../lib/gcc/arm-none-eabi/11.3.1/../../../../arm-none-eabi/lib/thumb/v7e-m+fp/hard\libc_nano.a(libc_a-memmove.o)
                0x000000000800b828                memmove
 .text.__assert_func
                0x000000000800b85c       0x3c C:/ST/STM32CubeIDE_1.12.1/STM32CubeIDE/plugins/com.st.stm32cube.ide.mcu.externaltools.gnu-tools-for-stm32.11.3.rel1.win32_1.1.100.202309141235/tools/bin/../lib/gcc/arm-none-eabi/11.3.1/../../../../arm-none-eabi/lib/thumb/v7e-m+fp/hard\libc_nano.a(libc_a-assert.o)
                0x000000000800b85c                __assert_func
 .text._calloc_r
                0x000000000800b898       0x2c C:/ST/STM32CubeIDE_1.12.1/STM32CubeIDE/plugins/com.st.stm32cube.ide.mcu.externaltools.gnu-tools-for-stm32.11.3.rel1.win32_1.1.100.202309141235/tools/bin/../lib/gcc/arm-none-eabi/11.3.1/../../../../arm-none-eabi/lib/thumb/v7e-m+fp/hard\libc_nano.a(libc_a-callocr.o)
                0x000000000800b898                _calloc_r
 .text.__ascii_mbtowc
                0x000000000800b8c4       0x24 C:/ST/STM32CubeIDE_1.12.1/STM32CubeIDE/plugins/com.st.stm32cube.ide.mcu.externaltools.gnu-tools-for-stm32.11.3.rel1.win32_1.1.100.202309141235/tools/bin/../lib/gcc/arm-none-eabi/11.3.1/../../../../arm-none-eabi/lib/thumb/v7e-m+fp/hard\libc_nano.a(libc_a-mbtowc_r.o)
                0x000000000800b8c4                __ascii_mbtowc
 .text._realloc_r
                0x000000000800b8e8       0x5e C:/ST/STM32CubeIDE_1.12.1/STM32CubeIDE/plugins/com.st.stm32cube.ide.mcu.externaltools.gnu-tools-for-stm32.11.3.rel1.win32_1.1.100.202309141235/tools/bin/../lib/gcc/arm-none-eabi/11.3.1/../../../../arm-none-eabi/lib/thumb/v7e-m+fp/hard\libc_nano.a(libc_a-reallocr.o)
                0x000000000800b8e8                _realloc_r
 .text.__ascii_wctomb
                0x000000000800b946       0x1a C:/ST/STM32CubeIDE_1.12.1/STM32CubeIDE/plugins/com.st.stm32cube.ide.mcu.externaltools.gnu-tools-for-stm32.11.3.rel1.win32_1.1.100.202309141235/tools/bin/../lib/gcc/arm-none-eabi/11.3.1/../../../../arm-none-eabi/lib/thumb/v7e-m+fp/hard\libc_nano.a(libc_a-wctomb_r.o)
                0x000000000800b946                __ascii_wctomb
 .text.fprintf  0x000000000800b960       0x24 C:/ST/STM32CubeIDE_1.12.1/STM32CubeIDE/plugins/com.st.stm32cube.ide.mcu.externaltools.gnu-tools-for-stm32.11.3.rel1.win32_1.1.100.202309141235/tools/bin/../lib/gcc/arm-none-eabi/11.3.1/../../../../arm-none-eabi/lib/thumb/v7e-m+fp/hard\libc_nano.a(libc_a-fprintf.o)
                0x000000000800b960                fiprintf
                0x000000000800b960                fprintf
 .text.abort    0x000000000800b984        0xe C:/ST/STM32CubeIDE_1.12.1/STM32CubeIDE/plugins/com.st.stm32cube.ide.mcu.externaltools.gnu-tools-for-stm32.11.3.rel1.win32_1.1.100.202309141235/tools/bin/../lib/gcc/arm-none-eabi/11.3.1/../../../../arm-none-eabi/lib/thumb/v7e-m+fp/hard\libc_nano.a(libc_a-abort.o)
                0x000000000800b984                abort
 .text._malloc_usable_size_r
                0x000000000800b992       0x10 C:/ST/STM32CubeIDE_1.12.1/STM32CubeIDE/plugins/com.st.stm32cube.ide.mcu.externaltools.gnu-tools-for-stm32.11.3.rel1.win32_1.1.100.202309141235/tools/bin/../lib/gcc/arm-none-eabi/11.3.1/../../../../arm-none-eabi/lib/thumb/v7e-m+fp/hard\libc_nano.a(libc_a-msizer.o)
                0x000000000800b992                _malloc_usable_size_r
 .text.__sfputc_r
                0x000000000800b9a2       0x2e C:/ST/STM32CubeIDE_1.12.1/STM32CubeIDE/plugins/com.st.stm32cube.ide.mcu.externaltools.gnu-tools-for-stm32.11.3.rel1.win32_1.1.100.202309141235/tools/bin/../lib/gcc/arm-none-eabi/11.3.1/../../../../arm-none-eabi/lib/thumb/v7e-m+fp/hard\libc_nano.a(libc_a-nano-vfprintf.o)
 .text.__sfputs_r
                0x000000000800b9d0       0x24 C:/ST/STM32CubeIDE_1.12.1/STM32CubeIDE/plugins/com.st.stm32cube.ide.mcu.externaltools.gnu-tools-for-stm32.11.3.rel1.win32_1.1.100.202309141235/tools/bin/../lib/gcc/arm-none-eabi/11.3.1/../../../../arm-none-eabi/lib/thumb/v7e-m+fp/hard\libc_nano.a(libc_a-nano-vfprintf.o)
                0x000000000800b9d0                __sfputs_r
 .text._vfprintf_r
                0x000000000800b9f4      0x234 C:/ST/STM32CubeIDE_1.12.1/STM32CubeIDE/plugins/com.st.stm32cube.ide.mcu.externaltools.gnu-tools-for-stm32.11.3.rel1.win32_1.1.100.202309141235/tools/bin/../lib/gcc/arm-none-eabi/11.3.1/../../../../arm-none-eabi/lib/thumb/v7e-m+fp/hard\libc_nano.a(libc_a-nano-vfprintf.o)
                0x000000000800b9f4                _vfprintf_r
                0x000000000800b9f4                _vfiprintf_r
 .text.__swbuf_r
                0x000000000800bc28       0x7a C:/ST/STM32CubeIDE_1.12.1/STM32CubeIDE/plugins/com.st.stm32cube.ide.mcu.externaltools.gnu-tools-for-stm32.11.3.rel1.win32_1.1.100.202309141235/tools/bin/../lib/gcc/arm-none-eabi/11.3.1/../../../../arm-none-eabi/lib/thumb/v7e-m+fp/hard\libc_nano.a(libc_a-wbuf.o)
                0x000000000800bc28                __swbuf_r
 *fill*         0x000000000800bca2        0x2 
 .text.__swsetup_r
                0x000000000800bca4       0xb0 C:/ST/STM32CubeIDE_1.12.1/STM32CubeIDE/plugins/com.st.stm32cube.ide.mcu.externaltools.gnu-tools-for-stm32.11.3.rel1.win32_1.1.100.202309141235/tools/bin/../lib/gcc/arm-none-eabi/11.3.1/../../../../arm-none-eabi/lib/thumb/v7e-m+fp/hard\libc_nano.a(libc_a-wsetup.o)
                0x000000000800bca4                __swsetup_r
 .text._raise_r
                0x000000000800bd54       0x50 C:/ST/STM32CubeIDE_1.12.1/STM32CubeIDE/plugins/com.st.stm32cube.ide.mcu.externaltools.gnu-tools-for-stm32.11.3.rel1.win32_1.1.100.202309141235/tools/bin/../lib/gcc/arm-none-eabi/11.3.1/../../../../arm-none-eabi/lib/thumb/v7e-m+fp/hard\libc_nano.a(libc_a-signal.o)
                0x000000000800bd54                _raise_r
 .text.raise    0x000000000800bda4       0x10 C:/ST/STM32CubeIDE_1.12.1/STM32CubeIDE/plugins/com.st.stm32cube.ide.mcu.externaltools.gnu-tools-for-stm32.11.3.rel1.win32_1.1.100.202309141235/tools/bin/../lib/gcc/arm-none-eabi/11.3.1/../../../../arm-none-eabi/lib/thumb/v7e-m+fp/hard\libc_nano.a(libc_a-signal.o)
                0x000000000800bda4                raise
 .text._kill_r  0x000000000800bdb4       0x24 C:/ST/STM32CubeIDE_1.12.1/STM32CubeIDE/plugins/com.st.stm32cube.ide.mcu.externaltools.gnu-tools-for-stm32.11.3.rel1.win32_1.1.100.202309141235/tools/bin/../lib/gcc/arm-none-eabi/11.3.1/../../../../arm-none-eabi/lib/thumb/v7e-m+fp/hard\libc_nano.a(libc_a-signalr.o)
                0x000000000800bdb4                _kill_r
 .text._getpid_r
                0x000000000800bdd8        0x4 C:/ST/STM32CubeIDE_1.12.1/STM32CubeIDE/plugins/com.st.stm32cube.ide.mcu.externaltools.gnu-tools-for-stm32.11.3.rel1.win32_1.1.100.202309141235/tools/bin/../lib/gcc/arm-none-eabi/11.3.1/../../../../arm-none-eabi/lib/thumb/v7e-m+fp/hard\libc_nano.a(libc_a-signalr.o)
                0x000000000800bdd8                _getpid_r
 .text.__swhatbuf_r
                0x000000000800bddc       0x4c C:/ST/STM32CubeIDE_1.12.1/STM32CubeIDE/plugins/com.st.stm32cube.ide.mcu.externaltools.gnu-tools-for-stm32.11.3.rel1.win32_1.1.100.202309141235/tools/bin/../lib/gcc/arm-none-eabi/11.3.1/../../../../arm-none-eabi/lib/thumb/v7e-m+fp/hard\libc_nano.a(libc_a-makebuf.o)
                0x000000000800bddc                __swhatbuf_r
 .text.__smakebuf_r
                0x000000000800be28       0x78 C:/ST/STM32CubeIDE_1.12.1/STM32CubeIDE/plugins/com.st.stm32cube.ide.mcu.externaltools.gnu-tools-for-stm32.11.3.rel1.win32_1.1.100.202309141235/tools/bin/../lib/gcc/arm-none-eabi/11.3.1/../../../../arm-none-eabi/lib/thumb/v7e-m+fp/hard\libc_nano.a(libc_a-makebuf.o)
                0x000000000800be28                __smakebuf_r
 .text._fstat_r
                0x000000000800bea0       0x24 C:/ST/STM32CubeIDE_1.12.1/STM32CubeIDE/plugins/com.st.stm32cube.ide.mcu.externaltools.gnu-tools-for-stm32.11.3.rel1.win32_1.1.100.202309141235/tools/bin/../lib/gcc/arm-none-eabi/11.3.1/../../../../arm-none-eabi/lib/thumb/v7e-m+fp/hard\libc_nano.a(libc_a-fstatr.o)
                0x000000000800bea0                _fstat_r
 .text._isatty_r
                0x000000000800bec4       0x20 C:/ST/STM32CubeIDE_1.12.1/STM32CubeIDE/plugins/com.st.stm32cube.ide.mcu.externaltools.gnu-tools-for-stm32.11.3.rel1.win32_1.1.100.202309141235/tools/bin/../lib/gcc/arm-none-eabi/11.3.1/../../../../arm-none-eabi/lib/thumb/v7e-m+fp/hard\libc_nano.a(libc_a-isattyr.o)
                0x000000000800bec4                _isatty_r
 .text.fmod     0x000000000800bee4       0x5c C:/ST/STM32CubeIDE_1.12.1/STM32CubeIDE/plugins/com.st.stm32cube.ide.mcu.externaltools.gnu-tools-for-stm32.11.3.rel1.win32_1.1.100.202309141235/tools/bin/../lib/gcc/arm-none-eabi/11.3.1/../../../../arm-none-eabi/lib/thumb/v7e-m+fp/hard\libm.a(libm_a-w_fmod.o)
                0x000000000800bee4                fmod
 .text.__ieee754_fmod
                0x000000000800bf40      0x21c C:/ST/STM32CubeIDE_1.12.1/STM32CubeIDE/plugins/com.st.stm32cube.ide.mcu.externaltools.gnu-tools-for-stm32.11.3.rel1.win32_1.1.100.202309141235/tools/bin/../lib/gcc/arm-none-eabi/11.3.1/../../../../arm-none-eabi/lib/thumb/v7e-m+fp/hard\libm.a(libm_a-e_fmod.o)
                0x000000000800bf40                __ieee754_fmod
 *(.glue_7)
 .glue_7        0x000000000800c15c        0x0 linker stubs
 *(.glue_7t)
 .glue_7t       0x000000000800c15c        0x0 linker stubs
 *(.eh_frame)
 .eh_frame      0x000000000800c15c        0x0 C:/ST/STM32CubeIDE_1.12.1/STM32CubeIDE/plugins/com.st.stm32cube.ide.mcu.externaltools.gnu-tools-for-stm32.11.3.rel1.win32_1.1.100.202309141235/tools/bin/../lib/gcc/arm-none-eabi/11.3.1/thumb/v7e-m+fp/hard/crtbegin.o
 *(.init)
 .init          0x000000000800c15c        0x4 C:/ST/STM32CubeIDE_1.12.1/STM32CubeIDE/plugins/com.st.stm32cube.ide.mcu.externaltools.gnu-tools-for-stm32.11.3.rel1.win32_1.1.100.202309141235/tools/bin/../lib/gcc/arm-none-eabi/11.3.1/thumb/v7e-m+fp/hard/crti.o
                0x000000000800c15c                _init
 .init          0x000000000800c160        0x8 C:/ST/STM32CubeIDE_1.12.1/STM32CubeIDE/plugins/com.st.stm32cube.ide.mcu.externaltools.gnu-tools-for-stm32.11.3.rel1.win32_1.1.100.202309141235/tools/bin/../lib/gcc/arm-none-eabi/11.3.1/thumb/v7e-m+fp/hard/crtn.o
 *(.fini)
 .fini          0x000000000800c168        0x4 C:/ST/STM32CubeIDE_1.12.1/STM32CubeIDE/plugins/com.st.stm32cube.ide.mcu.externaltools.gnu-tools-for-stm32.11.3.rel1.win32_1.1.100.202309141235/tools/bin/../lib/gcc/arm-none-eabi/11.3.1/thumb/v7e-m+fp/hard/crti.o
                0x000000000800c168                _fini
 .fini          0x000000000800c16c        0x8 C:/ST/STM32CubeIDE_1.12.1/STM32CubeIDE/plugins/com.st.stm32cube.ide.mcu.externaltools.gnu-tools-for-stm32.11.3.rel1.win32_1.1.100.202309141235/tools/bin/../lib/gcc/arm-none-eabi/11.3.1/thumb/v7e-m+fp/hard/crtn.o
                0x000000000800c174                . = ALIGN (0x4)
                0x000000000800c174                _etext = .

.vfp11_veneer   0x000000000800c174        0x0
 .vfp11_veneer  0x000000000800c174        0x0 linker stubs

.v4_bx          0x000000000800c174        0x0
 .v4_bx         0x000000000800c174        0x0 linker stubs

.iplt           0x000000000800c174        0x0
 .iplt          0x000000000800c174        0x0 C:/ST/STM32CubeIDE_1.12.1/STM32CubeIDE/plugins/com.st.stm32cube.ide.mcu.externaltools.gnu-tools-for-stm32.11.3.rel1.win32_1.1.100.202309141235/tools/bin/../lib/gcc/arm-none-eabi/11.3.1/thumb/v7e-m+fp/hard/crtbegin.o

.rodata         0x000000000800c178      0x470
                0x000000000800c178                . = ALIGN (0x4)
 *(.rodata)
 .rodata        0x000000000800c178       0x7f ./Core/Src/main.o
 *fill*         0x000000000800c1f7        0x1 
 .rodata        0x000000000800c1f8       0x56 ./Core/Src/usbd_desc.o
 *(.rodata*)
 *fill*         0x000000000800c24e        0x2 
 .rodata.AHBPrescTable
                0x000000000800c250       0x10 ./Core/Src/system_stm32f4xx.o
                0x000000000800c250                AHBPrescTable
 .rodata._printf_float.str1.1
                0x000000000800c260       0x12 C:/ST/STM32CubeIDE_1.12.1/STM32CubeIDE/plugins/com.st.stm32cube.ide.mcu.externaltools.gnu-tools-for-stm32.11.3.rel1.win32_1.1.100.202309141235/tools/bin/../lib/gcc/arm-none-eabi/11.3.1/../../../../arm-none-eabi/lib/thumb/v7e-m+fp/hard\libc_nano.a(libc_a-nano-vfprintf_float.o)
 .rodata._printf_i.str1.1
                0x000000000800c272       0x22 C:/ST/STM32CubeIDE_1.12.1/STM32CubeIDE/plugins/com.st.stm32cube.ide.mcu.externaltools.gnu-tools-for-stm32.11.3.rel1.win32_1.1.100.202309141235/tools/bin/../lib/gcc/arm-none-eabi/11.3.1/../../../../arm-none-eabi/lib/thumb/v7e-m+fp/hard\libc_nano.a(libc_a-nano-vfprintf_i.o)
 .rodata._dtoa_r.str1.1
                0x000000000800c294       0x8d C:/ST/STM32CubeIDE_1.12.1/STM32CubeIDE/plugins/com.st.stm32cube.ide.mcu.externaltools.gnu-tools-for-stm32.11.3.rel1.win32_1.1.100.202309141235/tools/bin/../lib/gcc/arm-none-eabi/11.3.1/../../../../arm-none-eabi/lib/thumb/v7e-m+fp/hard\libc_nano.a(libc_a-dtoa.o)
                                         0x8f (size before relaxing)
 .rodata._Balloc.str1.1
                0x000000000800c321       0x59 C:/ST/STM32CubeIDE_1.12.1/STM32CubeIDE/plugins/com.st.stm32cube.ide.mcu.externaltools.gnu-tools-for-stm32.11.3.rel1.win32_1.1.100.202309141235/tools/bin/../lib/gcc/arm-none-eabi/11.3.1/../../../../arm-none-eabi/lib/thumb/v7e-m+fp/hard\libc_nano.a(libc_a-mprec.o)
                                         0x70 (size before relaxing)
 .rodata.__multadd.str1.1
                0x000000000800c37a       0x11 C:/ST/STM32CubeIDE_1.12.1/STM32CubeIDE/plugins/com.st.stm32cube.ide.mcu.externaltools.gnu-tools-for-stm32.11.3.rel1.win32_1.1.100.202309141235/tools/bin/../lib/gcc/arm-none-eabi/11.3.1/../../../../arm-none-eabi/lib/thumb/v7e-m+fp/hard\libc_nano.a(libc_a-mprec.o)
 *fill*         0x000000000800c37a        0x6 
 .rodata.__mprec_bigtens
                0x000000000800c380       0x28 C:/ST/STM32CubeIDE_1.12.1/STM32CubeIDE/plugins/com.st.stm32cube.ide.mcu.externaltools.gnu-tools-for-stm32.11.3.rel1.win32_1.1.100.202309141235/tools/bin/../lib/gcc/arm-none-eabi/11.3.1/../../../../arm-none-eabi/lib/thumb/v7e-m+fp/hard\libc_nano.a(libc_a-mprec.o)
                0x000000000800c380                __mprec_bigtens
 .rodata.__mprec_tens
                0x000000000800c3a8       0xc8 C:/ST/STM32CubeIDE_1.12.1/STM32CubeIDE/plugins/com.st.stm32cube.ide.mcu.externaltools.gnu-tools-for-stm32.11.3.rel1.win32_1.1.100.202309141235/tools/bin/../lib/gcc/arm-none-eabi/11.3.1/../../../../arm-none-eabi/lib/thumb/v7e-m+fp/hard\libc_nano.a(libc_a-mprec.o)
                0x000000000800c3a8                __mprec_tens
 .rodata.p05.0  0x000000000800c470        0xc C:/ST/STM32CubeIDE_1.12.1/STM32CubeIDE/plugins/com.st.stm32cube.ide.mcu.externaltools.gnu-tools-for-stm32.11.3.rel1.win32_1.1.100.202309141235/tools/bin/../lib/gcc/arm-none-eabi/11.3.1/../../../../arm-none-eabi/lib/thumb/v7e-m+fp/hard\libc_nano.a(libc_a-mprec.o)
 .rodata._svfprintf_r.str1.1
                0x000000000800c47c       0x11 C:/ST/STM32CubeIDE_1.12.1/STM32CubeIDE/plugins/com.st.stm32cube.ide.mcu.externaltools.gnu-tools-for-stm32.11.3.rel1.win32_1.1.100.202309141235/tools/bin/../lib/gcc/arm-none-eabi/11.3.1/../../../../arm-none-eabi/lib/thumb/v7e-m+fp/hard\libc_nano.a(libc_a-nano-svfprintf.o)
 .rodata._setlocale_r.str1.1
                0x000000000800c48d        0x8 C:/ST/STM32CubeIDE_1.12.1/STM32CubeIDE/plugins/com.st.stm32cube.ide.mcu.externaltools.gnu-tools-for-stm32.11.3.rel1.win32_1.1.100.202309141235/tools/bin/../lib/gcc/arm-none-eabi/11.3.1/../../../../arm-none-eabi/lib/thumb/v7e-m+fp/hard\libc_nano.a(libc_a-locale.o)
                                          0x9 (size before relaxing)
 .rodata.str1.1
                0x000000000800c495        0x2 C:/ST/STM32CubeIDE_1.12.1/STM32CubeIDE/plugins/com.st.stm32cube.ide.mcu.externaltools.gnu-tools-for-stm32.11.3.rel1.win32_1.1.100.202309141235/tools/bin/../lib/gcc/arm-none-eabi/11.3.1/../../../../arm-none-eabi/lib/thumb/v7e-m+fp/hard\libc_nano.a(libc_a-locale.o)
 .rodata.__assert_func.str1.1
                0x000000000800c497       0x3c C:/ST/STM32CubeIDE_1.12.1/STM32CubeIDE/plugins/com.st.stm32cube.ide.mcu.externaltools.gnu-tools-for-stm32.11.3.rel1.win32_1.1.100.202309141235/tools/bin/../lib/gcc/arm-none-eabi/11.3.1/../../../../arm-none-eabi/lib/thumb/v7e-m+fp/hard\libc_nano.a(libc_a-assert.o)
                                         0x3d (size before relaxing)
 .rodata._ctype_
                0x000000000800c4d3      0x101 C:/ST/STM32CubeIDE_1.12.1/STM32CubeIDE/plugins/com.st.stm32cube.ide.mcu.externaltools.gnu-tools-for-stm32.11.3.rel1.win32_1.1.100.202309141235/tools/bin/../lib/gcc/arm-none-eabi/11.3.1/../../../../arm-none-eabi/lib/thumb/v7e-m+fp/hard\libc_nano.a(libc_a-ctype_.o)
                0x000000000800c4d3                _ctype_
 .rodata._vfprintf_r.str1.1
                0x000000000800c5d4       0x11 C:/ST/STM32CubeIDE_1.12.1/STM32CubeIDE/plugins/com.st.stm32cube.ide.mcu.externaltools.gnu-tools-for-stm32.11.3.rel1.win32_1.1.100.202309141235/tools/bin/../lib/gcc/arm-none-eabi/11.3.1/../../../../arm-none-eabi/lib/thumb/v7e-m+fp/hard\libc_nano.a(libc_a-nano-vfprintf.o)
 *fill*         0x000000000800c5d4        0x4 
 .rodata.Zero   0x000000000800c5d8       0x10 C:/ST/STM32CubeIDE_1.12.1/STM32CubeIDE/plugins/com.st.stm32cube.ide.mcu.externaltools.gnu-tools-for-stm32.11.3.rel1.win32_1.1.100.202309141235/tools/bin/../lib/gcc/arm-none-eabi/11.3.1/../../../../arm-none-eabi/lib/thumb/v7e-m+fp/hard\libm.a(libm_a-e_fmod.o)
                0x000000000800c5e8                . = ALIGN (0x4)

.rel.dyn        0x000000000800c5e8        0x0
 .rel.iplt      0x000000000800c5e8        0x0 C:/ST/STM32CubeIDE_1.12.1/STM32CubeIDE/plugins/com.st.stm32cube.ide.mcu.externaltools.gnu-tools-for-stm32.11.3.rel1.win32_1.1.100.202309141235/tools/bin/../lib/gcc/arm-none-eabi/11.3.1/thumb/v7e-m+fp/hard/crtbegin.o

.ARM.extab      0x000000000800c5e8        0x0
                0x000000000800c5e8                . = ALIGN (0x4)
 *(.ARM.extab* .gnu.linkonce.armextab.*)
                0x000000000800c5e8                . = ALIGN (0x4)

.ARM            0x000000000800c5e8        0x0
                0x000000000800c5e8                . = ALIGN (0x4)
                0x000000000800c5e8                __exidx_start = .
 *(.ARM.exidx*)
                0x000000000800c5e8                __exidx_end = .
                0x000000000800c5e8                . = ALIGN (0x4)

.preinit_array  0x000000000800c5e8        0x0
                0x000000000800c5e8                . = ALIGN (0x4)
                0x000000000800c5e8                PROVIDE (__preinit_array_start = .)
 *(.preinit_array*)
                0x000000000800c5e8                PROVIDE (__preinit_array_end = .)
                0x000000000800c5e8                . = ALIGN (0x4)

.init_array     0x000000000800c5e8        0x4
                0x000000000800c5e8                . = ALIGN (0x4)
                0x000000000800c5e8                PROVIDE (__init_array_start = .)
 *(SORT_BY_NAME(.init_array.*))
 *(.init_array*)
 .init_array    0x000000000800c5e8        0x4 C:/ST/STM32CubeIDE_1.12.1/STM32CubeIDE/plugins/com.st.stm32cube.ide.mcu.externaltools.gnu-tools-for-stm32.11.3.rel1.win32_1.1.100.202309141235/tools/bin/../lib/gcc/arm-none-eabi/11.3.1/thumb/v7e-m+fp/hard/crtbegin.o
                0x000000000800c5ec                PROVIDE (__init_array_end = .)
                0x000000000800c5ec                . = ALIGN (0x4)

.fini_array     0x000000000800c5ec        0x4
                0x000000000800c5ec                . = ALIGN (0x4)
                [!provide]                        PROVIDE (__fini_array_start = .)
 *(SORT_BY_NAME(.fini_array.*))
 *(.fini_array*)
 .fini_array    0x000000000800c5ec        0x4 C:/ST/STM32CubeIDE_1.12.1/STM32CubeIDE/plugins/com.st.stm32cube.ide.mcu.externaltools.gnu-tools-for-stm32.11.3.rel1.win32_1.1.100.202309141235/tools/bin/../lib/gcc/arm-none-eabi/11.3.1/thumb/v7e-m+fp/hard/crtbegin.o
                [!provide]                        PROVIDE (__fini_array_end = .)
                0x000000000800c5f0                . = ALIGN (0x4)
                0x000000000800c5f0                _sidata = LOADADDR (.data)

.data           0x0000000020000000      0x330 load address 0x000000000800c5f0
                0x0000000020000000                . = ALIGN (0x4)
                0x0000000020000000                _sdata = .
 *(.data)
 *(.data*)
 .data.tmp_name
                0x0000000020000000        0xd ./Core/Src/main.o
                0x0000000020000000                tmp_name
 *fill*         0x000000002000000d        0x3 
 .data.SystemCoreClock
                0x0000000020000010        0x4 ./Core/Src/system_stm32f4xx.o
                0x0000000020000010                SystemCoreClock
 .data.USBD_CDC_DeviceQualifierDesc
                0x0000000020000014        0xa ./Core/Src/usbd_cdc.o
 *fill*         0x000000002000001e        0x2 
 .data.USBD_CDC
                0x0000000020000020       0x38 ./Core/Src/usbd_cdc.o
                0x0000000020000020                USBD_CDC
 .data.USBD_CDC_CfgHSDesc
                0x0000000020000058       0x43 ./Core/Src/usbd_cdc.o
                0x0000000020000058                USBD_CDC_CfgHSDesc
 *fill*         0x000000002000009b        0x1 
 .data.USBD_CDC_CfgFSDesc
                0x000000002000009c       0x43 ./Core/Src/usbd_cdc.o
                0x000000002000009c                USBD_CDC_CfgFSDesc
 *fill*         0x00000000200000df        0x1 
 .data.USBD_CDC_OtherSpeedCfgDesc
                0x00000000200000e0       0x43 ./Core/Src/usbd_cdc.o
                0x00000000200000e0                USBD_CDC_OtherSpeedCfgDesc
 *fill*         0x0000000020000123        0x1 
 .data.USBD_Interface_fops_FS
                0x0000000020000124       0x10 ./Core/Src/usbd_cdc_if.o
                0x0000000020000124                USBD_Interface_fops_FS
 .data.FS_Desc  0x0000000020000134       0x1c ./Core/Src/usbd_desc.o
                0x0000000020000134                FS_Desc
 .data.USBD_FS_DeviceDesc
                0x0000000020000150       0x12 ./Core/Src/usbd_desc.o
                0x0000000020000150                USBD_FS_DeviceDesc
 *fill*         0x0000000020000162        0x2 
 .data.USBD_LangIDDesc
                0x0000000020000164        0x4 ./Core/Src/usbd_desc.o
                0x0000000020000164                USBD_LangIDDesc
 .data.__sglue  0x0000000020000168        0xc C:/ST/STM32CubeIDE_1.12.1/STM32CubeIDE/plugins/com.st.stm32cube.ide.mcu.externaltools.gnu-tools-for-stm32.11.3.rel1.win32_1.1.100.202309141235/tools/bin/../lib/gcc/arm-none-eabi/11.3.1/../../../../arm-none-eabi/lib/thumb/v7e-m+fp/hard\libc_nano.a(libc_a-findfp.o)
                0x0000000020000168                __sglue
 .data._impure_data
                0x0000000020000174       0x4c C:/ST/STM32CubeIDE_1.12.1/STM32CubeIDE/plugins/com.st.stm32cube.ide.mcu.externaltools.gnu-tools-for-stm32.11.3.rel1.win32_1.1.100.202309141235/tools/bin/../lib/gcc/arm-none-eabi/11.3.1/../../../../arm-none-eabi/lib/thumb/v7e-m+fp/hard\libc_nano.a(libc_a-impure.o)
                0x0000000020000174                _impure_data
 .data._impure_ptr
                0x00000000200001c0        0x4 C:/ST/STM32CubeIDE_1.12.1/STM32CubeIDE/plugins/com.st.stm32cube.ide.mcu.externaltools.gnu-tools-for-stm32.11.3.rel1.win32_1.1.100.202309141235/tools/bin/../lib/gcc/arm-none-eabi/11.3.1/../../../../arm-none-eabi/lib/thumb/v7e-m+fp/hard\libc_nano.a(libc_a-impure.o)
                0x00000000200001c0                _impure_ptr
 .data.__global_locale