Archive member included to satisfy reference by file (symbol)

C:/ST/STM32CubeIDE_1.12.1/STM32CubeIDE/plugins/com.st.stm32cube.ide.mcu.externaltools.gnu-tools-for-stm32.11.3.rel1.win32_1.1.100.202309141235/tools/bin/../lib/gcc/arm-none-eabi/11.3.1/../../../../arm-none-eabi/lib/thumb/v7e-m+fp/hard\libc_nano.a(libc_a-exit.o)
                              C:/ST/STM32CubeIDE_1.12.1/STM32CubeIDE/plugins/com.st.stm32cube.ide.mcu.externaltools.gnu-tools-for-stm32.11.3.rel1.win32_1.1.100.202309141235/tools/bin/../lib/gcc/arm-none-eabi/11.3.1/../../../../arm-none-eabi/lib/thumb/v7e-m+fp/hard/crt0.o (exit)
C:/ST/STM32CubeIDE_1.12.1/STM32CubeIDE/plugins/com.st.stm32cube.ide.mcu.externaltools.gnu-tools-for-stm32.11.3.rel1.win32_1.1.100.202309141235/tools/bin/../lib/gcc/arm-none-eabi/11.3.1/../../../../arm-none-eabi/lib/thumb/v7e-m+fp/hard\libc_nano.a(libc_a-malloc.o)
                              ./Core/Src/usbd_cdc.o (malloc)
C:/ST/STM32CubeIDE_1.12.1/STM32CubeIDE/plugins/com.st.stm32cube.ide.mcu.externaltools.gnu-tools-for-stm32.11.3.rel1.win32_1.1.100.202309141235/tools/bin/../lib/gcc/arm-none-eabi/11.3.1/../../../../arm-none-eabi/lib/thumb/v7e-m+fp/hard\libc_nano.a(libc_a-mallocr.o)
                              C:/ST/STM32CubeIDE_1.12.1/STM32CubeIDE/plugins/com.st.stm32cube.ide.mcu.externaltools.gnu-tools-for-stm32.11.3.rel1.win32_1.1.100.202309141235/tools/bin/../lib/gcc/arm-none-eabi/11.3.1/../../../../arm-none-eabi/lib/thumb/v7e-m+fp/hard\libc_nano.a(libc_a-malloc.o) (_malloc_r)
C:/ST/STM32CubeIDE_1.12.1/STM32CubeIDE/plugins/com.st.stm32cube.ide.mcu.externaltools.gnu-tools-for-stm32.11.3.rel1.win32_1.1.100.202309141235/tools/bin/../lib/gcc/arm-none-eabi/11.3.1/../../../../arm-none-eabi/lib/thumb/v7e-m+fp/hard\libc_nano.a(libc_a-mlock.o)
                              C:/ST/STM32CubeIDE_1.12.1/STM32CubeIDE/plugins/com.st.stm32cube.ide.mcu.externaltools.gnu-tools-for-stm32.11.3.rel1.win32_1.1.100.202309141235/tools/bin/../lib/gcc/arm-none-eabi/11.3.1/../../../../arm-none-eabi/lib/thumb/v7e-m+fp/hard\libc_nano.a(libc_a-mallocr.o) (__malloc_lock)
C:/ST/STM32CubeIDE_1.12.1/STM32CubeIDE/plugins/com.st.stm32cube.ide.mcu.externaltools.gnu-tools-for-stm32.11.3.rel1.win32_1.1.100.202309141235/tools/bin/../lib/gcc/arm-none-eabi/11.3.1/../../../../arm-none-eabi/lib/thumb/v7e-m+fp/hard\libc_nano.a(libc_a-nano-vfprintf_float.o)
                              (_printf_float)
C:/ST/STM32CubeIDE_1.12.1/STM32CubeIDE/plugins/com.st.stm32cube.ide.mcu.externaltools.gnu-tools-for-stm32.11.3.rel1.win32_1.1.100.202309141235/tools/bin/../lib/gcc/arm-none-eabi/11.3.1/../../../../arm-none-eabi/lib/thumb/v7e-m+fp/hard\libc_nano.a(libc_a-nano-vfprintf_i.o)
                              C:/ST/STM32CubeIDE_1.12.1/STM32CubeIDE/plugins/com.st.stm32cube.ide.mcu.externaltools.gnu-tools-for-stm32.11.3.rel1.win32_1.1.100.202309141235/tools/bin/../lib/gcc/arm-none-eabi/11.3.1/../../../../arm-none-eabi/lib/thumb/v7e-m+fp/hard\libc_nano.a(libc_a-nano-vfprintf_float.o) (_printf_common)
C:/ST/STM32CubeIDE_1.12.1/STM32CubeIDE/plugins/com.st.stm32cube.ide.mcu.externaltools.gnu-tools-for-stm32.11.3.rel1.win32_1.1.100.202309141235/tools/bin/../lib/gcc/arm-none-eabi/11.3.1/../../../../arm-none-eabi/lib/thumb/v7e-m+fp/hard\libc_nano.a(libc_a-findfp.o)
                              C:/ST/STM32CubeIDE_1.12.1/STM32CubeIDE/plugins/com.st.stm32cube.ide.mcu.externaltools.gnu-tools-for-stm32.11.3.rel1.win32_1.1.100.202309141235/tools/bin/../lib/gcc/arm-none-eabi/11.3.1/../../../../arm-none-eabi/lib/thumb/v7e-m+fp/hard\libc_nano.a(libc_a-exit.o) (__stdio_exit_handler)
C:/ST/STM32CubeIDE_1.12.1/STM32CubeIDE/plugins/com.st.stm32cube.ide.mcu.externaltools.gnu-tools-for-stm32.11.3.rel1.win32_1.1.100.202309141235/tools/bin/../lib/gcc/arm-none-eabi/11.3.1/../../../../arm-none-eabi/lib/thumb/v7e-m+fp/hard\libc_nano.a(libc_a-fwalk.o)
                              C:/ST/STM32CubeIDE_1.12.1/STM32CubeIDE/plugins/com.st.stm32cube.ide.mcu.externaltools.gnu-tools-for-stm32.11.3.rel1.win32_1.1.100.202309141235/tools/bin/../lib/gcc/arm-none-eabi/11.3.1/../../../../arm-none-eabi/lib/thumb/v7e-m+fp/hard\libc_nano.a(libc_a-findfp.o) (_fwalk_sglue)
C:/ST/STM32CubeIDE_1.12.1/STM32CubeIDE/plugins/com.st.stm32cube.ide.mcu.externaltools.gnu-tools-for-stm32.11.3.rel1.win32_1.1.100.202309141235/tools/bin/../lib/gcc/arm-none-eabi/11.3.1/../../../../arm-none-eabi/lib/thumb/v7e-m+fp/hard\libc_nano.a(libc_a-sprintf.o)
                              ./Core/Src/main.o (sprintf)
C:/ST/STM32CubeIDE_1.12.1/STM32CubeIDE/plugins/com.st.stm32cube.ide.mcu.externaltools.gnu-tools-for-stm32.11.3.rel1.win32_1.1.100.202309141235/tools/bin/../lib/gcc/arm-none-eabi/11.3.1/../../../../arm-none-eabi/lib/thumb/v7e-m+fp/hard\libc_nano.a(libc_a-stdio.o)
[...]
Memory Configuration

Name             Origin             Length             Attributes
CCMRAM           0x0000000010000000 0x0000000000010000 xrw
RAM              0x0000000020000000 0x0000000000020000 xrw
FLASH            0x0000000008000000 0x0000000000080000 xr
*default*        0x0000000000000000 0xffffffffffffffff

Linker script and memory map

LOAD C:/ST/STM32CubeIDE_1.12.1/STM32CubeIDE/plugins/com.st.stm32cube.ide.mcu.externaltools.gnu-tools-for-stm32.11.3.rel1.win32_1.1.100.202309141235/tools/bin/../lib/gcc/arm-none-eabi/11.3.1/thumb/v7e-m+fp/hard/crti.o
LOAD C:/ST/STM32CubeIDE_1.12.1/STM32CubeIDE/plugins/com.st.stm32cube.ide.mcu.externaltools.gnu-tools-for-stm32.11.3.rel1.win32_1.1.100.202309141235/tools/bin/../lib/gcc/arm-none-eabi/11.3.1/thumb/v7e-m+fp/hard/crtbegin.o
LOAD C:/ST/STM32CubeIDE_1.12.1/STM32CubeIDE/plugins/com.st.stm32cube.ide.mcu.externaltools.gnu-tools-for-stm32.11.3.rel1.win32_1.1.100.202309141235/tools/bin/../lib/gcc/arm-none-eabi/11.3.1/../../../../arm-none-eabi/lib/thumb/v7e-m+fp/hard/crt0.o
LOAD ./Core/Src/main.o
LOAD ./Core/Src/monitor.o
LOAD ./Core/Src/stm32f4xx_hal_pcd.o
LOAD ./Core/Src/stm32f4xx_hal_pcd_ex.o
LOAD ./Core/Src/stm32f4xx_it.o
LOAD ./Core/Src/stm32f4xx_ll_usb.o
LOAD ./Core/Src/syscalls.o
LOAD ./Core/Src/sysmem.o
LOAD ./Core/Src/system_stm32f4xx.o
LOAD ./Core/Src/usb_device.o
LOAD ./Core/Src/usbd_cdc.o
LOAD ./Core/Src/usbd_cdc_if.o
LOAD ./Core/Src/usbd_conf.o
LOAD ./Core/Src/usbd_core.o
LOAD ./Core/Src/usbd_ctlreq.o
LOAD ./Core/Src/usbd_desc.o
LOAD ./Core/Src/usbd_ioreq.o
LOAD ./Core/Startup/startup_stm32f407vetx.o
LOAD C:\Users\ECL06\git\ECL\F407_example\Drivers\CMSIS\Lib\GCC\libarm_cortexM4lf_math.a
START GROUP
LOAD C:/ST/STM32CubeIDE_1.12.1/STM32CubeIDE/plugins/com.st.stm32cube.ide.mcu.externaltools.gnu-tools-for-stm32.11.3.rel1.win32_1.1.100.202309141235/tools/bin/../lib/gcc/arm-none-eabi/11.3.1/../../../../arm-none-eabi/lib/thumb/v7e-m+fp/hard\libc_nano.a
LOAD C:/ST/STM32CubeIDE_1.12.1/STM32CubeIDE/plugins/com.st.stm32cube.ide.mcu.externaltools.gnu-tools-for-stm32.11.3.rel1.win32_1.1.100.202309141235/tools/bin/../lib/gcc/arm-none-eabi/11.3.1/../../../../arm-none-eabi/lib/thumb/v7e-m+fp/hard\libm.a
END GROUP
START GROUP
LOAD C:/ST/STM32CubeIDE_1.12.1/STM32CubeIDE/plugins/com.st.stm32cube.ide.mcu.externaltools.gnu-tools-for-stm32.11.3.rel1.win32_1.1.100.202309141235/tools/bin/../lib/gcc/arm-none-eabi/11.3.1/thumb/v7e-m+fp/hard\libgcc.a
LOAD C:/ST/STM32CubeIDE_1.12.1/STM32CubeIDE/plugins/com.st.stm32cube.ide.mcu.externaltools.gnu-tools-for-stm32.11.3.rel1.win32_1.1.100.202309141235/tools/bin/../lib/gcc/arm-none-eabi/11.3.1/../../../../arm-none-eabi/lib/thumb/v7e-m+fp/hard\libc_nano.a
END GROUP
START GROUP
LOAD C:/ST/STM32CubeIDE_1.12.1/STM32CubeIDE/plugins/com.st.stm32cube.ide.mcu.externaltools.gnu-tools-for-stm32.11.3.rel1.win32_1.1.100.202309141235/tools/bin/../lib/gcc/arm-none-eabi/11.3.1/thumb/v7e-m+fp/hard\libgcc.a
LOAD C:/ST/STM32CubeIDE_1.12.1/STM32CubeIDE/plugins/com.st.stm32cube.ide.mcu.externaltools.gnu-tools-for-stm32.11.3.rel1.win32_1.1.100.202309141235/tools/bin/../lib/gcc/arm-none-eabi/11.3.1/../../../../arm-none-eabi/lib/thumb/v7e-m+fp/hard\libc_nano.a
LOAD C:/ST/STM32CubeIDE_1.12.1/STM32CubeIDE/plugins/com.st.stm32cube.ide.mcu.externaltools.gnu-tools-for-stm32.11.3.rel1.win32_1.1.100.202309141235/tools/bin/../lib/gcc/arm-none-eabi/11.3.1/../../../../arm-none-eabi/lib/thumb/v7e-m+fp/hard\libnosys.a
END GROUP
START GROUP
LOAD C:/ST/STM32CubeIDE_1.12.1/STM32CubeIDE/plugins/com.st.stm32cube.ide.mcu.externaltools.gnu-tools-for-stm32.11.3.rel1.win32_1.1.100.202309141235/tools/bin/../lib/gcc/arm-none-eabi/11.3.1/thumb/v7e-m+fp/hard\libgcc.a
LOAD C:/ST/STM32CubeIDE_1.12.1/STM32CubeIDE/plugins/com.st.stm32cube.ide.mcu.externaltools.gnu-tools-for-stm32.11.3.rel1.win32_1.1.100.202309141235/tools/bin/../lib/gcc/arm-none-eabi/11.3.1/../../../../arm-none-eabi/lib/thumb/v7e-m+fp/hard\libc_nano.a
LOAD C:/ST/STM32CubeIDE_1.12.1/STM32CubeIDE/plugins/com.st.stm32cube.ide.mcu.externaltools.gnu-tools-for-stm32.11.3.rel1.win32_1.1.100.202309141235/tools/bin/../lib/gcc/arm-none-eabi/11.3.1/../../../../arm-none-eabi/lib/thumb/v7e-m+fp/hard\libnosys.a
END GROUP
LOAD C:/ST/STM32CubeIDE_1.12.1/STM32CubeIDE/plugins/com.st.stm32cube.ide.mcu.externaltools.gnu-tools-for-stm32.11.3.rel1.win32_1.1.100.202309141235/tools/bin/../lib/gcc/arm-none-eabi/11.3.1/thumb/v7e-m+fp/hard/crtend.o
LOAD C:/ST/STM32CubeIDE_1.12.1/STM32CubeIDE/plugins/com.st.stm32cube.ide.mcu.externaltools.gnu-tools-for-stm32.11.3.rel1.win32_1.1.100.202309141235/tools/bin/../lib/gcc/arm-none-eabi/11.3.1/thumb/v7e-m+fp/hard/crtn.o
                0x0000000020020000                _estack = (ORIGIN (RAM) + LENGTH (RAM))
                0x0000000000000200                _Min_Heap_Size = 0x200
                0x0000000000000400                _Min_Stack_Size = 0x400

.isr_vector     0x0000000008000000      0x188
                0x0000000008000000                . = ALIGN (0x4)
 *(.isr_vector)
 .isr_vector    0x0000000008000000      0x188 ./Core/Startup/startup_stm32f407vetx.o
                0x0000000008000000                g_pfnVectors
                0x0000000008000188                . = ALIGN (0x4)

.text           0x0000000008000190     0x953c
                0x0000000008000190                . = ALIGN (0x4)
 *(.text)
 .text          0x0000000008000190       0x40 C:/ST/STM32CubeIDE_1.12.1/STM32CubeIDE/plugins/com.st.stm32cube.ide.mcu.externaltools.gnu-tools-for-stm32.11.3.rel1.win32_1.1.100.202309141235/tools/bin/../lib/gcc/arm-none-eabi/11.3.1/thumb/v7e-m+fp/hard/crtbegin.o
 .text          0x00000000080001d0       0xa0 C:/ST/STM32CubeIDE_1.12.1/STM32CubeIDE/plugins/com.st.stm32cube.ide.mcu.externaltools.gnu-tools-for-stm32.11.3.rel1.win32_1.1.100.202309141235/tools/bin/../lib/gcc/arm-none-eabi/11.3.1/../../../../arm-none-eabi/lib/thumb/v7e-m+fp/hard\libc_nano.a(libc_a-memchr.o)
                0x00000000080001d0                memchr
 .text          0x0000000008000270       0x10 C:/ST/STM32CubeIDE_1.12.1/STM32CubeIDE/plugins/com.st.stm32cube.ide.mcu.externaltools.gnu-tools-for-stm32.11.3.rel1.win32_1.1.100.202309141235/tools/bin/../lib/gcc/arm-none-eabi/11.3.1/../../../../arm-none-eabi/lib/thumb/v7e-m+fp/hard\libc_nano.a(libc_a-strlen.o)
                0x0000000008000270                strlen
 .text          0x0000000008000280      0x378 C:/ST/STM32CubeIDE_1.12.1/STM32CubeIDE/plugins/com.st.stm32cube.ide.mcu.externaltools.gnu-tools-for-stm32.11.3.rel1.win32_1.1.100.202309141235/tools/bin/../lib/gcc/arm-none-eabi/11.3.1/thumb/v7e-m+fp/hard\libgcc.a(_arm_addsubdf3.o)
                0x0000000008000280                __aeabi_drsub
                0x0000000008000288                __aeabi_dsub
                0x0000000008000288                __subdf3
                0x000000000800028c                __aeabi_dadd
                0x000000000800028c                __adddf3
                0x0000000008000504                __floatunsidf
                0x0000000008000504                __aeabi_ui2d
                0x0000000008000524                __floatsidf
                0x0000000008000524                __aeabi_i2d
                0x0000000008000548                __aeabi_f2d
                0x0000000008000548                __extendsfdf2
                0x000000000800058c                __floatundidf
                0x000000000800058c                __aeabi_ul2d
                0x000000000800059c                __floatdidf
                0x000000000800059c                __aeabi_l2d
 .text          0x00000000080005f8      0x424 C:/ST/STM32CubeIDE_1.12.1/STM32CubeIDE/plugins/com.st.stm32cube.ide.mcu.externaltools.gnu-tools-for-stm32.11.3.rel1.win32_1.1.100.202309141235/tools/bin/../lib/gcc/arm-none-eabi/11.3.1/thumb/v7e-m+fp/hard\libgcc.a(_arm_muldivdf3.o)
                0x00000000080005f8                __aeabi_dmul
                0x00000000080005f8                __muldf3
                0x000000000800084c                __divdf3
                0x000000000800084c                __aeabi_ddiv
 .text          0x0000000008000a1c      0x110 C:/ST/STM32CubeIDE_1.12.1/STM32CubeIDE/plugins/com.st.stm32cube.ide.mcu.externaltools.gnu-tools-for-stm32.11.3.rel1.win32_1.1.100.202309141235/tools/bin/../lib/gcc/arm-none-eabi/11.3.1/thumb/v7e-m+fp/hard\libgcc.a(_arm_cmpdf2.o)
                0x0000000008000a1c                __gtdf2
                0x0000000008000a1c                __gedf2
                0x0000000008000a24                __ltdf2
                0x0000000008000a24                __ledf2
                0x0000000008000a2c                __nedf2
                0x0000000008000a2c                __eqdf2
                0x0000000008000a2c                __cmpdf2
                0x0000000008000aa8                __aeabi_cdrcmple
                0x0000000008000ab8                __aeabi_cdcmpeq
                0x0000000008000ab8                __aeabi_cdcmple
                0x0000000008000ac8                __aeabi_dcmpeq
                0x0000000008000adc                __aeabi_dcmplt
                0x0000000008000af0                __aeabi_dcmple
                0x0000000008000b04                __aeabi_dcmpge
                0x0000000008000b18                __aeabi_dcmpgt
 .text          0x0000000008000b2c       0x2c C:/ST/STM32CubeIDE_1.12.1/STM32CubeIDE/plugins/com.st.stm32cube.ide.mcu.externaltools.gnu-tools-for-stm32.11.3.rel1.win32_1.1.100.202309141235/tools/bin/../lib/gcc/arm-none-eabi/11.3.1/thumb/v7e-m+fp/hard\libgcc.a(_arm_unorddf2.o)
                0x0000000008000b2c                __unorddf2
                0x0000000008000b2c                __aeabi_dcmpun
 .text          0x0000000008000b58       0x50 C:/ST/STM32CubeIDE_1.12.1/STM32CubeIDE/plugins/com.st.stm32cube.ide.mcu.externaltools.gnu-tools-for-stm32.11.3.rel1.win32_1.1.100.202309141235/tools/bin/../lib/gcc/arm-none-eabi/11.3.1/thumb/v7e-m+fp/hard\libgcc.a(_arm_fixdfsi.o)
                0x0000000008000b58                __aeabi_d2iz
                0x0000000008000b58                __fixdfsi
 .text          0x0000000008000ba8       0xa0 C:/ST/STM32CubeIDE_1.12.1/STM32CubeIDE/plugins/com.st.stm32cube.ide.mcu.externaltools.gnu-tools-for-stm32.11.3.rel1.win32_1.1.100.202309141235/tools/bin/../lib/gcc/arm-none-eabi/11.3.1/thumb/v7e-m+fp/hard\libgcc.a(_arm_truncdfsf2.o)
                0x0000000008000ba8                __truncdfsf2
                0x0000000008000ba8                __aeabi_d2f
 *(.text*)
 .text.__NVIC_EnableIRQ
                0x0000000008000c48       0x3c ./Core/Src/main.o
 .text.__NVIC_DisableIRQ
                0x0000000008000c84       0x48 ./Core/Src/main.o
 .text.__NVIC_ClearPendingIRQ
                0x0000000008000ccc       0x3c ./Core/Src/main.o
 .text.__NVIC_SetPriority
                0x0000000008000d08       0x54 ./Core/Src/main.o
 .text.main     0x0000000008000d5c      0x278 ./Core/Src/main.o
                0x0000000008000d5c                main
 *fill*         0x0000000008000fd4        0x4 
 .text.TIM6_DAC_IRQHandler
                0x0000000008000fd8      0x144 ./Core/Src/main.o
                0x0000000008000fd8                TIM6_DAC_IRQHandler
 .text.RCC_Configuration
                0x000000000800111c      0x1ac ./Core/Src/main.o
                0x000000000800111c                RCC_Configuration
 .text.DWT_Init
                0x00000000080012c8       0x40 ./Core/Src/main.o
                0x00000000080012c8                DWT_Init
 .text.DWT_ms_Delay
                0x0000000008001308       0x54 ./Core/Src/main.o
                0x0000000008001308                DWT_ms_Delay
 .text.UsbPutString
                0x000000000800135c       0x34 ./Core/Src/main.o
                0x000000000800135c                UsbPutString
 .text.Timer3_Encoder_Init
                0x0000000008001390      0x104 ./Core/Src/main.o
                0x0000000008001390                Timer3_Encoder_Init
 .text.Timer6_Interrupt_Init
                0x0000000008001494       0xac ./Core/Src/main.o
                0x0000000008001494                Timer6_Interrupt_Init
 .text.Timer1_MT_Interrupt_Init
                0x0000000008001540      0x130 ./Core/Src/main.o
                0x0000000008001540                Timer1_MT_Interrupt_Init
 .text.TIM1_CC_IRQHandler
                0x0000000008001670      0x15c ./Core/Src/main.o
                0x0000000008001670                TIM1_CC_IRQHandler
 .text.Timer5_UPCounter_Init
                0x00000000080017cc       0x44 ./Core/Src/main.o
                0x00000000080017cc                Timer5_UPCounter_Init
 .text.Timer7_UPCounter_Init
                0x0000000008001810       0x44 ./Core/Src/main.o
                0x0000000008001810                Timer7_UPCounter_Init
 .text.Timer9_Interrupt_Init
                0x0000000008001854       0xbc ./Core/Src/main.o
                0x0000000008001854                Timer9_Interrupt_Init
 .text.TIM1_BRK_TIM9_IRQHandler
                0x0000000008001910       0x88 ./Core/Src/main.o
                0x0000000008001910                TIM1_BRK_TIM9_IRQHandler
 .text.LED_SW_Init
                0x0000000008001998       0x60 ./Core/Src/main.o
                0x0000000008001998                LED_SW_Init
 .text.con_PI1_Init
                0x00000000080019f8       0x90 ./Core/Src/main.o
                0x00000000080019f8                con_PI1_Init
 .text.con_PI_calc
                0x0000000008001a88      0x140 ./Core/Src/main.o
                0x0000000008001a88                con_PI_calc
 .text.SPI1_Init
                0x0000000008001bc8       0xdc ./Core/Src/main.o
                0x0000000008001bc8                SPI1_Init
 .text.SPI1_Transfer
                0x0000000008001ca4       0x34 ./Core/Src/main.o
                0x0000000008001ca4                SPI1_Transfer
 .text.SD_Init  0x0000000008001cd8      0x250 ./Core/Src/main.o
                0x0000000008001cd8                SD_Init
 .text.SD_command
                0x0000000008001f28       0x74 ./Core/Src/main.o
                0x0000000008001f28                SD_command
 .text.SD_read_sector
                0x0000000008001f9c       0x88 ./Core/Src/main.o
                0x0000000008001f9c                SD_read_sector
 .text.FAT32_Init
                0x0000000008002024      0x168 ./Core/Src/main.o
                0x0000000008002024                FAT32_Init
 .text.USART3_Init
                0x000000000800218c       0xe0 ./Core/Src/main.o
                0x000000000800218c                USART3_Init
 .text.Error_Handler
                0x000000000800226c        0x6 ./Core/Src/main.o
                0x000000000800226c                Error_Handler
 .text.HAL_PCD_Init
                0x0000000008002272      0x20e ./Core/Src/stm32f4xx_hal_pcd.o
                0x0000000008002272                HAL_PCD_Init
 .text.HAL_PCD_Start
                0x0000000008002480       0x44 ./Core/Src/stm32f4xx_hal_pcd.o
                0x0000000008002480                HAL_PCD_Start
 .text.HAL_PCD_IRQHandler
                0x00000000080024c4      0x918 ./Core/Src/stm32f4xx_hal_pcd.o
                0x00000000080024c4                HAL_PCD_IRQHandler
 .text.HAL_PCD_SetAddress
                0x0000000008002ddc       0x42 ./Core/Src/stm32f4xx_hal_pcd.o
                0x0000000008002ddc                HAL_PCD_SetAddress
 .text.HAL_PCD_EP_Open
                0x0000000008002e1e       0xd0 ./Core/Src/stm32f4xx_hal_pcd.o
                0x0000000008002e1e                HAL_PCD_EP_Open
 .text.HAL_PCD_EP_Close
                0x0000000008002eee       0x94 ./Core/Src/stm32f4xx_hal_pcd.o
                0x0000000008002eee                HAL_PCD_EP_Close
 .text.HAL_PCD_EP_Receive
                0x0000000008002f82       0xb2 ./Core/Src/stm32f4xx_hal_pcd.o
                0x0000000008002f82                HAL_PCD_EP_Receive
 .text.HAL_PCD_EP_GetRxCount
                0x0000000008003034       0x32 ./Core/Src/stm32f4xx_hal_pcd.o
                0x0000000008003034                HAL_PCD_EP_GetRxCount
 .text.HAL_PCD_EP_Transmit
                0x0000000008003066       0xb0 ./Core/Src/stm32f4xx_hal_pcd.o
                0x0000000008003066                HAL_PCD_EP_Transmit
 .text.HAL_PCD_EP_SetStall
                0x0000000008003116       0xb6 ./Core/Src/stm32f4xx_hal_pcd.o
                0x0000000008003116                HAL_PCD_EP_SetStall
 .text.HAL_PCD_EP_ClrStall
                0x00000000080031cc       0x96 ./Core/Src/stm32f4xx_hal_pcd.o
                0x00000000080031cc                HAL_PCD_EP_ClrStall
 .text.PCD_WriteEmptyTxFifo
                0x0000000008003262      0x102 ./Core/Src/stm32f4xx_hal_pcd.o
 .text.HAL_PCDEx_SetTxFiFo
                0x0000000008003364       0x96 ./Core/Src/stm32f4xx_hal_pcd_ex.o
                0x0000000008003364                HAL_PCDEx_SetTxFiFo
 .text.HAL_PCDEx_SetRxFiFo
                0x00000000080033fa       0x22 ./Core/Src/stm32f4xx_hal_pcd_ex.o
                0x00000000080033fa                HAL_PCDEx_SetRxFiFo
 .text.NMI_Handler
                0x000000000800341c        0xe ./Core/Src/stm32f4xx_it.o
                0x000000000800341c                NMI_Handler
 .text.HardFault_Handler
                0x000000000800342a        0x6 ./Core/Src/stm32f4xx_it.o
                0x000000000800342a                HardFault_Handler
 .text.MemManage_Handler
                0x0000000008003430        0x6 ./Core/Src/stm32f4xx_it.o
                0x0000000008003430                MemManage_Handler
 .text.BusFault_Handler
                0x0000000008003436        0x6 ./Core/Src/stm32f4xx_it.o
                0x0000000008003436                BusFault_Handler
 .text.UsageFault_Handler
                0x000000000800343c        0x6 ./Core/Src/stm32f4xx_it.o
                0x000000000800343c                UsageFault_Handler
 .text.SVC_Handler
                0x0000000008003442        0xe ./Core/Src/stm32f4xx_it.o
                0x0000000008003442                SVC_Handler
 .text.DebugMon_Handler
                0x0000000008003450        0xe ./Core/Src/stm32f4xx_it.o
                0x0000000008003450                DebugMon_Handler
 .text.PendSV_Handler
                0x000000000800345e        0xe ./Core/Src/stm32f4xx_it.o
                0x000000000800345e                PendSV_Handler
 .text.OTG_FS_IRQHandler
                0x000000000800346c       0x14 ./Core/Src/stm32f4xx_it.o
                0x000000000800346c                OTG_FS_IRQHandler
 .text.USB_CoreInit
                0x0000000008003480       0x96 ./Core/Src/stm32f4xx_ll_usb.o
                0x0000000008003480                USB_CoreInit
 .text.USB_EnableGlobalInt
                0x0000000008003516       0x22 ./Core/Src/stm32f4xx_ll_usb.o
                0x0000000008003516                USB_EnableGlobalInt
 .text.USB_DisableGlobalInt
                0x0000000008003538       0x22 ./Core/Src/stm32f4xx_ll_usb.o
                0x0000000008003538                USB_DisableGlobalInt
 .text.USB_SetCurrentMode
                0x000000000800355a       0x4e ./Core/Src/stm32f4xx_ll_usb.o
                0x000000000800355a                USB_SetCurrentMode
 .text.USB_DevInit
                0x00000000080035a8      0x260 ./Core/Src/stm32f4xx_ll_usb.o
                0x00000000080035a8                USB_DevInit
 .text.USB_FlushTxFifo
                0x0000000008003808       0x4c ./Core/Src/stm32f4xx_ll_usb.o
                0x0000000008003808                USB_FlushTxFifo
 .text.USB_FlushRxFifo
                0x0000000008003854       0x44 ./Core/Src/stm32f4xx_ll_usb.o
                0x0000000008003854                USB_FlushRxFifo
 .text.USB_SetDevSpeed
                0x0000000008003898       0x2e ./Core/Src/stm32f4xx_ll_usb.o
                0x0000000008003898                USB_SetDevSpeed
 .text.USB_GetDevSpeed
                0x00000000080038c6       0x6a ./Core/Src/stm32f4xx_ll_usb.o
                0x00000000080038c6                USB_GetDevSpeed
 .text.USB_ActivateEndpoint
                0x0000000008003930      0x10a ./Core/Src/stm32f4xx_ll_usb.o
                0x0000000008003930                USB_ActivateEndpoint
 .text.USB_DeactivateEndpoint
                0x0000000008003a3a       0xea ./Core/Src/stm32f4xx_ll_usb.o
                0x0000000008003a3a                USB_DeactivateEndpoint
 .text.USB_EPStartXfer
                0x0000000008003b24      0x45c ./Core/Src/stm32f4xx_ll_usb.o
                0x0000000008003b24                USB_EPStartXfer
 .text.USB_EP0StartXfer
                0x0000000008003f80      0x2a0 ./Core/Src/stm32f4xx_ll_usb.o
                0x0000000008003f80                USB_EP0StartXfer
 .text.USB_WritePacket
                0x0000000008004220       0x6a ./Core/Src/stm32f4xx_ll_usb.o
                0x0000000008004220                USB_WritePacket
 .text.USB_ReadPacket
                0x000000000800428a       0x4e ./Core/Src/stm32f4xx_ll_usb.o
                0x000000000800428a                USB_ReadPacket
 .text.USB_EPSetStall
                0x00000000080042d8       0xda ./Core/Src/stm32f4xx_ll_usb.o
                0x00000000080042d8                USB_EPSetStall
 .text.USB_EPClearStall
                0x00000000080043b2       0xd2 ./Core/Src/stm32f4xx_ll_usb.o
                0x00000000080043b2                USB_EPClearStall
 .text.USB_SetDevAddress
                0x0000000008004484       0x48 ./Core/Src/stm32f4xx_ll_usb.o
                0x0000000008004484                USB_SetDevAddress
 .text.USB_DevConnect
                0x00000000080044cc       0x2c ./Core/Src/stm32f4xx_ll_usb.o
                0x00000000080044cc                USB_DevConnect
 .text.USB_DevDisconnect
                0x00000000080044f8       0x2c ./Core/Src/stm32f4xx_ll_usb.o
                0x00000000080044f8                USB_DevDisconnect
 .text.USB_ReadInterrupts
                0x0000000008004524       0x2a ./Core/Src/stm32f4xx_ll_usb.o
                0x0000000008004524                USB_ReadInterrupts
 .text.USB_ReadDevAllOutEpInterrupt
                0x000000000800454e       0x30 ./Core/Src/stm32f4xx_ll_usb.o
                0x000000000800454e                USB_ReadDevAllOutEpInterrupt
 .text.USB_ReadDevAllInEpInterrupt
                0x000000000800457e       0x30 ./Core/Src/stm32f4xx_ll_usb.o
                0x000000000800457e                USB_ReadDevAllInEpInterrupt
 .text.USB_ReadDevOutEPInterrupt
                0x00000000080045ae       0x38 ./Core/Src/stm32f4xx_ll_usb.o
                0x00000000080045ae                USB_ReadDevOutEPInterrupt
 .text.USB_ReadDevInEPInterrupt
                0x00000000080045e6       0x54 ./Core/Src/stm32f4xx_ll_usb.o
                0x00000000080045e6                USB_ReadDevInEPInterrupt
 .text.USB_GetMode
                0x000000000800463a       0x1c ./Core/Src/stm32f4xx_ll_usb.o
                0x000000000800463a                USB_GetMode
 .text.USB_ActivateSetup
                0x0000000008004656       0x66 ./Core/Src/stm32f4xx_ll_usb.o
                0x0000000008004656                USB_ActivateSetup
 .text.USB_EP0_OutStart
                0x00000000080046bc       0x84 ./Core/Src/stm32f4xx_ll_usb.o
                0x00000000080046bc                USB_EP0_OutStart
 .text.USB_CoreReset
                0x0000000008004740       0x68 ./Core/Src/stm32f4xx_ll_usb.o
 .text._getpid  0x00000000080047a8       0x10 ./Core/Src/syscalls.o
                0x00000000080047a8                _getpid
 .text._kill    0x00000000080047b8       0x20 ./Core/Src/syscalls.o
                0x00000000080047b8                _kill
 .text._exit    0x00000000080047d8       0x14 ./Core/Src/syscalls.o
                0x00000000080047d8                _exit
 .text._read    0x00000000080047ec       0x3a ./Core/Src/syscalls.o
                0x00000000080047ec                _read
 .text._write   0x0000000008004826       0x38 ./Core/Src/syscalls.o
                0x0000000008004826                _write
 .text._close   0x000000000800485e       0x18 ./Core/Src/syscalls.o
                0x000000000800485e                _close
 .text._fstat   0x0000000008004876       0x20 ./Core/Src/syscalls.o
                0x0000000008004876                _fstat
 .text._isatty  0x0000000008004896       0x16 ./Core/Src/syscalls.o
                0x0000000008004896                _isatty
 .text._lseek   0x00000000080048ac       0x1a ./Core/Src/syscalls.o
                0x00000000080048ac                _lseek
 *fill*         0x00000000080048c6        0x2 
 .text._sbrk    0x00000000080048c8       0x6c ./Core/Src/sysmem.o
                0x00000000080048c8                _sbrk
 .text.SystemInit
                0x0000000008004934       0x24 ./Core/Src/system_stm32f4xx.o
                0x0000000008004934                SystemInit
 .text.SystemCoreClockUpdate
                0x0000000008004958      0x100 ./Core/Src/system_stm32f4xx.o
                0x0000000008004958                SystemCoreClockUpdate
 .text.MX_USB_DEVICE_Init
                0x0000000008004a58       0x38 ./Core/Src/usb_device.o
                0x0000000008004a58                MX_USB_DEVICE_Init
 .text.USBD_CDC_Init
                0x0000000008004a90       0xd4 ./Core/Src/usbd_cdc.o
 .text.USBD_CDC_DeInit
                0x0000000008004b64       0x5a ./Core/Src/usbd_cdc.o
 *fill*         0x0000000008004bbe        0x2 
 .text.USBD_CDC_Setup
                0x0000000008004bc0       0xc0 ./Core/Src/usbd_cdc.o
 .text.USBD_CDC_DataIn
                0x0000000008004c80       0x38 ./Core/Src/usbd_cdc.o
 .text.USBD_CDC_DataOut
                0x0000000008004cb8       0x56 ./Core/Src/usbd_cdc.o
 .text.USBD_CDC_EP0_RxReady
                0x0000000008004d0e       0x50 ./Core/Src/usbd_cdc.o
 *fill*         0x0000000008004d5e        0x2 
 .text.USBD_CDC_GetFSCfgDesc
                0x0000000008004d60       0x20 ./Core/Src/usbd_cdc.o
 .text.USBD_CDC_GetHSCfgDesc
                0x0000000008004d80       0x20 ./Core/Src/usbd_cdc.o
 .text.USBD_CDC_GetOtherSpeedCfgDesc
                0x0000000008004da0       0x20 ./Core/Src/usbd_cdc.o
 .text.USBD_CDC_GetDeviceQualifierDescriptor
                0x0000000008004dc0       0x20 ./Core/Src/usbd_cdc.o
                0x0000000008004dc0                USBD_CDC_GetDeviceQualifierDescriptor
 .text.USBD_CDC_RegisterInterface
                0x0000000008004de0       0x2e ./Core/Src/usbd_cdc.o
                0x0000000008004de0                USBD_CDC_RegisterInterface
 .text.USBD_CDC_SetTxBuffer
                0x0000000008004e0e       0x34 ./Core/Src/usbd_cdc.o
                0x0000000008004e0e                USBD_CDC_SetTxBuffer
 .text.USBD_CDC_SetRxBuffer
                0x0000000008004e42       0x28 ./Core/Src/usbd_cdc.o
                0x0000000008004e42                USBD_CDC_SetRxBuffer
 .text.USBD_CDC_TransmitPacket
                0x0000000008004e6a       0x54 ./Core/Src/usbd_cdc.o
                0x0000000008004e6a                USBD_CDC_TransmitPacket
 *fill*         0x0000000008004ebe        0x2 
 .text.CDC_Init_FS
                0x0000000008004ec0       0x28 ./Core/Src/usbd_cdc_if.o
 .text.CDC_DeInit_FS
                0x0000000008004ee8       0x10 ./Core/Src/usbd_cdc_if.o
 .text.CDC_Control_FS
                0x0000000008004ef8       0xbc ./Core/Src/usbd_cdc_if.o
 .text.CDC_Receive_FS
                0x0000000008004fb4       0x3c ./Core/Src/usbd_cdc_if.o
 .text.CDC_Transmit_FS
                0x0000000008004ff0       0x4c ./Core/Src/usbd_cdc_if.o
                0x0000000008004ff0                CDC_Transmit_FS
 .text.__NVIC_GetPriorityGrouping
                0x000000000800503c       0x1c ./Core/Src/usbd_conf.o
 .text.__NVIC_EnableIRQ
                0x0000000008005058       0x3c ./Core/Src/usbd_conf.o
 .text.__NVIC_SetPriority
                0x0000000008005094       0x54 ./Core/Src/usbd_conf.o
 .text.NVIC_EncodePriority
                0x00000000080050e8       0x66 ./Core/Src/usbd_conf.o
 *fill*         0x000000000800514e        0x2 
 .text.HAL_PCD_MspInit
                0x0000000008005150      0x14c ./Core/Src/usbd_conf.o
                0x0000000008005150                HAL_PCD_MspInit
 .text.HAL_PCD_SetupStageCallback
                0x000000000800529c       0x24 ./Core/Src/usbd_conf.o
                0x000000000800529c                HAL_PCD_SetupStageCallback
 .text.HAL_PCD_DataOutStageCallback
                0x00000000080052c0       0x36 ./Core/Src/usbd_conf.o
                0x00000000080052c0                HAL_PCD_DataOutStageCallback
 .text.HAL_PCD_DataInStageCallback
                0x00000000080052f6       0x34 ./Core/Src/usbd_conf.o
                0x00000000080052f6                HAL_PCD_DataInStageCallback
 .text.HAL_PCD_SOFCallback
                0x000000000800532a       0x1c ./Core/Src/usbd_conf.o
                0x000000000800532a                HAL_PCD_SOFCallback
 .text.HAL_PCD_ResetCallback
                0x0000000008005346       0x50 ./Core/Src/usbd_conf.o
                0x0000000008005346                HAL_PCD_ResetCallback
 *fill*         0x0000000008005396        0x2 
 .text.HAL_PCD_SuspendCallback
                0x0000000008005398       0x4c ./Core/Src/usbd_conf.o
                0x0000000008005398                HAL_PCD_SuspendCallback
 .text.HAL_PCD_ResumeCallback
                0x00000000080053e4       0x1c ./Core/Src/usbd_conf.o
                0x00000000080053e4                HAL_PCD_ResumeCallback
 .text.HAL_PCD_ISOOUTIncompleteCallback
                0x0000000008005400       0x24 ./Core/Src/usbd_conf.o
                0x0000000008005400                HAL_PCD_ISOOUTIncompleteCallback
 .text.HAL_PCD_ISOINIncompleteCallback
                0x0000000008005424       0x24 ./Core/Src/usbd_conf.o
                0x0000000008005424                HAL_PCD_ISOINIncompleteCallback
 .text.HAL_PCD_ConnectCallback
                0x0000000008005448       0x1c ./Core/Src/usbd_conf.o
                0x0000000008005448                HAL_PCD_ConnectCallback
 .text.HAL_PCD_DisconnectCallback
                0x0000000008005464       0x1c ./Core/Src/usbd_conf.o
                0x0000000008005464                HAL_PCD_DisconnectCallback
 .text.USBD_LL_Init
                0x0000000008005480       0xa0 ./Core/Src/usbd_conf.o
                0x0000000008005480                USBD_LL_Init
 .text.USBD_LL_Start
                0x0000000008005520       0x64 ./Core/Src/usbd_conf.o
                0x0000000008005520                USBD_LL_Start
 .text.USBD_LL_OpenEP
                0x0000000008005584       0x7c ./Core/Src/usbd_conf.o
                0x0000000008005584                USBD_LL_OpenEP
 .text.USBD_LL_CloseEP
                0x0000000008005600       0x6c ./Core/Src/usbd_conf.o
                0x0000000008005600                USBD_LL_CloseEP
 .text.USBD_LL_StallEP
                0x000000000800566c       0x6c ./Core/Src/usbd_conf.o
                0x000000000800566c                USBD_LL_StallEP
 .text.USBD_LL_ClearStallEP
                0x00000000080056d8       0x6c ./Core/Src/usbd_conf.o
                0x00000000080056d8                USBD_LL_ClearStallEP
 .text.USBD_LL_IsStallEP
                0x0000000008005744       0x58 ./Core/Src/usbd_conf.o
                0x0000000008005744                USBD_LL_IsStallEP
 .text.USBD_LL_SetUSBAddress
                0x000000000800579c       0x6c ./Core/Src/usbd_conf.o
                0x000000000800579c                USBD_LL_SetUSBAddress
 .text.USBD_LL_Transmit
                0x0000000008005808       0x74 ./Core/Src/usbd_conf.o
                0x0000000008005808                USBD_LL_Transmit
 .text.USBD_LL_PrepareReceive
                0x000000000800587c       0x74 ./Core/Src/usbd_conf.o
                0x000000000800587c                USBD_LL_PrepareReceive
 .text.USBD_LL_GetRxDataSize
                0x00000000080058f0       0x26 ./Core/Src/usbd_conf.o
                0x00000000080058f0                USBD_LL_GetRxDataSize
 .text.USBD_Init
                0x0000000008005916       0x56 ./Core/Src/usbd_core.o
                0x0000000008005916                USBD_Init
 .text.USBD_RegisterClass
                0x000000000800596c       0x34 ./Core/Src/usbd_core.o
                0x000000000800596c                USBD_RegisterClass
 .text.USBD_Start
                0x00000000080059a0       0x18 ./Core/Src/usbd_core.o
                0x00000000080059a0                USBD_Start
 .text.USBD_RunTestMode
                0x00000000080059b8       0x16 ./Core/Src/usbd_core.o
                0x00000000080059b8                USBD_RunTestMode
 .text.USBD_SetClassConfig
                0x00000000080059ce       0x3e ./Core/Src/usbd_core.o
                0x00000000080059ce                USBD_SetClassConfig
 .text.USBD_ClrClassConfig
                0x0000000008005a0c       0x26 ./Core/Src/usbd_core.o
                0x0000000008005a0c                USBD_ClrClassConfig
 .text.USBD_LL_SetupStage
                0x0000000008005a32       0x9a ./Core/Src/usbd_core.o
                0x0000000008005a32                USBD_LL_SetupStage
 .text.USBD_LL_DataOutStage
                0x0000000008005acc       0xb6 ./Core/Src/usbd_core.o
                0x0000000008005acc                USBD_LL_DataOutStage
 .text.USBD_LL_DataInStage
                0x0000000008005b82      0x11e ./Core/Src/usbd_core.o
                0x0000000008005b82                USBD_LL_DataInStage
 .text.USBD_LL_Reset
                0x0000000008005ca0       0x5e ./Core/Src/usbd_core.o
                0x0000000008005ca0                USBD_LL_Reset
 .text.USBD_LL_SetSpeed
                0x0000000008005cfe       0x20 ./Core/Src/usbd_core.o
                0x0000000008005cfe                USBD_LL_SetSpeed
 .text.USBD_LL_Suspend
                0x0000000008005d1e       0x2a ./Core/Src/usbd_core.o
                0x0000000008005d1e                USBD_LL_Suspend
 .text.USBD_LL_Resume
                0x0000000008005d48       0x22 ./Core/Src/usbd_core.o
                0x0000000008005d48                USBD_LL_Resume
 .text.USBD_LL_SOF
                0x0000000008005d6a       0x34 ./Core/Src/usbd_core.o
                0x0000000008005d6a                USBD_LL_SOF
 .text.USBD_LL_IsoINIncomplete
                0x0000000008005d9e       0x1a ./Core/Src/usbd_core.o
                0x0000000008005d9e                USBD_LL_IsoINIncomplete
 .text.USBD_LL_IsoOUTIncomplete
                0x0000000008005db8       0x1a ./Core/Src/usbd_core.o
                0x0000000008005db8                USBD_LL_IsoOUTIncomplete
 .text.USBD_LL_DevConnected
                0x0000000008005dd2       0x16 ./Core/Src/usbd_core.o
                0x0000000008005dd2                USBD_LL_DevConnected
 .text.USBD_LL_DevDisconnected
                0x0000000008005de8       0x2e ./Core/Src/usbd_core.o
                0x0000000008005de8                USBD_LL_DevDisconnected
 *fill*         0x0000000008005e16        0x2 
 .text.USBD_StdDevReq
                0x0000000008005e18       0xa0 ./Core/Src/usbd_ctlreq.o
                0x0000000008005e18                USBD_StdDevReq
 .text.USBD_StdItfReq
                0x0000000008005eb8       0x66 ./Core/Src/usbd_ctlreq.o
                0x0000000008005eb8                USBD_StdItfReq
 .text.USBD_StdEPReq
                0x0000000008005f1e      0x1b8 ./Core/Src/usbd_ctlreq.o
                0x0000000008005f1e                USBD_StdEPReq
 *fill*         0x00000000080060d6        0x2 
 .text.USBD_GetDescriptor
                0x00000000080060d8      0x1e8 ./Core/Src/usbd_ctlreq.o
 .text.USBD_SetAddress
                0x00000000080062c0       0x7e ./Core/Src/usbd_ctlreq.o
 *fill*         0x000000000800633e        0x2 
 .text.USBD_SetConfig
                0x0000000008006340      0x110 ./Core/Src/usbd_ctlreq.o
 .text.USBD_GetConfig
                0x0000000008006450       0x64 ./Core/Src/usbd_ctlreq.o
 .text.USBD_GetStatus
                0x00000000080064b4       0x54 ./Core/Src/usbd_ctlreq.o
 .text.USBD_SetFeature
                0x0000000008006508       0x36 ./Core/Src/usbd_ctlreq.o
 .text.USBD_ClrFeature
                0x000000000800653e       0x50 ./Core/Src/usbd_ctlreq.o
 .text.USBD_ParseSetupRequest
                0x000000000800658e       0x7a ./Core/Src/usbd_ctlreq.o
                0x000000000800658e                USBD_ParseSetupRequest
 .text.USBD_CtlError
                0x0000000008006608       0x22 ./Core/Src/usbd_ctlreq.o
                0x0000000008006608                USBD_CtlError
 .text.USBD_GetString
                0x000000000800662a       0x86 ./Core/Src/usbd_ctlreq.o
                0x000000000800662a                USBD_GetString
 .text.USBD_GetLen
                0x00000000080066b0       0x30 ./Core/Src/usbd_ctlreq.o
 .text.USBD_FS_DeviceDescriptor
                0x00000000080066e0       0x24 ./Core/Src/usbd_desc.o
                0x00000000080066e0                USBD_FS_DeviceDescriptor
 .text.USBD_FS_LangIDStrDescriptor
                0x0000000008006704       0x24 ./Core/Src/usbd_desc.o
                0x0000000008006704                USBD_FS_LangIDStrDescriptor
 .text.USBD_FS_ProductStrDescriptor
                0x0000000008006728       0x3c ./Core/Src/usbd_desc.o
                0x0000000008006728                USBD_FS_ProductStrDescriptor
 .text.USBD_FS_ManufacturerStrDescriptor
                0x0000000008006764       0x28 ./Core/Src/usbd_desc.o
                0x0000000008006764                USBD_FS_ManufacturerStrDescriptor
 .text.USBD_FS_SerialStrDescriptor
                0x000000000800678c       0x3c ./Core/Src/usbd_desc.o
                0x000000000800678c                USBD_FS_SerialStrDescriptor
 .text.USBD_FS_ConfigStrDescriptor
                0x00000000080067c8       0x3c ./Core/Src/usbd_desc.o
                0x00000000080067c8                USBD_FS_ConfigStrDescriptor
 .text.USBD_FS_InterfaceStrDescriptor
                0x0000000008006804       0x3c ./Core/Src/usbd_desc.o
                0x0000000008006804                USBD_FS_InterfaceStrDescriptor
 .text.USBD_CtlSendData
                0x0000000008006840       0x38 ./Core/Src/usbd_ioreq.o
                0x0000000008006840                USBD_CtlSendData
 .text.USBD_CtlContinueSendData
                0x0000000008006878       0x24 ./Core/Src/usbd_ioreq.o
                0x0000000008006878                USBD_CtlContinueSendData
 .text.USBD_CtlPrepareRx
                0x000000000800689c       0x3c ./Core/Src/usbd_ioreq.o
                0x000000000800689c                USBD_CtlPrepareRx
 .text.USBD_CtlContinueRx
                0x00000000080068d8       0x24 ./Core/Src/usbd_ioreq.o
                0x00000000080068d8                USBD_CtlContinueRx
 .text.USBD_CtlSendStatus
                0x00000000080068fc       0x26 ./Core/Src/usbd_ioreq.o
                0x00000000080068fc                USBD_CtlSendStatus
 .text.USBD_CtlReceiveStatus
                0x0000000008006922       0x26 ./Core/Src/usbd_ioreq.o
                0x0000000008006922                USBD_CtlReceiveStatus
 .text.Reset_Handler
                0x0000000008006948       0x50 ./Core/Startup/startup_stm32f407vetx.o
                0x0000000008006948                Reset_Handler
 .text.Default_Handler
                0x0000000008006998        0x2 ./Core/Startup/startup_stm32f407vetx.o
                0x0000000008006998                RTC_Alarm_IRQHandler
                0x0000000008006998                HASH_RNG_IRQHandler
                0x0000000008006998                EXTI2_IRQHandler
                0x0000000008006998                TIM8_CC_IRQHandler
                0x0000000008006998                DMA2_Stream5_IRQHandler
                0x0000000008006998                DMA1_Stream5_IRQHandler
                0x0000000008006998                SysTick_Handler
                0x0000000008006998                PVD_IRQHandler
                0x0000000008006998                SDIO_IRQHandler
                0x0000000008006998                TAMP_STAMP_IRQHandler
                0x0000000008006998                CAN2_RX1_IRQHandler
                0x0000000008006998                EXTI3_IRQHandler
                0x0000000008006998                TIM8_TRG_COM_TIM14_IRQHandler
                0x0000000008006998                TIM1_UP_TIM10_IRQHandler
                0x0000000008006998                TIM8_UP_TIM13_IRQHandler
                0x0000000008006998                I2C3_ER_IRQHandler
                0x0000000008006998                EXTI0_IRQHandler
                0x0000000008006998                I2C2_EV_IRQHandler
                0x0000000008006998                DMA1_Stream2_IRQHandler
                0x0000000008006998                CAN1_RX0_IRQHandler
                0x0000000008006998                FPU_IRQHandler
                0x0000000008006998                OTG_HS_WKUP_IRQHandler
                0x0000000008006998                CAN2_SCE_IRQHandler
                0x0000000008006998                DMA2_Stream2_IRQHandler
                0x0000000008006998                SPI1_IRQHandler
                0x0000000008006998                DCMI_IRQHandler
                0x0000000008006998                CAN2_RX0_IRQHandler
                0x0000000008006998                DMA2_Stream3_IRQHandler
                0x0000000008006998                USART6_IRQHandler
                0x0000000008006998                USART3_IRQHandler
                0x0000000008006998                CAN1_RX1_IRQHandler
                0x0000000008006998                UART5_IRQHandler
                0x0000000008006998                DMA2_Stream0_IRQHandler
                0x0000000008006998                TIM4_IRQHandler
                0x0000000008006998                I2C1_EV_IRQHandler
                0x0000000008006998                DMA1_Stream6_IRQHandler
                0x0000000008006998                DMA1_Stream1_IRQHandler
                0x0000000008006998                UART4_IRQHandler
                0x0000000008006998                TIM3_IRQHandler
                0x0000000008006998                RCC_IRQHandler
                0x0000000008006998                TIM8_BRK_TIM12_IRQHandler
                0x0000000008006998                Default_Handler
                0x0000000008006998                EXTI15_10_IRQHandler
                0x0000000008006998                ADC_IRQHandler
                0x0000000008006998                DMA1_Stream7_IRQHandler
                0x0000000008006998                TIM7_IRQHandler
                0x0000000008006998                CAN2_TX_IRQHandler
                0x0000000008006998                TIM5_IRQHandler
                0x0000000008006998                DMA2_Stream7_IRQHandler
                0x0000000008006998                I2C3_EV_IRQHandler
                0x0000000008006998                EXTI9_5_IRQHandler
                0x0000000008006998                RTC_WKUP_IRQHandler
                0x0000000008006998                ETH_WKUP_IRQHandler
                0x0000000008006998                SPI2_IRQHandler
                0x0000000008006998                OTG_HS_EP1_IN_IRQHandler
                0x0000000008006998                DMA1_Stream0_IRQHandler
                0x0000000008006998                CAN1_TX_IRQHandler
                0x0000000008006998                EXTI4_IRQHandler
                0x0000000008006998                FSMC_IRQHandler
                0x0000000008006998                ETH_IRQHandler
                0x0000000008006998                OTG_HS_EP1_OUT_IRQHandler
                0x0000000008006998                WWDG_IRQHandler
                0x0000000008006998                TIM2_IRQHandler
                0x0000000008006998                OTG_FS_WKUP_IRQHandler
                0x0000000008006998                TIM1_TRG_COM_TIM11_IRQHandler
                0x0000000008006998                OTG_HS_IRQHandler
                0x0000000008006998                EXTI1_IRQHandler
                0x0000000008006998                USART2_IRQHandler
                0x0000000008006998                I2C2_ER_IRQHandler
                0x0000000008006998                DMA2_Stream1_IRQHandler
                0x0000000008006998                CAN1_SCE_IRQHandler
                0x0000000008006998                FLASH_IRQHandler
                0x0000000008006998                DMA2_Stream4_IRQHandler
                0x0000000008006998                USART1_IRQHandler
                0x0000000008006998                SPI3_IRQHandler
                0x0000000008006998                DMA1_Stream4_IRQHandler
                0x0000000008006998                I2C1_ER_IRQHandler
                0x0000000008006998                DMA2_Stream6_IRQHandler
                0x0000000008006998                DMA1_Stream3_IRQHandler
 *fill*         0x000000000800699a        0x2 
 .text.malloc   0x000000000800699c       0x10 C:/ST/STM32CubeIDE_1.12.1/STM32CubeIDE/plugins/com.st.stm32cube.ide.mcu.externaltools.gnu-tools-for-stm32.11.3.rel1.win32_1.1.100.202309141235/tools/bin/../lib/gcc/arm-none-eabi/11.3.1/../../../../arm-none-eabi/lib/thumb/v7e-m+fp/hard\libc_nano.a(libc_a-malloc.o)
                0x000000000800699c                malloc
 .text.free     0x00000000080069ac       0x10 C:/ST/STM32CubeIDE_1.12.1/STM32CubeIDE/plugins/com.st.stm32cube.ide.mcu.externaltools.gnu-tools-for-stm32.11.3.rel1.win32_1.1.100.202309141235/tools/bin/../lib/gcc/arm-none-eabi/11.3.1/../../../../arm-none-eabi/lib/thumb/v7e-m+fp/hard\libc_nano.a(libc_a-malloc.o)
                0x00000000080069ac                free
 .text.sbrk_aligned
                0x00000000080069bc       0x40 C:/ST/STM32CubeIDE_1.12.1/STM32CubeIDE/plugins/com.st.stm32cube.ide.mcu.externaltools.gnu-tools-for-stm32.11.3.rel1.win32_1.1.100.202309141235/tools/bin/../lib/gcc/arm-none-eabi/11.3.1/../../../../arm-none-eabi/lib/thumb/v7e-m+fp/hard\libc_nano.a(libc_a-mallocr.o)
 .text._malloc_r
                0x00000000080069fc      0x100 C:/ST/STM32CubeIDE_1.12.1/STM32CubeIDE/plugins/com.st.stm32cube.ide.mcu.externaltools.gnu-tools-for-stm32.11.3.rel1.win32_1.1.100.202309141235/tools/bin/../lib/gcc/arm-none-eabi/11.3.1/../../../../arm-none-eabi/lib/thumb/v7e-m+fp/hard\libc_nano.a(libc_a-mallocr.o)
                0x00000000080069fc                _malloc_r
 .text.__malloc_lock
                0x0000000008006afc        0xc C:/ST/STM32CubeIDE_1.12.1/STM32CubeIDE/plugins/com.st.stm32cube.ide.mcu.externaltools.gnu-tools-for-stm32.11.3.rel1.win32_1.1.100.202309141235/tools/bin/../lib/gcc/arm-none-eabi/11.3.1/../../../../arm-none-eabi/lib/thumb/v7e-m+fp/hard\libc_nano.a(libc_a-mlock.o)
                0x0000000008006afc                __malloc_lock
 .text.__malloc_unlock
                0x0000000008006b08        0xc C:/ST/STM32CubeIDE_1.12.1/STM32CubeIDE/plugins/com.st.stm32cube.ide.mcu.externaltools.gnu-tools-for-stm32.11.3.rel1.win32_1.1.100.202309141235/tools/bin/../lib/gcc/arm-none-eabi/11.3.1/../../../../arm-none-eabi/lib/thumb/v7e-m+fp/hard\libc_nano.a(libc_a-mlock.o)
                0x0000000008006b08                __malloc_unlock
 .text.__cvt    0x0000000008006b14       0xc4 C:/ST/STM32CubeIDE_1.12.1/STM32CubeIDE/plugins/com.st.stm32cube.ide.mcu.externaltools.gnu-tools-for-stm32.11.3.rel1.win32_1.1.100.202309141235/tools/bin/../lib/gcc/arm-none-eabi/11.3.1/../../../../arm-none-eabi/lib/thumb/v7e-m+fp/hard\libc_nano.a(libc_a-nano-vfprintf_float.o)
                0x0000000008006b14                __cvt
 .text.__exponent
                0x0000000008006bd8       0x7c C:/ST/STM32CubeIDE_1.12.1/STM32CubeIDE/plugins/com.st.stm32cube.ide.mcu.externaltools.gnu-tools-for-stm32.11.3.rel1.win32_1.1.100.202309141235/tools/bin/../lib/gcc/arm-none-eabi/11.3.1/../../../../arm-none-eabi/lib/thumb/v7e-m+fp/hard\libc_nano.a(libc_a-nano-vfprintf_float.o)
                0x0000000008006bd8                __exponent
 .text._printf_float
                0x0000000008006c54      0x46c C:/ST/STM32CubeIDE_1.12.1/STM32CubeIDE/plugins/com.st.stm32cube.ide.mcu.externaltools.gnu-tools-for-stm32.11.3.rel1.win32_1.1.100.202309141235/tools/bin/../lib/gcc/arm-none-eabi/11.3.1/../../../../arm-none-eabi/lib/thumb/v7e-m+fp/hard\libc_nano.a(libc_a-nano-vfprintf_float.o)
                0x0000000008006c54                _printf_float
 .text._printf_common
                0x00000000080070c0       0xda C:/ST/STM32CubeIDE_1.12.1/STM32CubeIDE/plugins/com.st.stm32cube.ide.mcu.externaltools.gnu-tools-for-stm32.11.3.rel1.win32_1.1.100.202309141235/tools/bin/../lib/gcc/arm-none-eabi/11.3.1/../../../../arm-none-eabi/lib/thumb/v7e-m+fp/hard\libc_nano.a(libc_a-nano-vfprintf_i.o)
                0x00000000080070c0                _printf_common
 *fill*         0x000000000800719a        0x2 
 .text._printf_i
                0x000000000800719c      0x244 C:/ST/STM32CubeIDE_1.12.1/STM32CubeIDE/plugins/com.st.stm32cube.ide.mcu.externaltools.gnu-tools-for-stm32.11.3.rel1.win32_1.1.100.202309141235/tools/bin/../lib/gcc/arm-none-eabi/11.3.1/../../../../arm-none-eabi/lib/thumb/v7e-m+fp/hard\libc_nano.a(libc_a-nano-vfprintf_i.o)
                0x000000000800719c                _printf_i
 .text.std      0x00000000080073e0       0x6c C:/ST/STM32CubeIDE_1.12.1/STM32CubeIDE/plugins/com.st.stm32cube.ide.mcu.externaltools.gnu-tools-for-stm32.11.3.rel1.win32_1.1.100.202309141235/tools/bin/../lib/gcc/arm-none-eabi/11.3.1/../../../../arm-none-eabi/lib/thumb/v7e-m+fp/hard\libc_nano.a(libc_a-findfp.o)
 .text.stdio_exit_handler
                0x000000000800744c       0x18 C:/ST/STM32CubeIDE_1.12.1/STM32CubeIDE/plugins/com.st.stm32cube.ide.mcu.externaltools.gnu-tools-for-stm32.11.3.rel1.win32_1.1.100.202309141235/tools/bin/../lib/gcc/arm-none-eabi/11.3.1/../../../../arm-none-eabi/lib/thumb/v7e-m+fp/hard\libc_nano.a(libc_a-findfp.o)
 .text.cleanup_stdio
                0x0000000008007464       0x40 C:/ST/STM32CubeIDE_1.12.1/STM32CubeIDE/plugins/com.st.stm32cube.ide.mcu.externaltools.gnu-tools-for-stm32.11.3.rel1.win32_1.1.100.202309141235/tools/bin/../lib/gcc/arm-none-eabi/11.3.1/../../../../arm-none-eabi/lib/thumb/v7e-m+fp/hard\libc_nano.a(libc_a-findfp.o)
 .text.global_stdio_init.part.0
                0x00000000080074a4       0x3c C:/ST/STM32CubeIDE_1.12.1/STM32CubeIDE/plugins/com.st.stm32cube.ide.mcu.externaltools.gnu-tools-for-stm32.11.3.rel1.win32_1.1.100.202309141235/tools/bin/../lib/gcc/arm-none-eabi/11.3.1/../../../../arm-none-eabi/lib/thumb/v7e-m+fp/hard\libc_nano.a(libc_a-findfp.o)
 .text.__sfp_lock_acquire
                0x00000000080074e0        0xc C:/ST/STM32CubeIDE_1.12.1/STM32CubeIDE/plugins/com.st.stm32cube.ide.mcu.externaltools.gnu-tools-for-stm32.11.3.rel1.win32_1.1.100.202309141235/tools/bin/../lib/gcc/arm-none-eabi/11.3.1/../../../../arm-none-eabi/lib/thumb/v7e-m+fp/hard\libc_nano.a(libc_a-findfp.o)
                0x00000000080074e0                __sfp_lock_acquire
 .text.__sfp_lock_release
                0x00000000080074ec        0xc C:/ST/STM32CubeIDE_1.12.1/STM32CubeIDE/plugins/com.st.stm32cube.ide.mcu.externaltools.gnu-tools-for-stm32.11.3.rel1.win32_1.1.100.202309141235/tools/bin/../lib/gcc/arm-none-eabi/11.3.1/../../../../arm-none-eabi/lib/thumb/v7e-m+fp/hard\libc_nano.a(libc_a-findfp.o)
                0x00000000080074ec                __sfp_lock_release
 .text.__sinit  0x00000000080074f8       0x30 C:/ST/STM32CubeIDE_1.12.1/STM32CubeIDE/plugins/com.st.stm32cube.ide.mcu.externaltools.gnu-tools-for-stm32.11.3.rel1.win32_1.1.100.202309141235/tools/bin/../lib/gcc/arm-none-eabi/11.3.1/../../../../arm-none-eabi/lib/thumb/v7e-m+fp/hard\libc_nano.a(libc_a-findfp.o)
                0x00000000080074f8                __sinit
 .text._fwalk_sglue
                0x0000000008007528       0x3c C:/ST/STM32CubeIDE_1.12.1/STM32CubeIDE/plugins/com.st.stm32cube.ide.mcu.externaltools.gnu-tools-for-stm32.11.3.rel1.win32_1.1.100.202309141235/tools/bin/../lib/gcc/arm-none-eabi/11.3.1/../../../../arm-none-eabi/lib/thumb/v7e-m+fp/hard\libc_nano.a(libc_a-fwalk.o)
                0x0000000008007528                _fwalk_sglue
 .text.sprintf  0x0000000008007564       0x40 C:/ST/STM32CubeIDE_1.12.1/STM32CubeIDE/plugins/com.st.stm32cube.ide.mcu.externaltools.gnu-tools-for-stm32.11.3.rel1.win32_1.1.100.202309141235/tools/bin/../lib/gcc/arm-none-eabi/11.3.1/../../../../arm-none-eabi/lib/thumb/v7e-m+fp/hard\libc_nano.a(libc_a-sprintf.o)
                0x0000000008007564                siprintf
                0x0000000008007564                sprintf
 .text.__sread  0x00000000080075a4       0x22 C:/ST/STM32CubeIDE_1.12.1/STM32CubeIDE/plugins/com.st.stm32cube.ide.mcu.externaltools.gnu-tools-for-stm32.11.3.rel1.win32_1.1.100.202309141235/tools/bin/../lib/gcc/arm-none-eabi/11.3.1/../../../../arm-none-eabi/lib/thumb/v7e-m+fp/hard\libc_nano.a(libc_a-stdio.o)
                0x00000000080075a4                __sread
 .text.__swrite
                0x00000000080075c6       0x38 C:/ST/STM32CubeIDE_1.12.1/STM32CubeIDE/plugins/com.st.stm32cube.ide.mcu.externaltools.gnu-tools-for-stm32.11.3.rel1.win32_1.1.100.202309141235/tools/bin/../lib/gcc/arm-none-eabi/11.3.1/../../../../arm-none-eabi/lib/thumb/v7e-m+fp/hard\libc_nano.a(libc_a-stdio.o)
                0x00000000080075c6                __swrite
 .text.__sseek  0x00000000080075fe       0x24 C:/ST/STM32CubeIDE_1.12.1/STM32CubeIDE/plugins/com.st.stm32cube.ide.mcu.externaltools.gnu-tools-for-stm32.11.3.rel1.win32_1.1.100.202309141235/tools/bin/../lib/gcc/arm-none-eabi/11.3.1/../../../../arm-none-eabi/lib/thumb/v7e-m+fp/hard\libc_nano.a(libc_a-stdio.o)
                0x00000000080075fe                __sseek
 .text.__sclose
                0x0000000008007622        0x8 C:/ST/STM32CubeIDE_1.12.1/STM32CubeIDE/plugins/com.st.stm32cube.ide.mcu.externaltools.gnu-tools-for-stm32.11.3.rel1.win32_1.1.100.202309141235/tools/bin/../lib/gcc/arm-none-eabi/11.3.1/../../../../arm-none-eabi/lib/thumb/v7e-m+fp/hard\libc_nano.a(libc_a-stdio.o)
                0x0000000008007622                __sclose
 .text.memset   0x000000000800762a       0x10 C:/ST/STM32CubeIDE_1.12.1/STM32CubeIDE/plugins/com.st.stm32cube.ide.mcu.externaltools.gnu-tools-for-stm32.11.3.rel1.win32_1.1.100.202309141235/tools/bin/../lib/gcc/arm-none-eabi/11.3.1/../../../../arm-none-eabi/lib/thumb/v7e-m+fp/hard\libc_nano.a(libc_a-memset.o)
                0x000000000800762a                memset
 *fill*         0x000000000800763a        0x2 
 .text._localeconv_r
                0x000000000800763c        0x8 C:/ST/STM32CubeIDE_1.12.1/STM32CubeIDE/plugins/com.st.stm32cube.ide.mcu.externaltools.gnu-tools-for-stm32.11.3.rel1.win32_1.1.100.202309141235/tools/bin/../lib/gcc/arm-none-eabi/11.3.1/../../../../arm-none-eabi/lib/thumb/v7e-m+fp/hard\libc_nano.a(libc_a-localeconv.o)
                0x000000000800763c                _localeconv_r
 .text._close_r
                0x0000000008007644       0x20 C:/ST/STM32CubeIDE_1.12.1/STM32CubeIDE/plugins/com.st.stm32cube.ide.mcu.externaltools.gnu-tools-for-stm32.11.3.rel1.win32_1.1.100.202309141235/tools/bin/../lib/gcc/arm-none-eabi/11.3.1/../../../../arm-none-eabi/lib/thumb/v7e-m+fp/hard\libc_nano.a(libc_a-closer.o)
                0x0000000008007644                _close_r
 .text._lseek_r
                0x0000000008007664       0x24 C:/ST/STM32CubeIDE_1.12.1/STM32CubeIDE/plugins/com.st.stm32cube.ide.mcu.externaltools.gnu-tools-for-stm32.11.3.rel1.win32_1.1.100.202309141235/tools/bin/../lib/gcc/arm-none-eabi/11.3.1/../../../../arm-none-eabi/lib/thumb/v7e-m+fp/hard\libc_nano.a(libc_a-lseekr.o)
                0x0000000008007664                _lseek_r
 .text._read_r  0x0000000008007688       0x24 C:/ST/STM32CubeIDE_1.12.1/STM32CubeIDE/plugins/com.st.stm32cube.ide.mcu.externaltools.gnu-tools-for-stm32.11.3.rel1.win32_1.1.100.202309141235/tools/bin/../lib/gcc/arm-none-eabi/11.3.1/../../../../arm-none-eabi/lib/thumb/v7e-m+fp/hard\libc_nano.a(libc_a-readr.o)
                0x0000000008007688                _read_r
 .text._sbrk_r  0x00000000080076ac       0x20 C:/ST/STM32CubeIDE_1.12.1/STM32CubeIDE/plugins/com.st.stm32cube.ide.mcu.externaltools.gnu-tools-for-stm32.11.3.rel1.win32_1.1.100.202309141235/tools/bin/../lib/gcc/arm-none-eabi/11.3.1/../../../../arm-none-eabi/lib/thumb/v7e-m+fp/hard\libc_nano.a(libc_a-sbrkr.o)
                0x00000000080076ac                _sbrk_r
 .text._write_r
                0x00000000080076cc       0x24 C:/ST/STM32CubeIDE_1.12.1/STM32CubeIDE/plugins/com.st.stm32cube.ide.mcu.externaltools.gnu-tools-for-stm32.11.3.rel1.win32_1.1.100.202309141235/tools/bin/../lib/gcc/arm-none-eabi/11.3.1/../../../../arm-none-eabi/lib/thumb/v7e-m+fp/hard\libc_nano.a(libc_a-writer.o)
                0x00000000080076cc                _write_r
 .text.__errno  0x00000000080076f0        0xc C:/ST/STM32CubeIDE_1.12.1/STM32CubeIDE/plugins/com.st.stm32cube.ide.mcu.externaltools.gnu-tools-for-stm32.11.3.rel1.win32_1.1.100.202309141235/tools/bin/../lib/gcc/arm-none-eabi/11.3.1/../../../../arm-none-eabi/lib/thumb/v7e-m+fp/hard\libc_nano.a(libc_a-errno.o)
                0x00000000080076f0                __errno
 .text.__libc_init_array
                0x00000000080076fc       0x48 C:/ST/STM32CubeIDE_1.12.1/STM32CubeIDE/plugins/com.st.stm32cube.ide.mcu.externaltools.gnu-tools-for-stm32.11.3.rel1.win32_1.1.100.202309141235/tools/bin/../lib/gcc/arm-none-eabi/11.3.1/../../../../arm-none-eabi/lib/thumb/v7e-m+fp/hard\libc_nano.a(libc_a-init.o)
                0x00000000080076fc                __libc_init_array
 .text.__retarget_lock_init_recursive
                0x0000000008007744        0x2 C:/ST/STM32CubeIDE_1.12.1/STM32CubeIDE/plugins/com.st.stm32cube.ide.mcu.externaltools.gnu-tools-for-stm32.11.3.rel1.win32_1.1.100.202309141235/tools/bin/../lib/gcc/arm-none-eabi/11.3.1/../../../../arm-none-eabi/lib/thumb/v7e-m+fp/hard\libc_nano.a(libc_a-lock.o)
                0x0000000008007744                __retarget_lock_init_recursive
 .text.__retarget_lock_acquire_recursive
                0x0000000008007746        0x2 C:/ST/STM32CubeIDE_1.12.1/STM32CubeIDE/plugins/com.st.stm32cube.ide.mcu.externaltools.gnu-tools-for-stm32.11.3.rel1.win32_1.1.100.202309141235/tools/bin/../lib/gcc/arm-none-eabi/11.3.1/../../../../arm-none-eabi/lib/thumb/v7e-m+fp/hard\libc_nano.a(libc_a-lock.o)
                0x0000000008007746                __retarget_lock_acquire_recursive
 .text.__retarget_lock_release_recursive
                0x0000000008007748        0x2 C:/ST/STM32CubeIDE_1.12.1/STM32CubeIDE/plugins/com.st.stm32cube.ide.mcu.externaltools.gnu-tools-for-stm32.11.3.rel1.win32_1.1.100.202309141235/tools/bin/../lib/gcc/arm-none-eabi/11.3.1/../../../../arm-none-eabi/lib/thumb/v7e-m+fp/hard\libc_nano.a(libc_a-lock.o)
                0x0000000008007748                __retarget_lock_release_recursive
 .text.memcpy   0x000000000800774a       0x1c C:/ST/STM32CubeIDE_1.12.1/STM32CubeIDE/plugins/com.st.stm32cube.ide.mcu.externaltools.gnu-tools-for-stm32.11.3.rel1.win32_1.1.100.202309141235/tools/bin/../lib/gcc/arm-none-eabi/11.3.1/../../../../arm-none-eabi/lib/thumb/v7e-m+fp/hard\libc_nano.a(libc_a-memcpy-stub.o)
                0x000000000800774a                memcpy
 .text.quorem   0x0000000008007766      0x110 C:/ST/STM32CubeIDE_1.12.1/STM32CubeIDE/plugins/com.st.stm32cube.ide.mcu.externaltools.gnu-tools-for-stm32.11.3.rel1.win32_1.1.100.202309141235/tools/bin/../lib/gcc/arm-none-eabi/11.3.1/../../../../arm-none-eabi/lib/thumb/v7e-m+fp/hard\libc_nano.a(libc_a-dtoa.o)
 *fill*         0x0000000008007876        0x2 
 .text._dtoa_r  0x0000000008007878      0xbe4 C:/ST/STM32CubeIDE_1.12.1/STM32CubeIDE/plugins/com.st.stm32cube.ide.mcu.externaltools.gnu-tools-for-stm32.11.3.rel1.win32_1.1.100.202309141235/tools/bin/../lib/gcc/arm-none-eabi/11.3.1/../../../../arm-none-eabi/lib/thumb/v7e-m+fp/hard\libc_nano.a(libc_a-dtoa.o)
                0x0000000008007878                _dtoa_r
 .text._free_r  0x000000000800845c       0x98 C:/ST/STM32CubeIDE_1.12.1/STM32CubeIDE/plugins/com.st.stm32cube.ide.mcu.externaltools.gnu-tools-for-stm32.11.3.rel1.win32_1.1.100.202309141235/tools/bin/../lib/gcc/arm-none-eabi/11.3.1/../../../../arm-none-eabi/lib/thumb/v7e-m+fp/hard\libc_nano.a(libc_a-freer.o)
                0x000000000800845c                _free_r
 .text._Balloc  0x00000000080084f4       0x80 C:/ST/STM32CubeIDE_1.12.1/STM32CubeIDE/plugins/com.st.stm32cube.ide.mcu.externaltools.gnu-tools-for-stm32.11.3.rel1.win32_1.1.100.202309141235/tools/bin/../lib/gcc/arm-none-eabi/11.3.1/../../../../arm-none-eabi/lib/thumb/v7e-m+fp/hard\libc_nano.a(libc_a-mprec.o)
                0x00000000080084f4                _Balloc
 .text._Bfree   0x0000000008008574       0x44 C:/ST/STM32CubeIDE_1.12.1/STM32CubeIDE/plugins/com.st.stm32cube.ide.mcu.externaltools.gnu-tools-for-stm32.11.3.rel1.win32_1.1.100.202309141235/tools/bin/../lib/gcc/arm-none-eabi/11.3.1/../../../../arm-none-eabi/lib/thumb/v7e-m+fp/hard\libc_nano.a(libc_a-mprec.o)
                0x0000000008008574                _Bfree
 .text.__multadd
                0x00000000080085b8       0x8c C:/ST/STM32CubeIDE_1.12.1/STM32CubeIDE/plugins/com.st.stm32cube.ide.mcu.externaltools.gnu-tools-for-stm32.11.3.rel1.win32_1.1.100.202309141235/tools/bin/../lib/gcc/arm-none-eabi/11.3.1/../../../../arm-none-eabi/lib/thumb/v7e-m+fp/hard\libc_nano.a(libc_a-mprec.o)
                0x00000000080085b8                __multadd
 .text.__hi0bits
                0x0000000008008644       0x40 C:/ST/STM32CubeIDE_1.12.1/STM32CubeIDE/plugins/com.st.stm32cube.ide.mcu.externaltools.gnu-tools-for-stm32.11.3.rel1.win32_1.1.100.202309141235/tools/bin/../lib/gcc/arm-none-eabi/11.3.1/../../../../arm-none-eabi/lib/thumb/v7e-m+fp/hard\libc_nano.a(libc_a-mprec.o)
                0x0000000008008644                __hi0bits
 .text.__lo0bits
                0x0000000008008684       0x5a C:/ST/STM32CubeIDE_1.12.1/STM32CubeIDE/plugins/com.st.stm32cube.ide.mcu.externaltools.gnu-tools-for-stm32.11.3.rel1.win32_1.1.100.202309141235/tools/bin/../lib/gcc/arm-none-eabi/11.3.1/../../../../arm-none-eabi/lib/thumb/v7e-m+fp/hard\libc_nano.a(libc_a-mprec.o)
                0x0000000008008684                __lo0bits
 *fill*         0x00000000080086de        0x2 
 .text.__i2b    0x00000000080086e0       0x2c C:/ST/STM32CubeIDE_1.12.1/STM32CubeIDE/plugins/com.st.stm32cube.ide.mcu.externaltools.gnu-tools-for-stm32.11.3.rel1.win32_1.1.100.202309141235/tools/bin/../lib/gcc/arm-none-eabi/11.3.1/../../../../arm-none-eabi/lib/thumb/v7e-m+fp/hard\libc_nano.a(libc_a-mprec.o)
                0x00000000080086e0                __i2b
 .text.__multiply
                0x000000000800870c      0x154 C:/ST/STM32CubeIDE_1.12.1/STM32CubeIDE/plugins/com.st.stm32cube.ide.mcu.externaltools.gnu-tools-for-stm32.11.3.rel1.win32_1.1.100.202309141235/tools/bin/../lib/gcc/arm-none-eabi/11.3.1/../../../../arm-none-eabi/lib/thumb/v7e-m+fp/hard\libc_nano.a(libc_a-mprec.o)
                0x000000000800870c                __multiply
 .text.__pow5mult
                0x0000000008008860       0xb4 C:/ST/STM32CubeIDE_1.12.1/STM32CubeIDE/plugins/com.st.stm32cube.ide.mcu.externaltools.gnu-tools-for-stm32.11.3.rel1.win32_1.1.100.202309141235/tools/bin/../lib/gcc/arm-none-eabi/11.3.1/../../../../arm-none-eabi/lib/thumb/v7e-m+fp/hard\libc_nano.a(libc_a-mprec.o)
                0x0000000008008860                __pow5mult
 .text.__lshift
                0x0000000008008914       0xd8 C:/ST/STM32CubeIDE_1.12.1/STM32CubeIDE/plugins/com.st.stm32cube.ide.mcu.externaltools.gnu-tools-for-stm32.11.3.rel1.win32_1.1.100.202309141235/tools/bin/../lib/gcc/arm-none-eabi/11.3.1/../../../../arm-none-eabi/lib/thumb/v7e-m+fp/hard\libc_nano.a(libc_a-mprec.o)
                0x0000000008008914                __lshift
 .text.__mcmp   0x00000000080089ec       0x38 C:/ST/STM32CubeIDE_1.12.1/STM32CubeIDE/plugins/com.st.stm32cube.ide.mcu.externaltools.gnu-tools-for-stm32.11.3.rel1.win32_1.1.100.202309141235/tools/bin/../lib/gcc/arm-none-eabi/11.3.1/../../../../arm-none-eabi/lib/thumb/v7e-m+fp/hard\libc_nano.a(libc_a-mprec.o)
                0x00000000080089ec                __mcmp
 .text.__mdiff  0x0000000008008a24      0x114 C:/ST/STM32CubeIDE_1.12.1/STM32CubeIDE/plugins/com.st.stm32cube.ide.mcu.externaltools.gnu-tools-for-stm32.11.3.rel1.win32_1.1.100.202309141235/tools/bin/../lib/gcc/arm-none-eabi/11.3.1/../../../../arm-none-eabi/lib/thumb/v7e-m+fp/hard\libc_nano.a(libc_a-mprec.o)
                0x0000000008008a24                __mdiff
 .text.__d2b    0x0000000008008b38       0xb4 C:/ST/STM32CubeIDE_1.12.1/STM32CubeIDE/plugins/com.st.stm32cube.ide.mcu.externaltools.gnu-tools-for-stm32.11.3.rel1.win32_1.1.100.202309141235/tools/bin/../lib/gcc/arm-none-eabi/11.3.1/../../../../arm-none-eabi/lib/thumb/v7e-m+fp/hard\libc_nano.a(libc_a-mprec.o)
                0x0000000008008b38                __d2b
 .text.__ssputs_r
                0x0000000008008bec       0xb4 C:/ST/STM32CubeIDE_1.12.1/STM32CubeIDE/plugins/com.st.stm32cube.ide.mcu.externaltools.gnu-tools-for-stm32.11.3.rel1.win32_1.1.100.202309141235/tools/bin/../lib/gcc/arm-none-eabi/11.3.1/../../../../arm-none-eabi/lib/thumb/v7e-m+fp/hard\libc_nano.a(libc_a-nano-svfprintf.o)
                0x0000000008008bec                __ssputs_r
 .text._svfprintf_r
                0x0000000008008ca0      0x1fc C:/ST/STM32CubeIDE_1.12.1/STM32CubeIDE/plugins/com.st.stm32cube.ide.mcu.externaltools.gnu-tools-for-stm32.11.3.rel1.win32_1.1.100.202309141235/tools/bin/../lib/gcc/arm-none-eabi/11.3.1/../../../../arm-none-eabi/lib/thumb/v7e-m+fp/hard\libc_nano.a(libc_a-nano-svfprintf.o)
                0x0000000008008ca0                _svfiprintf_r
                0x0000000008008ca0                _svfprintf_r
 .text.__sflush_r
                0x0000000008008e9c      0x10c C:/ST/STM32CubeIDE_1.12.1/STM32CubeIDE/plugins/com.st.stm32cube.ide.mcu.externaltools.gnu-tools-for-stm32.11.3.rel1.win32_1.1.100.202309141235/tools/bin/../lib/gcc/arm-none-eabi/11.3.1/../../../../arm-none-eabi/lib/thumb/v7e-m+fp/hard\libc_nano.a(libc_a-fflush.o)
                0x0000000008008e9c                __sflush_r
 .text._fflush_r
                0x0000000008008fa8       0x50 C:/ST/STM32CubeIDE_1.12.1/STM32CubeIDE/plugins/com.st.stm32cube.ide.mcu.externaltools.gnu-tools-for-stm32.11.3.rel1.win32_1.1.100.202309141235/tools/bin/../lib/gcc/arm-none-eabi/11.3.1/../../../../arm-none-eabi/lib/thumb/v7e-m+fp/hard\libc_nano.a(libc_a-fflush.o)
                0x0000000008008fa8                _fflush_r
 .text.memmove  0x0000000008008ff8       0x34 C:/ST/STM32CubeIDE_1.12.1/STM32CubeIDE/plugins/com.st.stm32cube.ide.mcu.externaltools.gnu-tools-for-stm32.11.3.rel1.win32_1.1.100.202309141235/tools/bin/../lib/gcc/arm-none-eabi/11.3.1/../../../../arm-none-eabi/lib/thumb/v7e-m+fp/hard\libc_nano.a(libc_a-memmove.o)
                0x0000000008008ff8                memmove
 .text.__assert_func
                0x000000000800902c       0x3c C:/ST/STM32CubeIDE_1.12.1/STM32CubeIDE/plugins/com.st.stm32cube.ide.mcu.externaltools.gnu-tools-for-stm32.11.3.rel1.win32_1.1.100.202309141235/tools/bin/../lib/gcc/arm-none-eabi/11.3.1/../../../../arm-none-eabi/lib/thumb/v7e-m+fp/hard\libc_nano.a(libc_a-assert.o)
                0x000000000800902c                __assert_func
 .text._calloc_r
                0x0000000008009068       0x2c C:/ST/STM32CubeIDE_1.12.1/STM32CubeIDE/plugins/com.st.stm32cube.ide.mcu.externaltools.gnu-tools-for-stm32.11.3.rel1.win32_1.1.100.202309141235/tools/bin/../lib/gcc/arm-none-eabi/11.3.1/../../../../arm-none-eabi/lib/thumb/v7e-m+fp/hard\libc_nano.a(libc_a-callocr.o)
                0x0000000008009068                _calloc_r
 .text.__ascii_mbtowc
                0x0000000008009094       0x24 C:/ST/STM32CubeIDE_1.12.1/STM32CubeIDE/plugins/com.st.stm32cube.ide.mcu.externaltools.gnu-tools-for-stm32.11.3.rel1.win32_1.1.100.202309141235/tools/bin/../lib/gcc/arm-none-eabi/11.3.1/../../../../arm-none-eabi/lib/thumb/v7e-m+fp/hard\libc_nano.a(libc_a-mbtowc_r.o)
                0x0000000008009094                __ascii_mbtowc
 .text._realloc_r
                0x00000000080090b8       0x5e C:/ST/STM32CubeIDE_1.12.1/STM32CubeIDE/plugins/com.st.stm32cube.ide.mcu.externaltools.gnu-tools-for-stm32.11.3.rel1.win32_1.1.100.202309141235/tools/bin/../lib/gcc/arm-none-eabi/11.3.1/../../../../arm-none-eabi/lib/thumb/v7e-m+fp/hard\libc_nano.a(libc_a-reallocr.o)
                0x00000000080090b8                _realloc_r
 .text.__ascii_wctomb
                0x0000000008009116       0x1a C:/ST/STM32CubeIDE_1.12.1/STM32CubeIDE/plugins/com.st.stm32cube.ide.mcu.externaltools.gnu-tools-for-stm32.11.3.rel1.win32_1.1.100.202309141235/tools/bin/../lib/gcc/arm-none-eabi/11.3.1/../../../../arm-none-eabi/lib/thumb/v7e-m+fp/hard\libc_nano.a(libc_a-wctomb_r.o)
                0x0000000008009116                __ascii_wctomb
 .text.fprintf  0x0000000008009130       0x24 C:/ST/STM32CubeIDE_1.12.1/STM32CubeIDE/plugins/com.st.stm32cube.ide.mcu.externaltools.gnu-tools-for-stm32.11.3.rel1.win32_1.1.100.202309141235/tools/bin/../lib/gcc/arm-none-eabi/11.3.1/../../../../arm-none-eabi/lib/thumb/v7e-m+fp/hard\libc_nano.a(libc_a-fprintf.o)
                0x0000000008009130                fiprintf
                0x0000000008009130                fprintf
 .text.abort    0x0000000008009154        0xe C:/ST/STM32CubeIDE_1.12.1/STM32CubeIDE/plugins/com.st.stm32cube.ide.mcu.externaltools.gnu-tools-for-stm32.11.3.rel1.win32_1.1.100.202309141235/tools/bin/../lib/gcc/arm-none-eabi/11.3.1/../../../../arm-none-eabi/lib/thumb/v7e-m+fp/hard\libc_nano.a(libc_a-abort.o)
                0x0000000008009154                abort
 .text._malloc_usable_size_r
                0x0000000008009162       0x10 C:/ST/STM32CubeIDE_1.12.1/STM32CubeIDE/plugins/com.st.stm32cube.ide.mcu.externaltools.gnu-tools-for-stm32.11.3.rel1.win32_1.1.100.202309141235/tools/bin/../lib/gcc/arm-none-eabi/11.3.1/../../../../arm-none-eabi/lib/thumb/v7e-m+fp/hard\libc_nano.a(libc_a-msizer.o)
                0x0000000008009162                _malloc_usable_size_r
 .text.__sfputc_r
                0x0000000008009172       0x2e C:/ST/STM32CubeIDE_1.12.1/STM32CubeIDE/plugins/com.st.stm32cube.ide.mcu.externaltools.gnu-tools-for-stm32.11.3.rel1.win32_1.1.100.202309141235/tools/bin/../lib/gcc/arm-none-eabi/11.3.1/../../../../arm-none-eabi/lib/thumb/v7e-m+fp/hard\libc_nano.a(libc_a-nano-vfprintf.o)
 .text.__sfputs_r
                0x00000000080091a0       0x24 C:/ST/STM32CubeIDE_1.12.1/STM32CubeIDE/plugins/com.st.stm32cube.ide.mcu.externaltools.gnu-tools-for-stm32.11.3.rel1.win32_1.1.100.202309141235/tools/bin/../lib/gcc/arm-none-eabi/11.3.1/../../../../arm-none-eabi/lib/thumb/v7e-m+fp/hard\libc_nano.a(libc_a-nano-vfprintf.o)
                0x00000000080091a0                __sfputs_r
 .text._vfprintf_r
                0x00000000080091c4      0x234 C:/ST/STM32CubeIDE_1.12.1/STM32CubeIDE/plugins/com.st.stm32cube.ide.mcu.externaltools.gnu-tools-for-stm32.11.3.rel1.win32_1.1.100.202309141235/tools/bin/../lib/gcc/arm-none-eabi/11.3.1/../../../../arm-none-eabi/lib/thumb/v7e-m+fp/hard\libc_nano.a(libc_a-nano-vfprintf.o)
                0x00000000080091c4                _vfprintf_r
                0x00000000080091c4                _vfiprintf_r
 .text.__swbuf_r
                0x00000000080093f8       0x7a C:/ST/STM32CubeIDE_1.12.1/STM32CubeIDE/plugins/com.st.stm32cube.ide.mcu.externaltools.gnu-tools-for-stm32.11.3.rel1.win32_1.1.100.202309141235/tools/bin/../lib/gcc/arm-none-eabi/11.3.1/../../../../arm-none-eabi/lib/thumb/v7e-m+fp/hard\libc_nano.a(libc_a-wbuf.o)
                0x00000000080093f8                __swbuf_r
 *fill*         0x0000000008009472        0x2 
 .text.__swsetup_r
                0x0000000008009474       0xb0 C:/ST/STM32CubeIDE_1.12.1/STM32CubeIDE/plugins/com.st.stm32cube.ide.mcu.externaltools.gnu-tools-for-stm32.11.3.rel1.win32_1.1.100.202309141235/tools/bin/../lib/gcc/arm-none-eabi/11.3.1/../../../../arm-none-eabi/lib/thumb/v7e-m+fp/hard\libc_nano.a(libc_a-wsetup.o)
                0x0000000008009474                __swsetup_r
 .text._raise_r
                0x0000000008009524       0x50 C:/ST/STM32CubeIDE_1.12.1/STM32CubeIDE/plugins/com.st.stm32cube.ide.mcu.externaltools.gnu-tools-for-stm32.11.3.rel1.win32_1.1.100.202309141235/tools/bin/../lib/gcc/arm-none-eabi/11.3.1/../../../../arm-none-eabi/lib/thumb/v7e-m+fp/hard\libc_nano.a(libc_a-signal.o)
                0x0000000008009524                _raise_r
 .text.raise    0x0000000008009574       0x10 C:/ST/STM32CubeIDE_1.12.1/STM32CubeIDE/plugins/com.st.stm32cube.ide.mcu.externaltools.gnu-tools-for-stm32.11.3.rel1.win32_1.1.100.202309141235/tools/bin/../lib/gcc/arm-none-eabi/11.3.1/../../../../arm-none-eabi/lib/thumb/v7e-m+fp/hard\libc_nano.a(libc_a-signal.o)
                0x0000000008009574                raise
 .text._kill_r  0x0000000008009584       0x24 C:/ST/STM32CubeIDE_1.12.1/STM32CubeIDE/plugins/com.st.stm32cube.ide.mcu.externaltools.gnu-tools-for-stm32.11.3.rel1.win32_1.1.100.202309141235/tools/bin/../lib/gcc/arm-none-eabi/11.3.1/../../../../arm-none-eabi/lib/thumb/v7e-m+fp/hard\libc_nano.a(libc_a-signalr.o)
                0x0000000008009584                _kill_r
 .text._getpid_r
                0x00000000080095a8        0x4 C:/ST/STM32CubeIDE_1.12.1/STM32CubeIDE/plugins/com.st.stm32cube.ide.mcu.externaltools.gnu-tools-for-stm32.11.3.rel1.win32_1.1.100.202309141235/tools/bin/../lib/gcc/arm-none-eabi/11.3.1/../../../../arm-none-eabi/lib/thumb/v7e-m+fp/hard\libc_nano.a(libc_a-signalr.o)
                0x00000000080095a8                _getpid_r
 .text.__swhatbuf_r
                0x00000000080095ac       0x4c C:/ST/STM32CubeIDE_1.12.1/STM32CubeIDE/plugins/com.st.stm32cube.ide.mcu.externaltools.gnu-tools-for-stm32.11.3.rel1.win32_1.1.100.202309141235/tools/bin/../lib/gcc/arm-none-eabi/11.3.1/../../../../arm-none-eabi/lib/thumb/v7e-m+fp/hard\libc_nano.a(libc_a-makebuf.o)
                0x00000000080095ac                __swhatbuf_r
 .text.__smakebuf_r
                0x00000000080095f8       0x78 C:/ST/STM32CubeIDE_1.12.1/STM32CubeIDE/plugins/com.st.stm32cube.ide.mcu.externaltools.gnu-tools-for-stm32.11.3.rel1.win32_1.1.100.202309141235/tools/bin/../lib/gcc/arm-none-eabi/11.3.1/../../../../arm-none-eabi/lib/thumb/v7e-m+fp/hard\libc_nano.a(libc_a-makebuf.o)
                0x00000000080095f8                __smakebuf_r
 .text._fstat_r
                0x0000000008009670       0x24 C:/ST/STM32CubeIDE_1.12.1/STM32CubeIDE/plugins/com.st.stm32cube.ide.mcu.externaltools.gnu-tools-for-stm32.11.3.rel1.win32_1.1.100.202309141235/tools/bin/../lib/gcc/arm-none-eabi/11.3.1/../../../../arm-none-eabi/lib/thumb/v7e-m+fp/hard\libc_nano.a(libc_a-fstatr.o)
                0x0000000008009670                _fstat_r
 .text._isatty_r
                0x0000000008009694       0x20 C:/ST/STM32CubeIDE_1.12.1/STM32CubeIDE/plugins/com.st.stm32cube.ide.mcu.externaltools.gnu-tools-for-stm32.11.3.rel1.win32_1.1.100.202309141235/tools/bin/../lib/gcc/arm-none-eabi/11.3.1/../../../../arm-none-eabi/lib/thumb/v7e-m+fp/hard\libc_nano.a(libc_a-isattyr.o)
                0x0000000008009694                _isatty_r
 *(.glue_7)
 .glue_7        0x00000000080096b4        0x0 linker stubs
 *(.glue_7t)
 .glue_7t       0x00000000080096b4        0x0 linker stubs
 *(.eh_frame)
 .eh_frame      0x00000000080096b4        0x0 C:/ST/STM32CubeIDE_1.12.1/STM32CubeIDE/plugins/com.st.stm32cube.ide.mcu.externaltools.gnu-tools-for-stm32.11.3.rel1.win32_1.1.100.202309141235/tools/bin/../lib/gcc/arm-none-eabi/11.3.1/thumb/v7e-m+fp/hard/crtbegin.o
 *(.init)
 .init          0x00000000080096b4        0x4 C:/ST/STM32CubeIDE_1.12.1/STM32CubeIDE/plugins/com.st.stm32cube.ide.mcu.externaltools.gnu-tools-for-stm32.11.3.rel1.win32_1.1.100.202309141235/tools/bin/../lib/gcc/arm-none-eabi/11.3.1/thumb/v7e-m+fp/hard/crti.o
                0x00000000080096b4                _init
 .init          0x00000000080096b8        0x8 C:/ST/STM32CubeIDE_1.12.1/STM32CubeIDE/plugins/com.st.stm32cube.ide.mcu.externaltools.gnu-tools-for-stm32.11.3.rel1.win32_1.1.100.202309141235/tools/bin/../lib/gcc/arm-none-eabi/11.3.1/thumb/v7e-m+fp/hard/crtn.o
 *(.fini)
 .fini          0x00000000080096c0        0x4 C:/ST/STM32CubeIDE_1.12.1/STM32CubeIDE/plugins/com.st.stm32cube.ide.mcu.externaltools.gnu-tools-for-stm32.11.3.rel1.win32_1.1.100.202309141235/tools/bin/../lib/gcc/arm-none-eabi/11.3.1/thumb/v7e-m+fp/hard/crti.o
                0x00000000080096c0                _fini
 .fini          0x00000000080096c4        0x8 C:/ST/STM32CubeIDE_1.12.1/STM32CubeIDE/plugins/com.st.stm32cube.ide.mcu.externaltools.gnu-tools-for-stm32.11.3.rel1.win32_1.1.100.202309141235/tools/bin/../lib/gcc/arm-none-eabi/11.3.1/thumb/v7e-m+fp/hard/crtn.o
                0x00000000080096cc                . = ALIGN (0x4)
                0x00000000080096cc                _etext = .

.vfp11_veneer   0x00000000080096cc        0x0
 .vfp11_veneer  0x00000000080096cc        0x0 linker stubs

.v4_bx          0x00000000080096cc        0x0
 .v4_bx         0x00000000080096cc        0x0 linker stubs

.iplt           0x00000000080096cc        0x0
 .iplt          0x00000000080096cc        0x0 C:/ST/STM32CubeIDE_1.12.1/STM32CubeIDE/plugins/com.st.stm32cube.ide.mcu.externaltools.gnu-tools-for-stm32.11.3.rel1.win32_1.1.100.202309141235/tools/bin/../lib/gcc/arm-none-eabi/11.3.1/thumb/v7e-m+fp/hard/crtbegin.o

.rodata         0x00000000080096d0      0x424
                0x00000000080096d0                . = ALIGN (0x4)
 *(.rodata)
 .rodata        0x00000000080096d0       0x47 ./Core/Src/main.o
 *fill*         0x0000000008009717        0x1 
 .rodata        0x0000000008009718       0x56 ./Core/Src/usbd_desc.o
 *(.rodata*)
 *fill*         0x000000000800976e        0x2 
 .rodata.AHBPrescTable
                0x0000000008009770       0x10 ./Core/Src/system_stm32f4xx.o
                0x0000000008009770                AHBPrescTable
 .rodata._printf_float.str1.1
                0x0000000008009780       0x12 C:/ST/STM32CubeIDE_1.12.1/STM32CubeIDE/plugins/com.st.stm32cube.ide.mcu.externaltools.gnu-tools-for-stm32.11.3.rel1.win32_1.1.100.202309141235/tools/bin/../lib/gcc/arm-none-eabi/11.3.1/../../../../arm-none-eabi/lib/thumb/v7e-m+fp/hard\libc_nano.a(libc_a-nano-vfprintf_float.o)
 .rodata._printf_i.str1.1
                0x0000000008009792       0x22 C:/ST/STM32CubeIDE_1.12.1/STM32CubeIDE/plugins/com.st.stm32cube.ide.mcu.externaltools.gnu-tools-for-stm32.11.3.rel1.win32_1.1.100.202309141235/tools/bin/../lib/gcc/arm-none-eabi/11.3.1/../../../../arm-none-eabi/lib/thumb/v7e-m+fp/hard\libc_nano.a(libc_a-nano-vfprintf_i.o)
 .rodata._dtoa_r.str1.1
                0x00000000080097b4       0x8d C:/ST/STM32CubeIDE_1.12.1/STM32CubeIDE/plugins/com.st.stm32cube.ide.mcu.externaltools.gnu-tools-for-stm32.11.3.rel1.win32_1.1.100.202309141235/tools/bin/../lib/gcc/arm-none-eabi/11.3.1/../../../../arm-none-eabi/lib/thumb/v7e-m+fp/hard\libc_nano.a(libc_a-dtoa.o)
                                         0x8f (size before relaxing)
 .rodata._Balloc.str1.1
                0x0000000008009841       0x59 C:/ST/STM32CubeIDE_1.12.1/STM32CubeIDE/plugins/com.st.stm32cube.ide.mcu.externaltools.gnu-tools-for-stm32.11.3.rel1.win32_1.1.100.202309141235/tools/bin/../lib/gcc/arm-none-eabi/11.3.1/../../../../arm-none-eabi/lib/thumb/v7e-m+fp/hard\libc_nano.a(libc_a-mprec.o)
                                         0x70 (size before relaxing)
 .rodata.__multadd.str1.1
                0x000000000800989a       0x11 C:/ST/STM32CubeIDE_1.12.1/STM32CubeIDE/plugins/com.st.stm32cube.ide.mcu.externaltools.gnu-tools-for-stm32.11.3.rel1.win32_1.1.100.202309141235/tools/bin/../lib/gcc/arm-none-eabi/11.3.1/../../../../arm-none-eabi/lib/thumb/v7e-m+fp/hard\libc_nano.a(libc_a-mprec.o)
 *fill*         0x000000000800989a        0x6 
 .rodata.__mprec_bigtens
                0x00000000080098a0       0x28 C:/ST/STM32CubeIDE_1.12.1/STM32CubeIDE/plugins/com.st.stm32cube.ide.mcu.externaltools.gnu-tools-for-stm32.11.3.rel1.win32_1.1.100.202309141235/tools/bin/../lib/gcc/arm-none-eabi/11.3.1/../../../../arm-none-eabi/lib/thumb/v7e-m+fp/hard\libc_nano.a(libc_a-mprec.o)
                0x00000000080098a0                __mprec_bigtens
 .rodata.__mprec_tens
                0x00000000080098c8       0xc8 C:/ST/STM32CubeIDE_1.12.1/STM32CubeIDE/plugins/com.st.stm32cube.ide.mcu.externaltools.gnu-tools-for-stm32.11.3.rel1.win32_1.1.100.202309141235/tools/bin/../lib/gcc/arm-none-eabi/11.3.1/../../../../arm-none-eabi/lib/thumb/v7e-m+fp/hard\libc_nano.a(libc_a-mprec.o)
                0x00000000080098c8                __mprec_tens
 .rodata.p05.0  0x0000000008009990        0xc C:/ST/STM32CubeIDE_1.12.1/STM32CubeIDE/plugins/com.st.stm32cube.ide.mcu.externaltools.gnu-tools-for-stm32.11.3.rel1.win32_1.1.100.202309141235/tools/bin/../lib/gcc/arm-none-eabi/11.3.1/../../../../arm-none-eabi/lib/thumb/v7e-m+fp/hard\libc_nano.a(libc_a-mprec.o)
 .rodata._svfprintf_r.str1.1
                0x000000000800999c       0x11 C:/ST/STM32CubeIDE_1.12.1/STM32CubeIDE/plugins/com.st.stm32cube.ide.mcu.externaltools.gnu-tools-for-stm32.11.3.rel1.win32_1.1.100.202309141235/tools/bin/../lib/gcc/arm-none-eabi/11.3.1/../../../../arm-none-eabi/lib/thumb/v7e-m+fp/hard\libc_nano.a(libc_a-nano-svfprintf.o)
 .rodata._setlocale_r.str1.1
                0x00000000080099ad        0x8 C:/ST/STM32CubeIDE_1.12.1/STM32CubeIDE/plugins/com.st.stm32cube.ide.mcu.externaltools.gnu-tools-for-stm32.11.3.rel1.win32_1.1.100.202309141235/tools/bin/../lib/gcc/arm-none-eabi/11.3.1/../../../../arm-none-eabi/lib/thumb/v7e-m+fp/hard\libc_nano.a(libc_a-locale.o)
                                          0x9 (size before relaxing)
 .rodata.str1.1
                0x00000000080099b5        0x2 C:/ST/STM32CubeIDE_1.12.1/STM32CubeIDE/plugins/com.st.stm32cube.ide.mcu.externaltools.gnu-tools-for-stm32.11.3.rel1.win32_1.1.100.202309141235/tools/bin/../lib/gcc/arm-none-eabi/11.3.1/../../../../arm-none-eabi/lib/thumb/v7e-m+fp/hard\libc_nano.a(libc_a-locale.o)
 .rodata.__assert_func.str1.1
                0x00000000080099b7       0x3c C:/ST/STM32CubeIDE_1.12.1/STM32CubeIDE/plugins/com.st.stm32cube.ide.mcu.externaltools.gnu-tools-for-stm32.11.3.rel1.win32_1.1.100.202309141235/tools/bin/../lib/gcc/arm-none-eabi/11.3.1/../../../../arm-none-eabi/lib/thumb/v7e-m+fp/hard\libc_nano.a(libc_a-assert.o)
                                         0x3d (size before relaxing)
 .rodata._ctype_
                0x00000000080099f3      0x101 C:/ST/STM32CubeIDE_1.12.1/STM32CubeIDE/plugins/com.st.stm32cube.ide.mcu.externaltools.gnu-tools-for-stm32.11.3.rel1.win32_1.1.100.202309141235/tools/bin/../lib/gcc/arm-none-eabi/11.3.1/../../../../arm-none-eabi/lib/thumb/v7e-m+fp/hard\libc_nano.a(libc_a-ctype_.o)
                0x00000000080099f3                _ctype_
 .rodata._vfprintf_r.str1.1
                0x0000000008009af4       0x11 C:/ST/STM32CubeIDE_1.12.1/STM32CubeIDE/plugins/com.st.stm32cube.ide.mcu.externaltools.gnu-tools-for-stm32.11.3.rel1.win32_1.1.100.202309141235/tools/bin/../lib/gcc/arm-none-eabi/11.3.1/../../../../arm-none-eabi/lib/thumb/v7e-m+fp/hard\libc_nano.a(libc_a-nano-vfprintf.o)
                0x0000000008009b08                . = ALIGN (0x4)

.rel.dyn        0x0000000008009af4        0x0
 .rel.iplt      0x0000000008009af4        0x0 C:/ST/STM32CubeIDE_1.12.1/STM32CubeIDE/plugins/com.st.stm32cube.ide.mcu.externaltools.gnu-tools-for-stm32.11.3.rel1.win32_1.1.100.202309141235/tools/bin/../lib/gcc/arm-none-eabi/11.3.1/thumb/v7e-m+fp/hard/crtbegin.o

.ARM.extab      0x0000000008009af4        0x0
                0x0000000008009af4                . = ALIGN (0x4)
 *(.ARM.extab* .gnu.linkonce.armextab.*)
                0x0000000008009af4                . = ALIGN (0x4)

.ARM            0x0000000008009af4        0x0
                0x0000000008009af4                . = ALIGN (0x4)
                0x0000000008009af4                __exidx_start = .
 *(.ARM.exidx*)
                0x0000000008009af4                __exidx_end = .
                0x0000000008009af4                . = ALIGN (0x4)

.preinit_array  0x0000000008009af4        0x0
                0x0000000008009af4                . = ALIGN (0x4)
                0x0000000008009af4                PROVIDE (__preinit_array_start = .)
 *(.preinit_array*)
                0x0000000008009af4                PROVIDE (__preinit_array_end = .)
                0x0000000008009af4                . = ALIGN (0x4)

.init_array     0x0000000008009af4        0x4
                0x0000000008009af4                . = ALIGN (0x4)
                0x0000000008009af4                PROVIDE (__init_array_start = .)
 *(SORT_BY_NAME(.init_array.*))
 *(.init_array*)
 .init_array    0x0000000008009af4        0x4 C:/ST/STM32CubeIDE_1.12.1/STM32CubeIDE/plugins/com.st.stm32cube.ide.mcu.externaltools.gnu-tools-for-stm32.11.3.rel1.win32_1.1.100.202309141235/tools/bin/../lib/gcc/arm-none-eabi/11.3.1/thumb/v7e-m+fp/hard/crtbegin.o
                0x0000000008009af8                PROVIDE (__init_array_end = .)
                0x0000000008009af8                . = ALIGN (0x4)

.fini_array     0x0000000008009af8        0x4
                0x0000000008009af8                . = ALIGN (0x4)
                [!provide]                        PROVIDE (__fini_array_start = .)
 *(SORT_BY_NAME(.fini_array.*))
 *(.fini_array*)
 .fini_array    0x0000000008009af8        0x4 C:/ST/STM32CubeIDE_1.12.1/STM32CubeIDE/plugins/com.st.stm32cube.ide.mcu.externaltools.gnu-tools-for-stm32.11.3.rel1.win32_1.1.100.202309141235/tools/bin/../lib/gcc/arm-none-eabi/11.3.1/thumb/v7e-m+fp/hard/crtbegin.o
                [!provide]                        PROVIDE (__fini_array_end = .)
                0x0000000008009afc                . = ALIGN (0x4)
                0x0000000008009afc                _sidata = LOADADDR (.data)

.data           0x0000000020000000      0x320 load address 0x0000000008009afc
                0x0000000020000000                . = ALIGN (0x4)
                0x0000000020000000                _sdata = .
 *(.data)
 *(.data*)
 .data.SystemCoreClock
                0x0000000020000000        0x4 ./Core/Src/system_stm32f4xx.o
                0x0000000020000000                SystemCoreClock
 .data.USBD_CDC_DeviceQualifierDesc
                0x0000000020000004        0xa ./Core/Src/usbd_cdc.o
 *fill*         0x000000002000000e        0x2 
 .data.USBD_CDC
                0x0000000020000010       0x38 ./Core/Src/usbd_cdc.o
                0x0000000020000010                USBD_CDC
 .data.USBD_CDC_CfgHSDesc
                0x0000000020000048       0x43 ./Core/Src/usbd_cdc.o
                0x0000000020000048                USBD_CDC_CfgHSDesc
 *fill*         0x000000002000008b        0x1 
 .data.USBD_CDC_CfgFSDesc
                0x000000002000008c       0x43 ./Core/Src/usbd_cdc.o
                0x000000002000008c                USBD_CDC_CfgFSDesc
 *fill*         0x00000000200000cf        0x1 
 .data.USBD_CDC_OtherSpeedCfgDesc
                0x00000000200000d0       0x43 ./Core/Src/usbd_cdc.o
                0x00000000200000d0                USBD_CDC_OtherSpeedCfgDesc
 *fill*         0x0000000020000113        0x1 
 .data.USBD_Interface_fops_FS
                0x0000000020000114       0x10 ./Core/Src/usbd_cdc_if.o
                0x0000000020000114                USBD_Interface_fops_FS
 .data.FS_Desc  0x0000000020000124       0x1c ./Core/Src/usbd_desc.o
                0x0000000020000124                FS_Desc
 .data.USBD_FS_DeviceDesc
                0x0000000020000140       0x12 ./Core/Src/usbd_desc.o
                0x0000000020000140                USBD_FS_DeviceDesc
 *fill*         0x0000000020000152        0x2 
 .data.USBD_LangIDDesc
                0x0000000020000154        0x4 ./Core/Src/usbd_desc.o
                0x0000000020000154                USBD_LangIDDesc
 .data.__sglue  0x0000000020000158        0xc C:/ST/STM32CubeIDE_1.12.1/STM32CubeIDE/plugins/com.st.stm32cube.ide.mcu.externaltools.gnu-tools-for-stm32.11.3.rel1.win32_1.1.100.202309141235/tools/bin/../lib/gcc/arm-none-eabi/11.3.1/../../../../arm-none-eabi/lib/thumb/v7e-m+fp/hard\libc_nano.a(libc_a-findfp.o)
                0x0000000020000158                __sglue
 .data._impure_data
                0x0000000020000164       0x4c C:/ST/STM32CubeIDE_1.12.1/STM32CubeIDE/plugins/com.st.stm32cube.ide.mcu.externaltools.gnu-tools-for-stm32.11.3.rel1.win32_1.1.100.202309141235/tools/bin/../lib/gcc/arm-none-eabi/11.3.1/../../../../arm-none-eabi/lib/thumb/v7e-m+fp/hard\libc_nano.a(libc_a-impure.o)
                0x0000000020000164                _impure_data
 .data._impure_ptr
                0x00000000200001b0        0x4 C:/ST/STM32CubeIDE_1.12.1/STM32CubeIDE/plugins/com.st.stm32cube.ide.mcu.externaltools.gnu-tools-for-stm32.11.3.rel1.win32_1.1.100.202309141235/tools/bin/../lib/gcc/arm-none-eabi/11.3.1/../../../../arm-none-eabi/lib/thumb/v7e-m+fp/hard\libc_nano.a(libc_a-impure.o)
                0x00000000200001b0                _impure_ptr
 .data.__global_locale
                0x00000000200001b4      0x16c C:/ST/STM32CubeIDE_1.12.1/STM32CubeIDE/plugins/com.st.stm32cube.ide.mcu.externaltools.gnu-tools-for-stm32.11.3.rel1.win32_1.1.100.202309141235/tools/bin/../lib/gcc/arm-none-eabi/11.3.1/../../../../arm-none-eabi/lib/thumb/v7e-m+fp/hard\libc_nano.a(libc_a-locale.o)
                0x00000000200001b4                __global_locale
 *(.RamFunc)
 *(.RamFunc*)
                0x0000000020000320                . = ALIGN (0x4)
                0x0000000020000320                _edata = .
                0x0000000008009e1c                _siccmram = LOADADDR (.ccmram)

.igot.plt       0x0000000020000320        0x0 load address 0x0000000008009e1c
 .igot.plt      0x0000000020000320        0x0 C:/ST/STM32CubeIDE_1.12.1/STM32CubeIDE/plugins/com.st.stm32cube.ide.mcu.externaltools.gnu-tools-for-stm32.11.3.rel1.win32_1.1.100.202309141235/tools/bin/../lib/gcc/arm-none-eabi/11.3.1/thumb/v7e-m+fp/hard/crtbegin.o

.ccmram         0x0000000010000000        0x0 load address 0x0000000008009e1c
                0x0000000010000000                . = ALIGN (0x4)
                0x0000000010000000                _sccmram = .
 *(.ccmram)
 *(.ccmram*)
                0x0000000010000000                . = ALIGN (0x4)
                0x0000000010000000                _eccmram = .
                0x0000000010000000                . = ALIGN (0x4)

.bss            0x0000000020000320     0x1060
                0x0000000020000320                _sbss = .
                0x0000000020000320                __bss_start__ = _sbss
 *(.bss)
 .bss           0x0000000020000320       0x1c C:/ST/STM32CubeIDE_1.12.1/STM32CubeIDE/plugins/com.st.stm32cube.ide.mcu.externaltools.gnu-tools-for-stm32.11.3.rel1.win32_1.1.100.202309141235/tools/bin/../lib/gcc/arm-none-eabi/11.3.1/thumb/v7e-m+fp/hard/crtbegin.o
 *(.bss*)
 .bss.SD_type   0x000000002000033c        0x1 ./Core/Src/main.o
                0x000000002000033c                SD_type
 *fill*         0x000000002000033d        0x3 
 .bss.SectorBuffer
                0x0000000020000340      0x200 ./Core/Src/main.o
                0x0000000020000340                SectorBuffer
 .bss.Fat32Enabled
                0x0000000020000540        0x1 ./Core/Src/main.o
                0x0000000020000540                Fat32Enabled
 *fill*         0x0000000020000541        0x3 
 .bss.FirstDataSector
                0x0000000020000544        0x4 ./Core/Src/main.o
                0x0000000020000544                FirstDataSector
 .bss.SectorsPerCluster
                0x0000000020000548        0x2 ./Core/Src/main.o
                0x0000000020000548                SectorsPerCluster
 *fill*         0x000000002000054a        0x2 
 .bss.FirstFATSector
                0x000000002000054c        0x4 ./Core/Src/main.o
                0x000000002000054c                FirstFATSector
 .bss.FirstFAT2Sector
                0x0000000020000550        0x4 ./Core/Src/main.o
                0x0000000020000550                FirstFAT2Sector
 .bss.FirstDirCluster
                0x0000000020000554        0x4 ./Core/Src/main.o
                0x0000000020000554                FirstDirCluster
 .bss.con_PI1   0x0000000020000558       0x38 ./Core/Src/main.o
                0x0000000020000558                con_PI1
 .bss.str       0x0000000020000590       0x40 ./Core/Src/main.o
                0x0000000020000590                str
 .bss.enc1      0x00000000200005d0        0x4 ./Core/Src/main.o
                0x00000000200005d0                enc1
 .bss.enc1_p    0x00000000200005d4        0x4 ./Core/Src/main.o
                0x00000000200005d4                enc1_p
 .bss.enc2      0x00000000200005d8        0x2 ./Core/Src/main.o
                0x00000000200005d8                enc2
 .bss.enc2_p    0x00000000200005da        0x2 ./Core/Src/main.o
                0x00000000200005da                enc2_p
 .bss.enc3      0x00000000200005dc        0x2 ./Core/Src/main.o
                0x00000000200005dc                enc3
 .bss.enc3_p    0x00000000200005de        0x2 ./Core/Src/main.o
                0x00000000200005de                enc3_p
 .bss.theta1    0x00000000200005e0        0x4 ./Core/Src/main.o
                0x00000000200005e0                theta1
 .bss.d_theta1  0x00000000200005e4        0x4 ./Core/Src/main.o
                0x00000000200005e4                d_theta1
 .bss.enc_cnt   0x00000000200005e8        0x2 ./Core/Src/main.o
                0x00000000200005e8                enc_cnt
 .bss.enc_cnt_prev
                0x00000000200005ea        0x2 ./Core/Src/main.o
                0x00000000200005ea                enc_cnt_prev
 .bss.enc_diff  0x00000000200005ec        0x2 ./Core/Src/main.o
                0x00000000200005ec                enc_diff
 *fill*         0x00000000200005ee        0x2 
 .bss.clock_cnt
                0x00000000200005f0        0x4 ./Core/Src/main.o
                0x00000000200005f0                clock_cnt
 .bss.clock_cnt_prev
                0x00000000200005f4        0x4 ./Core/Src/main.o