../Drivers/CMSIS/Include/core_cm4.h:1688:22:__NVIC_EnableIRQ	16	static
../Drivers/CMSIS/Include/core_cm4.h:1724:22:__NVIC_DisableIRQ	16	static,ignoring_inline_asm
../Core/Src/main.c:484:5:main	4120	static
../Core/Src/main.c:962:6:TIM8_UP_TIM13_IRQHandler	24	static
../Core/Src/main.c:1099:6:calculate_interpolation7	56	static
../Core/Src/main.c:1128:6:calculate_interpolation1	56	static
../Core/Src/main.c:1151:6:RCC_Configuration	4	static
../Core/Src/main.c:1231:6:SystemClock_Config	4	static
../Core/Src/main.c:1241:6:DWT_Init	4	static
../Core/Src/main.c:1252:6:DWT_us_Delay	24	static
../Core/Src/main.c:1258:6:DWT_ms_Delay	24	static
../Core/Src/main.c:1266:6:UsbPutString	24	static
../Core/Src/main.c:1283:6:Timer1_PWM_dir_Init	4	static
../Core/Src/main.c:1368:6:Timer2_Encoder_Init	4	static
../Core/Src/main.c:1438:6:Timer3_Encoder_Init	4	static
../Core/Src/main.c:1498:6:Timer4_Encoder_Init	4	static
../Core/Src/main.c:1548:6:Timer8_Interrupt_Init	8	static
../Core/Src/main.c:1573:6:LED_SW_Init	4	static
../Core/Src/main.c:1592:6:con_PI1_Init	4	static
../Core/Src/main.c:1610:6:con_PI_calc	16	static
../Core/Src/main.c:1625:7:modulo	16	static
../Core/Src/main.c:1635:6:SPI1_Init	4	static
../Core/Src/main.c:1667:9:SPI1_Transfer	16	static
../Core/Src/main.c:1673:6:SD_Init	40	static
../Core/Src/main.c:1826:6:SD_command	24	static
../Core/Src/main.c:1850:6:SD_read_sector	32	static
../Core/Src/main.c:1876:6:FAT32_Init	40	static
../Core/Src/main.c:1948:9:fatGetDirEntry	40	static
../Core/Src/main.c:2008:10:fatDir	24	static
../Core/Src/main.c:2028:10:fatNextCluster	552	static
../Core/Src/main.c:2060:10:fatClustToSect	16	static
../Core/Src/main.c:2072:9:Get_long_filename	40	static
../Core/Src/main.c:2137:6:Save_short_filename	16	static
../Core/Src/main.c:2174:6:Save_long_filename	544	static
../Core/Src/main.c:2216:6:Filename_arrange	16	static
../Core/Src/main.c:2250:6:UTF16CharToUTF8	16	static
../Core/Src/main.c:2288:6:USART3_Init	4	static
../Core/Src/main.c:2343:6:TX3_Char	16	static
../Core/Src/main.c:2349:6:TX3_PutString	16	static
../Core/Src/main.c:2357:6:Get_EPnK_param	536	static
../Core/Src/main.c:2376:6:Get_Transition_param	616	dynamic
../Core/Src/main.c:2471:6:Error_Handler	4	static
